/home/pavt1024/vsn/mate/mate/environment.py:105: UserWarning: [33mWARN: Override configuration "reward_type" with `'dense'`.[0m
  gym.logger.warn(f'Override configuration "{prefix}{key}" with `{value!r}`.')
/home/pavt1024/vsn/mate/mate/environment.py:105: UserWarning: [33mWARN: Override configuration "shuffle_entities" with `False`.[0m
  gym.logger.warn(f'Override configuration "{prefix}{key}" with `{value!r}`.')
/home/pavt1024/vsn/mate/ray/tune/callback.py:236: FutureWarning: Please update `setup` method in callback `<class 'examples.utils.callbacks.WandbLoggerCallback'>` to match the method signature in `ray.tune.callback.Callback`.
  warnings.warn(
2026-08-25 19:35:55,145	INFO wandb.py:171 -- Already logged into W&B.
2026-08-25 19:35:55,511	INFO trial_runner.py:803 -- starting QPLEX_FOCUS_mate-qplex_focus.camera_8400e_00000
wandb: WARNING `start_method` is deprecated and will be removed in a future version of wandb. This setting is currently non-functional and safely ignored.
[2m[36m(QPlexFocusTrainer pid=301387)[0m /home/pavt1024/vsn/mate/mate/environment.py:105: UserWarning: [33mWARN: Override configuration "reward_type" with `'dense'`.[0m
[2m[36m(QPlexFocusTrainer pid=301387)[0m   gym.logger.warn(f'Override configuration "{prefix}{key}" with `{value!r}`.')
[2m[36m(QPlexFocusTrainer pid=301387)[0m /home/pavt1024/vsn/mate/mate/environment.py:105: UserWarning: [33mWARN: Override configuration "shuffle_entities" with `False`.[0m
[2m[36m(QPlexFocusTrainer pid=301387)[0m   gym.logger.warn(f'Override configuration "{prefix}{key}" with `{value!r}`.')
[2m[36m(QPlexFocusTrainer pid=301387)[0m 2026-08-25 19:35:59,985	INFO simple_q.py:161 -- In multi-agent mode, policies will be optimized sequentially by the multi-GPU optimizer. Consider setting `simple_optimizer=True` if this doesn't work for you.
[2m[36m(QPlexFocusTrainer pid=301387)[0m 2026-08-25 19:35:59,986	INFO trainer.py:864 -- Current log_level is WARN. For more information, set 'log_level': 'INFO' / 'DEBUG' or use the -v and -vv flags.
[2m[36m(RolloutWorker pid=301432)[0m /home/pavt1024/vsn/mate/mate/environment.py:105: UserWarning: [33mWARN: Override configuration "reward_type" with `'dense'`.[0m
[2m[36m(RolloutWorker pid=301432)[0m   gym.logger.warn(f'Override configuration "{prefix}{key}" with `{value!r}`.')
[2m[36m(RolloutWorker pid=301432)[0m /home/pavt1024/vsn/mate/mate/environment.py:105: UserWarning: [33mWARN: Override configuration "shuffle_entities" with `False`.[0m
[2m[36m(RolloutWorker pid=301432)[0m   gym.logger.warn(f'Override configuration "{prefix}{key}" with `{value!r}`.')
[2m[36m(QPlexFocusTrainer pid=301387)[0m 2026-08-25 19:36:18,822	INFO trainable.py:152 -- Trainable.setup took 18.842 seconds. If your trainable is slow to initialize, consider setting reuse_actors=True to reduce actor creation overheads.
[2m[36m(QPlexFocusTrainer pid=301387)[0m 2026-08-25 19:36:18,823	WARNING util.py:60 -- Install gputil for GPU system monitoring.
[2m[36m(RolloutWorker pid=301432)[0m /home/pavt1024/vsn/mate/ray/rllib/agents/qplex_focus/qplex_policy.py:2191: UserWarning: The given NumPy array is not writable, and PyTorch does not support non-writable tensors. This means writing to this tensor will result in undefined behavior. You may want to copy the array to protect its data or make it writable before converting it to a tensor. This type of warning will be suppressed for the rest of this program. (Triggered internally at ../torch/csrc/utils/tensor_numpy.cpp:199.)
[2m[36m(RolloutWorker pid=301432)[0m   k: torch.as_tensor(v, device=self.device) for k, v in state_dict.items()
[2m[36m(QPlexFocusTrainer pid=301387)[0m /home/pavt1024/miniconda3/envs/mate/lib/python3.9/site-packages/torch/nn/functional.py:1956: UserWarning: nn.functional.tanh is deprecated. Use torch.tanh instead.
[2m[36m(QPlexFocusTrainer pid=301387)[0m   warnings.warn("nn.functional.tanh is deprecated. Use torch.tanh instead.")
2026-08-25 19:40:23,185	WARNING util.py:171 -- The `process_trial_result` operation took 0.533 s, which may be a performance bottleneck.
2026-08-25 19:59:01,143	WARNING util.py:171 -- The `process_trial_save` operation took 260.874 s, which may be a performance bottleneck.
2026-08-25 20:04:51,643	WARNING util.py:171 -- The `callbacks.on_trial_result` operation took 0.710 s, which may be a performance bottleneck.
2026-08-25 20:04:51,701	WARNING util.py:171 -- The `process_trial_result` operation took 0.798 s, which may be a performance bottleneck.
2026-08-25 20:04:51,702	WARNING util.py:171 -- Processing trial results took 0.799 s, which may be a performance bottleneck. Please consider reporting results less frequently to Ray Tune.
2026-08-25 20:04:51,702	WARNING util.py:171 -- The `process_trial_result` operation took 0.835 s, which may be a performance bottleneck.
2026-08-25 20:26:30,523	WARNING util.py:171 -- The `process_trial_save` operation took 297.141 s, which may be a performance bottleneck.
2026-08-25 20:29:44,791	WARNING util.py:171 -- The `on_step_begin` operation took 3.235 s, which may be a performance bottleneck.
2026-08-25 20:32:30,892	WARNING util.py:171 -- The `callbacks.on_trial_result` operation took 1.063 s, which may be a performance bottleneck.
2026-08-25 20:32:30,934	WARNING util.py:171 -- The `process_trial_result` operation took 1.181 s, which may be a performance bottleneck.
2026-08-25 20:32:30,934	WARNING util.py:171 -- Processing trial results took 1.181 s, which may be a performance bottleneck. Please consider reporting results less frequently to Ray Tune.
2026-08-25 20:32:30,934	WARNING util.py:171 -- The `process_trial_result` operation took 1.283 s, which may be a performance bottleneck.
*** SIGTERM received at time=1787665301 on cpu 7 ***
*** SIGTERM received at time=1787665301 on cpu 2 ***
PC: @     0x76c0fc11bbca  (unknown)  __read
PC: @     0x76c0fc098e51  (unknown)  (unknown)
    @     0x76c0fc045330  493958864  (unknown)
    @     0x76c0fc045330  493951984  (unknown)
    @     0x76c0fc09bd6e        224  pthread_cond_timedwait
    @           0x59f61b  (unknown)  _Py_read
    @     0x76c0cf41ad13        144  ray::core::GetRequest::Wait()
    @     0x76c0cf41bf07        368  ray::core::CoreWorkerMemoryStore::GetImpl()
    @     0x76c0cf41cf9e        256  ray::core::CoreWorkerMemoryStore::Wait()
    @     0x76c0cf3953a7        368  ray::core::CoreWorker::Wait()
    @     0x76c0cf2ca283        288  __pyx_pw_3ray_7_raylet_10CoreWorker_41wait()
[2026-08-25 20:41:41,841 E 301388 300959] logging.cc:325: *** SIGTERM received at time=1787665301 on cpu 2 ***
[2026-08-25 20:41:41,863 E 301388 300959] logging.cc:325: PC: @     0x76c0fc11bbca  (unknown)  __read
[2026-08-25 20:41:41,863 E 301388 300959] logging.cc:325:     @     0x76c0fc045330  493951984  (unknown)
[2026-08-25 20:41:41,863 E 301388 300959] logging.cc:325:     @           0x59f61b  (unknown)  _Py_read
    @           0x4f9896  (unknown)  method_vectorcall_VARARGS_KEYWORDS
    @           0x738180  (unknown)  (unknown)
[2026-08-25 20:41:41,874 E 300959 300959] logging.cc:325: *** SIGTERM received at time=1787665301 on cpu 7 ***
[2026-08-25 20:41:41,883 E 300959 300959] logging.cc:325: PC: @     0x76c0fc098e51  (unknown)  (unknown)
[2026-08-25 20:41:41,883 E 300959 300959] logging.cc:325:     @     0x76c0fc045330  493958864  (unknown)
[2026-08-25 20:41:41,883 E 300959 300959] logging.cc:325:     @     0x76c0fc09bd6e        224  pthread_cond_timedwait
[2026-08-25 20:41:41,883 E 300959 300959] logging.cc:325:     @     0x76c0cf41ad13        144  ray::core::GetRequest::Wait()
[2026-08-25 20:41:41,883 E 300959 300959] logging.cc:325:     @     0x76c0cf41bf07        368  ray::core::CoreWorkerMemoryStore::GetImpl()
[2026-08-25 20:41:41,883 E 300959 300959] logging.cc:325:     @     0x76c0cf41cf9e        256  ray::core::CoreWorkerMemoryStore::Wait()
[2026-08-25 20:41:41,883 E 300959 300959] logging.cc:325:     @     0x76c0cf3953a7        368  ray::core::CoreWorker::Wait()
[2026-08-25 20:41:41,883 E 300959 300959] logging.cc:325:     @     0x76c0cf2ca283        288  __pyx_pw_3ray_7_raylet_10CoreWorker_41wait()
[2026-08-25 20:41:41,883 E 300959 300959] logging.cc:325:     @           0x4f9896  (unknown)  method_vectorcall_VARARGS_KEYWORDS
[2026-08-25 20:41:41,894 E 300959 300959] logging.cc:325:     @           0x738180  (unknown)  (unknown)
