/home/pavt1024/vsn/mate/mate/environment.py:105: UserWarning: [33mWARN: Override configuration "reward_type" with `'dense'`.[0m
  gym.logger.warn(f'Override configuration "{prefix}{key}" with `{value!r}`.')
/home/pavt1024/vsn/mate/mate/environment.py:105: UserWarning: [33mWARN: Override configuration "shuffle_entities" with `False`.[0m
  gym.logger.warn(f'Override configuration "{prefix}{key}" with `{value!r}`.')
/home/pavt1024/vsn/mate/ray/tune/callback.py:236: FutureWarning: Please update `setup` method in callback `<class 'examples.utils.callbacks.WandbLoggerCallback'>` to match the method signature in `ray.tune.callback.Callback`.
  warnings.warn(
2026-08-25 18:43:04,989	INFO wandb.py:171 -- Already logged into W&B.
2026-08-25 18:43:05,493	INFO trial_runner.py:803 -- starting QPLEX_FOCUS_mate-qplex_focus.camera_226ef_00000
wandb: WARNING `start_method` is deprecated and will be removed in a future version of wandb. This setting is currently non-functional and safely ignored.
[2m[36m(QPlexFocusTrainer pid=289069)[0m /home/pavt1024/vsn/mate/mate/environment.py:105: UserWarning: [33mWARN: Override configuration "reward_type" with `'dense'`.[0m
[2m[36m(QPlexFocusTrainer pid=289069)[0m   gym.logger.warn(f'Override configuration "{prefix}{key}" with `{value!r}`.')
[2m[36m(QPlexFocusTrainer pid=289069)[0m /home/pavt1024/vsn/mate/mate/environment.py:105: UserWarning: [33mWARN: Override configuration "shuffle_entities" with `False`.[0m
[2m[36m(QPlexFocusTrainer pid=289069)[0m   gym.logger.warn(f'Override configuration "{prefix}{key}" with `{value!r}`.')
[2m[36m(QPlexFocusTrainer pid=289069)[0m 2026-08-25 18:43:09,860	INFO simple_q.py:161 -- In multi-agent mode, policies will be optimized sequentially by the multi-GPU optimizer. Consider setting `simple_optimizer=True` if this doesn't work for you.
[2m[36m(QPlexFocusTrainer pid=289069)[0m 2026-08-25 18:43:09,861	INFO trainer.py:864 -- Current log_level is WARN. For more information, set 'log_level': 'INFO' / 'DEBUG' or use the -v and -vv flags.
[2m[36m(RolloutWorker pid=289147)[0m /home/pavt1024/vsn/mate/mate/environment.py:105: UserWarning: [33mWARN: Override configuration "reward_type" with `'dense'`.[0m
[2m[36m(RolloutWorker pid=289147)[0m   gym.logger.warn(f'Override configuration "{prefix}{key}" with `{value!r}`.')
[2m[36m(RolloutWorker pid=289147)[0m /home/pavt1024/vsn/mate/mate/environment.py:105: UserWarning: [33mWARN: Override configuration "shuffle_entities" with `False`.[0m
[2m[36m(RolloutWorker pid=289147)[0m   gym.logger.warn(f'Override configuration "{prefix}{key}" with `{value!r}`.')
[2m[36m(QPlexFocusTrainer pid=289069)[0m 2026-08-25 18:43:21,406	INFO trainable.py:152 -- Trainable.setup took 11.559 seconds. If your trainable is slow to initialize, consider setting reuse_actors=True to reduce actor creation overheads.
[2m[36m(QPlexFocusTrainer pid=289069)[0m 2026-08-25 18:43:21,409	WARNING util.py:60 -- Install gputil for GPU system monitoring.
[2m[36m(RolloutWorker pid=289147)[0m /home/pavt1024/vsn/mate/ray/rllib/agents/qplex_focus/qplex_policy.py:2188: UserWarning: The given NumPy array is not writable, and PyTorch does not support non-writable tensors. This means writing to this tensor will result in undefined behavior. You may want to copy the array to protect its data or make it writable before converting it to a tensor. This type of warning will be suppressed for the rest of this program. (Triggered internally at ../torch/csrc/utils/tensor_numpy.cpp:199.)
[2m[36m(RolloutWorker pid=289147)[0m   k: torch.as_tensor(v, device=self.device) for k, v in state_dict.items()
[2m[36m(QPlexFocusTrainer pid=289069)[0m /home/pavt1024/miniconda3/envs/mate/lib/python3.9/site-packages/torch/nn/functional.py:1956: UserWarning: nn.functional.tanh is deprecated. Use torch.tanh instead.
[2m[36m(QPlexFocusTrainer pid=289069)[0m   warnings.warn("nn.functional.tanh is deprecated. Use torch.tanh instead.")
2026-08-25 18:44:26,982	ERROR trial_runner.py:876 -- Trial QPLEX_FOCUS_mate-qplex_focus.camera_226ef_00000: Error processing event.
NoneType: None
2026-08-25 18:44:27,047	INFO trial_runner.py:1239 -- Trial QPLEX_FOCUS_mate-qplex_focus.camera_226ef_00000: Attempting to restore trial state from last checkpoint.
2026-08-25 18:44:28,692	INFO trial_runner.py:803 -- starting QPLEX_FOCUS_mate-qplex_focus.camera_226ef_00000
wandb: WARNING `start_method` is deprecated and will be removed in a future version of wandb. This setting is currently non-functional and safely ignored.
[2m[36m(QPlexFocusTrainer pid=289339)[0m /home/pavt1024/vsn/mate/mate/environment.py:105: UserWarning: [33mWARN: Override configuration "reward_type" with `'dense'`.[0m
[2m[36m(QPlexFocusTrainer pid=289339)[0m   gym.logger.warn(f'Override configuration "{prefix}{key}" with `{value!r}`.')
[2m[36m(QPlexFocusTrainer pid=289339)[0m /home/pavt1024/vsn/mate/mate/environment.py:105: UserWarning: [33mWARN: Override configuration "shuffle_entities" with `False`.[0m
[2m[36m(QPlexFocusTrainer pid=289339)[0m   gym.logger.warn(f'Override configuration "{prefix}{key}" with `{value!r}`.')
[2m[36m(QPlexFocusTrainer pid=289339)[0m 2026-08-25 18:44:38,115	INFO simple_q.py:161 -- In multi-agent mode, policies will be optimized sequentially by the multi-GPU optimizer. Consider setting `simple_optimizer=True` if this doesn't work for you.
[2m[36m(QPlexFocusTrainer pid=289339)[0m 2026-08-25 18:44:38,115	INFO trainer.py:864 -- Current log_level is WARN. For more information, set 'log_level': 'INFO' / 'DEBUG' or use the -v and -vv flags.
[2m[36m(RolloutWorker pid=289386)[0m /home/pavt1024/vsn/mate/mate/environment.py:105: UserWarning: [33mWARN: Override configuration "reward_type" with `'dense'`.[0m
[2m[36m(RolloutWorker pid=289386)[0m   gym.logger.warn(f'Override configuration "{prefix}{key}" with `{value!r}`.')
[2m[36m(RolloutWorker pid=289386)[0m /home/pavt1024/vsn/mate/mate/environment.py:105: UserWarning: [33mWARN: Override configuration "shuffle_entities" with `False`.[0m
[2m[36m(RolloutWorker pid=289386)[0m   gym.logger.warn(f'Override configuration "{prefix}{key}" with `{value!r}`.')
[2m[36m(QPlexFocusTrainer pid=289339)[0m 2026-08-25 18:44:52,099	INFO trainable.py:152 -- Trainable.setup took 13.995 seconds. If your trainable is slow to initialize, consider setting reuse_actors=True to reduce actor creation overheads.
[2m[36m(QPlexFocusTrainer pid=289339)[0m 2026-08-25 18:44:52,101	WARNING util.py:60 -- Install gputil for GPU system monitoring.
[2m[36m(RolloutWorker pid=289386)[0m /home/pavt1024/vsn/mate/ray/rllib/agents/qplex_focus/qplex_policy.py:2188: UserWarning: The given NumPy array is not writable, and PyTorch does not support non-writable tensors. This means writing to this tensor will result in undefined behavior. You may want to copy the array to protect its data or make it writable before converting it to a tensor. This type of warning will be suppressed for the rest of this program. (Triggered internally at ../torch/csrc/utils/tensor_numpy.cpp:199.)
[2m[36m(RolloutWorker pid=289386)[0m   k: torch.as_tensor(v, device=self.device) for k, v in state_dict.items()
[2m[36m(QPlexFocusTrainer pid=289339)[0m /home/pavt1024/miniconda3/envs/mate/lib/python3.9/site-packages/torch/nn/functional.py:1956: UserWarning: nn.functional.tanh is deprecated. Use torch.tanh instead.
[2m[36m(QPlexFocusTrainer pid=289339)[0m   warnings.warn("nn.functional.tanh is deprecated. Use torch.tanh instead.")
2026-08-25 18:45:46,710	ERROR trial_runner.py:876 -- Trial QPLEX_FOCUS_mate-qplex_focus.camera_226ef_00000: Error processing event.
NoneType: None
2026-08-25 18:45:46,716	INFO trial_runner.py:1239 -- Trial QPLEX_FOCUS_mate-qplex_focus.camera_226ef_00000: Attempting to restore trial state from last checkpoint.
2026-08-25 18:45:47,213	INFO trial_runner.py:803 -- starting QPLEX_FOCUS_mate-qplex_focus.camera_226ef_00000
wandb: WARNING `start_method` is deprecated and will be removed in a future version of wandb. This setting is currently non-functional and safely ignored.
[2m[36m(QPlexFocusTrainer pid=289488)[0m /home/pavt1024/vsn/mate/mate/environment.py:105: UserWarning: [33mWARN: Override configuration "reward_type" with `'dense'`.[0m
[2m[36m(QPlexFocusTrainer pid=289488)[0m   gym.logger.warn(f'Override configuration "{prefix}{key}" with `{value!r}`.')
[2m[36m(QPlexFocusTrainer pid=289488)[0m /home/pavt1024/vsn/mate/mate/environment.py:105: UserWarning: [33mWARN: Override configuration "shuffle_entities" with `False`.[0m
[2m[36m(QPlexFocusTrainer pid=289488)[0m   gym.logger.warn(f'Override configuration "{prefix}{key}" with `{value!r}`.')
[2m[36m(QPlexFocusTrainer pid=289488)[0m 2026-08-25 18:45:54,808	INFO simple_q.py:161 -- In multi-agent mode, policies will be optimized sequentially by the multi-GPU optimizer. Consider setting `simple_optimizer=True` if this doesn't work for you.
[2m[36m(QPlexFocusTrainer pid=289488)[0m 2026-08-25 18:45:54,808	INFO trainer.py:864 -- Current log_level is WARN. For more information, set 'log_level': 'INFO' / 'DEBUG' or use the -v and -vv flags.
[2m[36m(RolloutWorker pid=289532)[0m /home/pavt1024/vsn/mate/mate/environment.py:105: UserWarning: [33mWARN: Override configuration "reward_type" with `'dense'`.[0m
[2m[36m(RolloutWorker pid=289532)[0m   gym.logger.warn(f'Override configuration "{prefix}{key}" with `{value!r}`.')
[2m[36m(RolloutWorker pid=289532)[0m /home/pavt1024/vsn/mate/mate/environment.py:105: UserWarning: [33mWARN: Override configuration "shuffle_entities" with `False`.[0m
[2m[36m(RolloutWorker pid=289532)[0m   gym.logger.warn(f'Override configuration "{prefix}{key}" with `{value!r}`.')
[2m[36m(QPlexFocusTrainer pid=289488)[0m 2026-08-25 18:46:04,986	INFO trainable.py:152 -- Trainable.setup took 10.188 seconds. If your trainable is slow to initialize, consider setting reuse_actors=True to reduce actor creation overheads.
[2m[36m(QPlexFocusTrainer pid=289488)[0m 2026-08-25 18:46:04,987	WARNING util.py:60 -- Install gputil for GPU system monitoring.
[2m[36m(RolloutWorker pid=289532)[0m /home/pavt1024/vsn/mate/ray/rllib/agents/qplex_focus/qplex_policy.py:2188: UserWarning: The given NumPy array is not writable, and PyTorch does not support non-writable tensors. This means writing to this tensor will result in undefined behavior. You may want to copy the array to protect its data or make it writable before converting it to a tensor. This type of warning will be suppressed for the rest of this program. (Triggered internally at ../torch/csrc/utils/tensor_numpy.cpp:199.)
[2m[36m(RolloutWorker pid=289532)[0m   k: torch.as_tensor(v, device=self.device) for k, v in state_dict.items()
[2m[36m(QPlexFocusTrainer pid=289488)[0m /home/pavt1024/miniconda3/envs/mate/lib/python3.9/site-packages/torch/nn/functional.py:1956: UserWarning: nn.functional.tanh is deprecated. Use torch.tanh instead.
[2m[36m(QPlexFocusTrainer pid=289488)[0m   warnings.warn("nn.functional.tanh is deprecated. Use torch.tanh instead.")
2026-08-25 18:47:01,199	ERROR trial_runner.py:876 -- Trial QPLEX_FOCUS_mate-qplex_focus.camera_226ef_00000: Error processing event.
NoneType: None
2026-08-25 18:47:01,202	INFO trial_runner.py:1239 -- Trial QPLEX_FOCUS_mate-qplex_focus.camera_226ef_00000: Attempting to restore trial state from last checkpoint.
2026-08-25 18:47:01,376	INFO trial_runner.py:803 -- starting QPLEX_FOCUS_mate-qplex_focus.camera_226ef_00000
wandb: WARNING `start_method` is deprecated and will be removed in a future version of wandb. This setting is currently non-functional and safely ignored.
[2m[36m(QPlexFocusTrainer pid=289599)[0m /home/pavt1024/vsn/mate/mate/environment.py:105: UserWarning: [33mWARN: Override configuration "reward_type" with `'dense'`.[0m
[2m[36m(QPlexFocusTrainer pid=289599)[0m   gym.logger.warn(f'Override configuration "{prefix}{key}" with `{value!r}`.')
[2m[36m(QPlexFocusTrainer pid=289599)[0m /home/pavt1024/vsn/mate/mate/environment.py:105: UserWarning: [33mWARN: Override configuration "shuffle_entities" with `False`.[0m
[2m[36m(QPlexFocusTrainer pid=289599)[0m   gym.logger.warn(f'Override configuration "{prefix}{key}" with `{value!r}`.')
[2m[36m(QPlexFocusTrainer pid=289599)[0m 2026-08-25 18:47:06,833	INFO simple_q.py:161 -- In multi-agent mode, policies will be optimized sequentially by the multi-GPU optimizer. Consider setting `simple_optimizer=True` if this doesn't work for you.
[2m[36m(QPlexFocusTrainer pid=289599)[0m 2026-08-25 18:47:06,833	INFO trainer.py:864 -- Current log_level is WARN. For more information, set 'log_level': 'INFO' / 'DEBUG' or use the -v and -vv flags.
[2m[36m(RolloutWorker pid=289644)[0m /home/pavt1024/vsn/mate/mate/environment.py:105: UserWarning: [33mWARN: Override configuration "reward_type" with `'dense'`.[0m
[2m[36m(RolloutWorker pid=289644)[0m   gym.logger.warn(f'Override configuration "{prefix}{key}" with `{value!r}`.')
[2m[36m(RolloutWorker pid=289644)[0m /home/pavt1024/vsn/mate/mate/environment.py:105: UserWarning: [33mWARN: Override configuration "shuffle_entities" with `False`.[0m
[2m[36m(RolloutWorker pid=289644)[0m   gym.logger.warn(f'Override configuration "{prefix}{key}" with `{value!r}`.')
[2m[36m(QPlexFocusTrainer pid=289599)[0m 2026-08-25 18:47:19,164	INFO trainable.py:152 -- Trainable.setup took 12.335 seconds. If your trainable is slow to initialize, consider setting reuse_actors=True to reduce actor creation overheads.
[2m[36m(QPlexFocusTrainer pid=289599)[0m 2026-08-25 18:47:19,165	WARNING util.py:60 -- Install gputil for GPU system monitoring.
[2m[36m(RolloutWorker pid=289644)[0m /home/pavt1024/vsn/mate/ray/rllib/agents/qplex_focus/qplex_policy.py:2188: UserWarning: The given NumPy array is not writable, and PyTorch does not support non-writable tensors. This means writing to this tensor will result in undefined behavior. You may want to copy the array to protect its data or make it writable before converting it to a tensor. This type of warning will be suppressed for the rest of this program. (Triggered internally at ../torch/csrc/utils/tensor_numpy.cpp:199.)
[2m[36m(RolloutWorker pid=289644)[0m   k: torch.as_tensor(v, device=self.device) for k, v in state_dict.items()
*** SIGTERM received at time=1787658478 on cpu 5 ***
*** SIGTERM received at time=1787658478 on cpu 4 ***
*** SIGTERM received at time=1787658478 on cpu 6 ***
*** SIGTERM received at time=1787658478 on cpu 0 ***
*** SIGTERM received at time=1787658478 on cpu 6 ***
PC: @     0x72814a91bbca  (unknown)  __read
    @     0x72814a845330  (unknown)  (unknown)
PC: @     0x72814a898e51  (unknown)  (unknown)
    @     0x72814a845330  (unknown)  (unknown)
PC: @     0x72814a91bbca  (unknown)  __read
    @     0x72814a845330  (unknown)  (unknown)
    @     0x72814a89bd6e        224  pthread_cond_timedwait
PC: @     0x72814a91bbca  (unknown)  __read
PC: @     0x72814a91bbca  (unknown)  __read
    @     0x72814a845330  (unknown)  (unknown)
    @     0x72814a845330  (unknown)  (unknown)
    @           0x59f61b  (unknown)  _Py_read
    @           0x59f61b  (unknown)  _Py_read
    @           0x59f61b  (unknown)  _Py_read
[2026-08-25 18:47:58,693 E 289600 288641] logging.cc:325: *** SIGTERM received at time=1787658478 on cpu 5 ***
[2026-08-25 18:47:58,695 E 289600 288641] logging.cc:325: PC: @     0x72814a91bbca  (unknown)  __read
    @           0x59f61b  (unknown)  _Py_read
[2026-08-25 18:47:58,696 E 289600 288641] logging.cc:325:     @     0x72814a845330  (unknown)  (unknown)
[2026-08-25 18:47:58,696 E 289600 288641] logging.cc:325:     @           0x59f61b  (unknown)  _Py_read
[2026-08-25 18:47:58,694 E 289487 288641] logging.cc:325: *** SIGTERM received at time=1787658478 on cpu 4 ***
[2026-08-25 18:47:58,704 E 289487 288641] logging.cc:325: PC: @     0x72814a91bbca  (unknown)  __read
[2026-08-25 18:47:58,704 E 289487 288641] logging.cc:325:     @     0x72814a845330  (unknown)  (unknown)
[2026-08-25 18:47:58,704 E 289487 288641] logging.cc:325:     @           0x59f61b  (unknown)  _Py_read
[2026-08-25 18:47:58,708 E 289340 288641] logging.cc:325: *** SIGTERM received at time=1787658478 on cpu 0 ***
[2026-08-25 18:47:58,710 E 289340 288641] logging.cc:325: PC: @     0x72814a91bbca  (unknown)  __read
[2026-08-25 18:47:58,710 E 289340 288641] logging.cc:325:     @     0x72814a845330  (unknown)  (unknown)
[2026-08-25 18:47:58,710 E 289340 288641] logging.cc:325:     @           0x59f61b  (unknown)  _Py_read
    @     0x72811de1ad13        144  ray::core::GetRequest::Wait()
[2026-08-25 18:47:58,707 E 289070 288641] logging.cc:325: *** SIGTERM received at time=1787658478 on cpu 6 ***
[2026-08-25 18:47:58,719 E 289070 288641] logging.cc:325: PC: @     0x72814a91bbca  (unknown)  __read
[2026-08-25 18:47:58,719 E 289070 288641] logging.cc:325:     @     0x72814a845330  (unknown)  (unknown)
[2026-08-25 18:47:58,719 E 289070 288641] logging.cc:325:     @           0x59f61b  (unknown)  _Py_read
    @     0x72811de1bf07        368  ray::core::CoreWorkerMemoryStore::GetImpl()
    @     0x72811de1cf9e        256  ray::core::CoreWorkerMemoryStore::Wait()
    @     0x72811dd953a7        368  ray::core::CoreWorker::Wait()
    @     0x72811dcca283        288  __pyx_pw_3ray_7_raylet_10CoreWorker_41wait()
    @           0x4f9896  (unknown)  method_vectorcall_VARARGS_KEYWORDS
    @           0x738180  (unknown)  (unknown)
[2026-08-25 18:47:58,753 E 288641 288641] logging.cc:325: *** SIGTERM received at time=1787658478 on cpu 6 ***
[2026-08-25 18:47:58,760 E 288641 288641] logging.cc:325: PC: @     0x72814a898e51  (unknown)  (unknown)
[2026-08-25 18:47:58,761 E 288641 288641] logging.cc:325:     @     0x72814a845330  (unknown)  (unknown)
[2026-08-25 18:47:58,761 E 288641 288641] logging.cc:325:     @     0x72814a89bd6e        224  pthread_cond_timedwait
[2026-08-25 18:47:58,761 E 288641 288641] logging.cc:325:     @     0x72811de1ad13        144  ray::core::GetRequest::Wait()
[2026-08-25 18:47:58,761 E 288641 288641] logging.cc:325:     @     0x72811de1bf07        368  ray::core::CoreWorkerMemoryStore::GetImpl()
[2026-08-25 18:47:58,761 E 288641 288641] logging.cc:325:     @     0x72811de1cf9e        256  ray::core::CoreWorkerMemoryStore::Wait()
[2026-08-25 18:47:58,761 E 288641 288641] logging.cc:325:     @     0x72811dd953a7        368  ray::core::CoreWorker::Wait()
[2026-08-25 18:47:58,761 E 288641 288641] logging.cc:325:     @     0x72811dcca283        288  __pyx_pw_3ray_7_raylet_10CoreWorker_41wait()
[2026-08-25 18:47:58,761 E 288641 288641] logging.cc:325:     @           0x4f9896  (unknown)  method_vectorcall_VARARGS_KEYWORDS
[2026-08-25 18:47:58,774 E 288641 288641] logging.cc:325:     @           0x738180  (unknown)  (unknown)
