NUM_GPUS_FOR_TRAINER: 1
Resume checkpoint: False
Num ray gpus: 1.0
== Status ==
Current time: 2026-08-25 20:44:30 (running for 00:00:05.59)
Memory usage on this node: 1.6/5.8 GiB
Using FIFO scheduling algorithm.
Resources requested: 2.0/8 CPUs, 1.0/1 GPUs, 0.0/3.02 GiB heap, 0.0/1.51 GiB objects
Result logdir: /home/pavt1024/vsn/mate/outputs/qplex_focus_ctde_local_belief_v9_local_student_4v8_9_100k_5120_w1_b200/QPLEX_FOCUS
Number of trials: 1/1 (1 RUNNING)


== Status ==
Current time: 2026-08-25 20:44:30 (running for 00:00:05.61)
Memory usage on this node: 1.6/5.8 GiB
Using FIFO scheduling algorithm.
Resources requested: 0/8 CPUs, 0/1 GPUs, 0.0/3.02 GiB heap, 0.0/1.51 GiB objects
Result logdir: /home/pavt1024/vsn/mate/outputs/qplex_focus_ctde_local_belief_v9_local_student_4v8_9_100k_5120_w1_b200/QPLEX_FOCUS
Number of trials: 1/1 (1 PENDING)
Number of errored trials: 1
+-------------------------------------------------+--------------+-----------------------------------------------------------------------------------------------------------------------------------------------------------------------------------------------------------+
| Trial name                                      |   # failures | error file                                                                                                                                                                                                |
|-------------------------------------------------+--------------+-----------------------------------------------------------------------------------------------------------------------------------------------------------------------------------------------------------|
| QPLEX_FOCUS_mate-qplex_focus.camera_15076_00000 |            1 | /home/pavt1024/vsn/mate/outputs/qplex_focus_ctde_local_belief_v9_local_student_4v8_9_100k_5120_w1_b200/QPLEX_FOCUS/QPLEX_FOCUS_mate-qplex_focus.camera_15076_00000_0_seed=0_2026-08-25_20-44-24/error.txt |
+-------------------------------------------------+--------------+-----------------------------------------------------------------------------------------------------------------------------------------------------------------------------------------------------------+

== Status ==
Current time: 2026-08-25 20:44:35 (running for 00:00:10.71)
Memory usage on this node: 1.6/5.8 GiB
Using FIFO scheduling algorithm.
Resources requested: 0/8 CPUs, 0/1 GPUs, 0.0/3.02 GiB heap, 0.0/1.51 GiB objects
Result logdir: /home/pavt1024/vsn/mate/outputs/qplex_focus_ctde_local_belief_v9_local_student_4v8_9_100k_5120_w1_b200/QPLEX_FOCUS
Number of trials: 1/1 (1 PENDING)
Number of errored trials: 1
+-------------------------------------------------+--------------+-----------------------------------------------------------------------------------------------------------------------------------------------------------------------------------------------------------+
| Trial name                                      |   # failures | error file                                                                                                                                                                                                |
|-------------------------------------------------+--------------+-----------------------------------------------------------------------------------------------------------------------------------------------------------------------------------------------------------|
| QPLEX_FOCUS_mate-qplex_focus.camera_15076_00000 |            2 | /home/pavt1024/vsn/mate/outputs/qplex_focus_ctde_local_belief_v9_local_student_4v8_9_100k_5120_w1_b200/QPLEX_FOCUS/QPLEX_FOCUS_mate-qplex_focus.camera_15076_00000_0_seed=0_2026-08-25_20-44-24/error.txt |
+-------------------------------------------------+--------------+-----------------------------------------------------------------------------------------------------------------------------------------------------------------------------------------------------------+

== Status ==
Current time: 2026-08-25 20:44:45 (running for 00:00:20.67)
Memory usage on this node: 1.6/5.8 GiB
Using FIFO scheduling algorithm.
Resources requested: 2.0/8 CPUs, 1.0/1 GPUs, 0.0/3.02 GiB heap, 0.0/1.51 GiB objects
Result logdir: /home/pavt1024/vsn/mate/outputs/qplex_focus_ctde_local_belief_v9_local_student_4v8_9_100k_5120_w1_b200/QPLEX_FOCUS
Number of trials: 1/1 (1 RUNNING)
Number of errored trials: 1
+-------------------------------------------------+--------------+-----------------------------------------------------------------------------------------------------------------------------------------------------------------------------------------------------------+
| Trial name                                      |   # failures | error file                                                                                                                                                                                                |
|-------------------------------------------------+--------------+-----------------------------------------------------------------------------------------------------------------------------------------------------------------------------------------------------------|
| QPLEX_FOCUS_mate-qplex_focus.camera_15076_00000 |            3 | /home/pavt1024/vsn/mate/outputs/qplex_focus_ctde_local_belief_v9_local_student_4v8_9_100k_5120_w1_b200/QPLEX_FOCUS/QPLEX_FOCUS_mate-qplex_focus.camera_15076_00000_0_seed=0_2026-08-25_20-44-24/error.txt |
+-------------------------------------------------+--------------+-----------------------------------------------------------------------------------------------------------------------------------------------------------------------------------------------------------+

== Status ==
Current time: 2026-08-25 20:44:50 (running for 00:00:25.82)
Memory usage on this node: 1.7/5.8 GiB
Using FIFO scheduling algorithm.
Resources requested: 0/8 CPUs, 0/1 GPUs, 0.0/3.02 GiB heap, 0.0/1.51 GiB objects
Result logdir: /home/pavt1024/vsn/mate/outputs/qplex_focus_ctde_local_belief_v9_local_student_4v8_9_100k_5120_w1_b200/QPLEX_FOCUS
Number of trials: 1/1 (1 PENDING)
Number of errored trials: 1
+-------------------------------------------------+--------------+-----------------------------------------------------------------------------------------------------------------------------------------------------------------------------------------------------------+
| Trial name                                      |   # failures | error file                                                                                                                                                                                                |
|-------------------------------------------------+--------------+-----------------------------------------------------------------------------------------------------------------------------------------------------------------------------------------------------------|
| QPLEX_FOCUS_mate-qplex_focus.camera_15076_00000 |            5 | /home/pavt1024/vsn/mate/outputs/qplex_focus_ctde_local_belief_v9_local_student_4v8_9_100k_5120_w1_b200/QPLEX_FOCUS/QPLEX_FOCUS_mate-qplex_focus.camera_15076_00000_0_seed=0_2026-08-25_20-44-24/error.txt |
+-------------------------------------------------+--------------+-----------------------------------------------------------------------------------------------------------------------------------------------------------------------------------------------------------+

== Status ==
Current time: 2026-08-25 20:45:00 (running for 00:00:36.51)
Memory usage on this node: 1.7/5.8 GiB
Using FIFO scheduling algorithm.
Resources requested: 2.0/8 CPUs, 1.0/1 GPUs, 0.0/3.02 GiB heap, 0.0/1.51 GiB objects
Result logdir: /home/pavt1024/vsn/mate/outputs/qplex_focus_ctde_local_belief_v9_local_student_4v8_9_100k_5120_w1_b200/QPLEX_FOCUS
Number of trials: 1/1 (1 RUNNING)
Number of errored trials: 1
+-------------------------------------------------+--------------+-----------------------------------------------------------------------------------------------------------------------------------------------------------------------------------------------------------+
| Trial name                                      |   # failures | error file                                                                                                                                                                                                |
|-------------------------------------------------+--------------+-----------------------------------------------------------------------------------------------------------------------------------------------------------------------------------------------------------|
| QPLEX_FOCUS_mate-qplex_focus.camera_15076_00000 |            6 | /home/pavt1024/vsn/mate/outputs/qplex_focus_ctde_local_belief_v9_local_student_4v8_9_100k_5120_w1_b200/QPLEX_FOCUS/QPLEX_FOCUS_mate-qplex_focus.camera_15076_00000_0_seed=0_2026-08-25_20-44-24/error.txt |
+-------------------------------------------------+--------------+-----------------------------------------------------------------------------------------------------------------------------------------------------------------------------------------------------------+

== Status ==
Current time: 2026-08-25 20:45:00 (running for 00:00:36.52)
Memory usage on this node: 1.7/5.8 GiB
Using FIFO scheduling algorithm.
Resources requested: 0/8 CPUs, 0/1 GPUs, 0.0/3.02 GiB heap, 0.0/1.51 GiB objects
Result logdir: /home/pavt1024/vsn/mate/outputs/qplex_focus_ctde_local_belief_v9_local_student_4v8_9_100k_5120_w1_b200/QPLEX_FOCUS
Number of trials: 1/1 (1 PENDING)
Number of errored trials: 1
+-------------------------------------------------+--------------+-----------------------------------------------------------------------------------------------------------------------------------------------------------------------------------------------------------+
| Trial name                                      |   # failures | error file                                                                                                                                                                                                |
|-------------------------------------------------+--------------+-----------------------------------------------------------------------------------------------------------------------------------------------------------------------------------------------------------|
| QPLEX_FOCUS_mate-qplex_focus.camera_15076_00000 |            7 | /home/pavt1024/vsn/mate/outputs/qplex_focus_ctde_local_belief_v9_local_student_4v8_9_100k_5120_w1_b200/QPLEX_FOCUS/QPLEX_FOCUS_mate-qplex_focus.camera_15076_00000_0_seed=0_2026-08-25_20-44-24/error.txt |
+-------------------------------------------------+--------------+-----------------------------------------------------------------------------------------------------------------------------------------------------------------------------------------------------------+

== Status ==
Current time: 2026-08-25 20:45:06 (running for 00:00:42.39)
Memory usage on this node: 1.7/5.8 GiB
Using FIFO scheduling algorithm.
Resources requested: 0/8 CPUs, 0/1 GPUs, 0.0/3.02 GiB heap, 0.0/1.51 GiB objects
Result logdir: /home/pavt1024/vsn/mate/outputs/qplex_focus_ctde_local_belief_v9_local_student_4v8_9_100k_5120_w1_b200/QPLEX_FOCUS
Number of trials: 1/1 (1 PENDING)
Number of errored trials: 1
+-------------------------------------------------+--------------+-----------------------------------------------------------------------------------------------------------------------------------------------------------------------------------------------------------+
| Trial name                                      |   # failures | error file                                                                                                                                                                                                |
|-------------------------------------------------+--------------+-----------------------------------------------------------------------------------------------------------------------------------------------------------------------------------------------------------|
| QPLEX_FOCUS_mate-qplex_focus.camera_15076_00000 |            8 | /home/pavt1024/vsn/mate/outputs/qplex_focus_ctde_local_belief_v9_local_student_4v8_9_100k_5120_w1_b200/QPLEX_FOCUS/QPLEX_FOCUS_mate-qplex_focus.camera_15076_00000_0_seed=0_2026-08-25_20-44-24/error.txt |
+-------------------------------------------------+--------------+-----------------------------------------------------------------------------------------------------------------------------------------------------------------------------------------------------------+

== Status ==
Current time: 2026-08-25 20:45:12 (running for 00:00:47.81)
Memory usage on this node: 1.8/5.8 GiB
Using FIFO scheduling algorithm.
Resources requested: 0/8 CPUs, 0/1 GPUs, 0.0/3.02 GiB heap, 0.0/1.51 GiB objects
Result logdir: /home/pavt1024/vsn/mate/outputs/qplex_focus_ctde_local_belief_v9_local_student_4v8_9_100k_5120_w1_b200/QPLEX_FOCUS
Number of trials: 1/1 (1 PENDING)
Number of errored trials: 1
+-------------------------------------------------+--------------+-----------------------------------------------------------------------------------------------------------------------------------------------------------------------------------------------------------+
| Trial name                                      |   # failures | error file                                                                                                                                                                                                |
|-------------------------------------------------+--------------+-----------------------------------------------------------------------------------------------------------------------------------------------------------------------------------------------------------|
| QPLEX_FOCUS_mate-qplex_focus.camera_15076_00000 |            9 | /home/pavt1024/vsn/mate/outputs/qplex_focus_ctde_local_belief_v9_local_student_4v8_9_100k_5120_w1_b200/QPLEX_FOCUS/QPLEX_FOCUS_mate-qplex_focus.camera_15076_00000_0_seed=0_2026-08-25_20-44-24/error.txt |
+-------------------------------------------------+--------------+-----------------------------------------------------------------------------------------------------------------------------------------------------------------------------------------------------------+

== Status ==
Current time: 2026-08-25 20:45:23 (running for 00:00:58.60)
Memory usage on this node: 1.8/5.8 GiB
Using FIFO scheduling algorithm.
Resources requested: 2.0/8 CPUs, 1.0/1 GPUs, 0.0/3.02 GiB heap, 0.0/1.51 GiB objects
Result logdir: /home/pavt1024/vsn/mate/outputs/qplex_focus_ctde_local_belief_v9_local_student_4v8_9_100k_5120_w1_b200/QPLEX_FOCUS
Number of trials: 1/1 (1 RUNNING)
Number of errored trials: 1
+-------------------------------------------------+--------------+-----------------------------------------------------------------------------------------------------------------------------------------------------------------------------------------------------------+
| Trial name                                      |   # failures | error file                                                                                                                                                                                                |
|-------------------------------------------------+--------------+-----------------------------------------------------------------------------------------------------------------------------------------------------------------------------------------------------------|
| QPLEX_FOCUS_mate-qplex_focus.camera_15076_00000 |           10 | /home/pavt1024/vsn/mate/outputs/qplex_focus_ctde_local_belief_v9_local_student_4v8_9_100k_5120_w1_b200/QPLEX_FOCUS/QPLEX_FOCUS_mate-qplex_focus.camera_15076_00000_0_seed=0_2026-08-25_20-44-24/error.txt |
+-------------------------------------------------+--------------+-----------------------------------------------------------------------------------------------------------------------------------------------------------------------------------------------------------+

== Status ==
Current time: 2026-08-25 20:45:23 (running for 00:00:58.62)
Memory usage on this node: 1.8/5.8 GiB
Using FIFO scheduling algorithm.
Resources requested: 0/8 CPUs, 0/1 GPUs, 0.0/3.02 GiB heap, 0.0/1.51 GiB objects
Result logdir: /home/pavt1024/vsn/mate/outputs/qplex_focus_ctde_local_belief_v9_local_student_4v8_9_100k_5120_w1_b200/QPLEX_FOCUS
Number of trials: 1/1 (1 PENDING)
Number of errored trials: 1
+-------------------------------------------------+--------------+-----------------------------------------------------------------------------------------------------------------------------------------------------------------------------------------------------------+
| Trial name                                      |   # failures | error file                                                                                                                                                                                                |
|-------------------------------------------------+--------------+-----------------------------------------------------------------------------------------------------------------------------------------------------------------------------------------------------------|
| QPLEX_FOCUS_mate-qplex_focus.camera_15076_00000 |           11 | /home/pavt1024/vsn/mate/outputs/qplex_focus_ctde_local_belief_v9_local_student_4v8_9_100k_5120_w1_b200/QPLEX_FOCUS/QPLEX_FOCUS_mate-qplex_focus.camera_15076_00000_0_seed=0_2026-08-25_20-44-24/error.txt |
+-------------------------------------------------+--------------+-----------------------------------------------------------------------------------------------------------------------------------------------------------------------------------------------------------+

