NUM_GPUS_FOR_TRAINER: 1
Resume checkpoint: False
Num ray gpus: 1.0
== Status ==
Current time: 2026-08-25 19:30:43 (running for 00:00:16.42)
Memory usage on this node: 1.8/5.8 GiB
Using FIFO scheduling algorithm.
Resources requested: 2.0/8 CPUs, 1.0/1 GPUs, 0.0/3.02 GiB heap, 0.0/1.51 GiB objects
Result logdir: /home/pavt1024/vsn/mate/outputs/qplex_focus_ctde_local_belief_v7_strong_distill_4v8_9_100k_5120_w1_b200/QPLEX_FOCUS
Number of trials: 1/1 (1 RUNNING)


== Status ==
Current time: 2026-08-25 19:30:43 (running for 00:00:16.45)
Memory usage on this node: 1.8/5.8 GiB
Using FIFO scheduling algorithm.
Resources requested: 0/8 CPUs, 0/1 GPUs, 0.0/3.02 GiB heap, 0.0/1.51 GiB objects
Result logdir: /home/pavt1024/vsn/mate/outputs/qplex_focus_ctde_local_belief_v7_strong_distill_4v8_9_100k_5120_w1_b200/QPLEX_FOCUS
Number of trials: 1/1 (1 PENDING)
Number of errored trials: 1
+-------------------------------------------------+--------------+------------------------------------------------------------------------------------------------------------------------------------------------------------------------------------------------------------+
| Trial name                                      |   # failures | error file                                                                                                                                                                                                 |
|-------------------------------------------------+--------------+------------------------------------------------------------------------------------------------------------------------------------------------------------------------------------------------------------|
| QPLEX_FOCUS_mate-qplex_focus.camera_c02f5_00000 |            1 | /home/pavt1024/vsn/mate/outputs/qplex_focus_ctde_local_belief_v7_strong_distill_4v8_9_100k_5120_w1_b200/QPLEX_FOCUS/QPLEX_FOCUS_mate-qplex_focus.camera_c02f5_00000_0_seed=0_2026-08-25_19-30-32/error.txt |
+-------------------------------------------------+--------------+------------------------------------------------------------------------------------------------------------------------------------------------------------------------------------------------------------+

== Status ==
Current time: 2026-08-25 19:30:54 (running for 00:00:27.18)
Memory usage on this node: 1.8/5.8 GiB
Using FIFO scheduling algorithm.
Resources requested: 2.0/8 CPUs, 1.0/1 GPUs, 0.0/3.02 GiB heap, 0.0/1.51 GiB objects
Result logdir: /home/pavt1024/vsn/mate/outputs/qplex_focus_ctde_local_belief_v7_strong_distill_4v8_9_100k_5120_w1_b200/QPLEX_FOCUS
Number of trials: 1/1 (1 RUNNING)
Number of errored trials: 1
+-------------------------------------------------+--------------+------------------------------------------------------------------------------------------------------------------------------------------------------------------------------------------------------------+
| Trial name                                      |   # failures | error file                                                                                                                                                                                                 |
|-------------------------------------------------+--------------+------------------------------------------------------------------------------------------------------------------------------------------------------------------------------------------------------------|
| QPLEX_FOCUS_mate-qplex_focus.camera_c02f5_00000 |            1 | /home/pavt1024/vsn/mate/outputs/qplex_focus_ctde_local_belief_v7_strong_distill_4v8_9_100k_5120_w1_b200/QPLEX_FOCUS/QPLEX_FOCUS_mate-qplex_focus.camera_c02f5_00000_0_seed=0_2026-08-25_19-30-32/error.txt |
+-------------------------------------------------+--------------+------------------------------------------------------------------------------------------------------------------------------------------------------------------------------------------------------------+

== Status ==
Current time: 2026-08-25 19:31:04 (running for 00:00:38.02)
Memory usage on this node: 1.8/5.8 GiB
Using FIFO scheduling algorithm.
Resources requested: 2.0/8 CPUs, 1.0/1 GPUs, 0.0/3.02 GiB heap, 0.0/1.51 GiB objects
Result logdir: /home/pavt1024/vsn/mate/outputs/qplex_focus_ctde_local_belief_v7_strong_distill_4v8_9_100k_5120_w1_b200/QPLEX_FOCUS
Number of trials: 1/1 (1 RUNNING)
Number of errored trials: 1
+-------------------------------------------------+--------------+------------------------------------------------------------------------------------------------------------------------------------------------------------------------------------------------------------+
| Trial name                                      |   # failures | error file                                                                                                                                                                                                 |
|-------------------------------------------------+--------------+------------------------------------------------------------------------------------------------------------------------------------------------------------------------------------------------------------|
| QPLEX_FOCUS_mate-qplex_focus.camera_c02f5_00000 |            2 | /home/pavt1024/vsn/mate/outputs/qplex_focus_ctde_local_belief_v7_strong_distill_4v8_9_100k_5120_w1_b200/QPLEX_FOCUS/QPLEX_FOCUS_mate-qplex_focus.camera_c02f5_00000_0_seed=0_2026-08-25_19-30-32/error.txt |
+-------------------------------------------------+--------------+------------------------------------------------------------------------------------------------------------------------------------------------------------------------------------------------------------+

== Status ==
Current time: 2026-08-25 19:31:04 (running for 00:00:38.04)
Memory usage on this node: 1.8/5.8 GiB
Using FIFO scheduling algorithm.
Resources requested: 0/8 CPUs, 0/1 GPUs, 0.0/3.02 GiB heap, 0.0/1.51 GiB objects
Result logdir: /home/pavt1024/vsn/mate/outputs/qplex_focus_ctde_local_belief_v7_strong_distill_4v8_9_100k_5120_w1_b200/QPLEX_FOCUS
Number of trials: 1/1 (1 PENDING)
Number of errored trials: 1
+-------------------------------------------------+--------------+------------------------------------------------------------------------------------------------------------------------------------------------------------------------------------------------------------+
| Trial name                                      |   # failures | error file                                                                                                                                                                                                 |
|-------------------------------------------------+--------------+------------------------------------------------------------------------------------------------------------------------------------------------------------------------------------------------------------|
| QPLEX_FOCUS_mate-qplex_focus.camera_c02f5_00000 |            3 | /home/pavt1024/vsn/mate/outputs/qplex_focus_ctde_local_belief_v7_strong_distill_4v8_9_100k_5120_w1_b200/QPLEX_FOCUS/QPLEX_FOCUS_mate-qplex_focus.camera_c02f5_00000_0_seed=0_2026-08-25_19-30-32/error.txt |
+-------------------------------------------------+--------------+------------------------------------------------------------------------------------------------------------------------------------------------------------------------------------------------------------+

== Status ==
Current time: 2026-08-25 19:31:14 (running for 00:00:47.90)
Memory usage on this node: 1.9/5.8 GiB
Using FIFO scheduling algorithm.
Resources requested: 2.0/8 CPUs, 1.0/1 GPUs, 0.0/3.02 GiB heap, 0.0/1.51 GiB objects
Result logdir: /home/pavt1024/vsn/mate/outputs/qplex_focus_ctde_local_belief_v7_strong_distill_4v8_9_100k_5120_w1_b200/QPLEX_FOCUS
Number of trials: 1/1 (1 RUNNING)
Number of errored trials: 1
+-------------------------------------------------+--------------+------------------------------------------------------------------------------------------------------------------------------------------------------------------------------------------------------------+
| Trial name                                      |   # failures | error file                                                                                                                                                                                                 |
|-------------------------------------------------+--------------+------------------------------------------------------------------------------------------------------------------------------------------------------------------------------------------------------------|
| QPLEX_FOCUS_mate-qplex_focus.camera_c02f5_00000 |            3 | /home/pavt1024/vsn/mate/outputs/qplex_focus_ctde_local_belief_v7_strong_distill_4v8_9_100k_5120_w1_b200/QPLEX_FOCUS/QPLEX_FOCUS_mate-qplex_focus.camera_c02f5_00000_0_seed=0_2026-08-25_19-30-32/error.txt |
+-------------------------------------------------+--------------+------------------------------------------------------------------------------------------------------------------------------------------------------------------------------------------------------------+

== Status ==
Current time: 2026-08-25 19:31:24 (running for 00:00:57.55)
Memory usage on this node: 1.9/5.8 GiB
Using FIFO scheduling algorithm.
Resources requested: 2.0/8 CPUs, 1.0/1 GPUs, 0.0/3.02 GiB heap, 0.0/1.51 GiB objects
Result logdir: /home/pavt1024/vsn/mate/outputs/qplex_focus_ctde_local_belief_v7_strong_distill_4v8_9_100k_5120_w1_b200/QPLEX_FOCUS
Number of trials: 1/1 (1 RUNNING)
Number of errored trials: 1
+-------------------------------------------------+--------------+------------------------------------------------------------------------------------------------------------------------------------------------------------------------------------------------------------+
| Trial name                                      |   # failures | error file                                                                                                                                                                                                 |
|-------------------------------------------------+--------------+------------------------------------------------------------------------------------------------------------------------------------------------------------------------------------------------------------|
| QPLEX_FOCUS_mate-qplex_focus.camera_c02f5_00000 |            4 | /home/pavt1024/vsn/mate/outputs/qplex_focus_ctde_local_belief_v7_strong_distill_4v8_9_100k_5120_w1_b200/QPLEX_FOCUS/QPLEX_FOCUS_mate-qplex_focus.camera_c02f5_00000_0_seed=0_2026-08-25_19-30-32/error.txt |
+-------------------------------------------------+--------------+------------------------------------------------------------------------------------------------------------------------------------------------------------------------------------------------------------+

== Status ==
Current time: 2026-08-25 19:31:24 (running for 00:00:57.57)
Memory usage on this node: 1.9/5.8 GiB
Using FIFO scheduling algorithm.
Resources requested: 0/8 CPUs, 0/1 GPUs, 0.0/3.02 GiB heap, 0.0/1.51 GiB objects
Result logdir: /home/pavt1024/vsn/mate/outputs/qplex_focus_ctde_local_belief_v7_strong_distill_4v8_9_100k_5120_w1_b200/QPLEX_FOCUS
Number of trials: 1/1 (1 PENDING)
Number of errored trials: 1
+-------------------------------------------------+--------------+------------------------------------------------------------------------------------------------------------------------------------------------------------------------------------------------------------+
| Trial name                                      |   # failures | error file                                                                                                                                                                                                 |
|-------------------------------------------------+--------------+------------------------------------------------------------------------------------------------------------------------------------------------------------------------------------------------------------|
| QPLEX_FOCUS_mate-qplex_focus.camera_c02f5_00000 |            5 | /home/pavt1024/vsn/mate/outputs/qplex_focus_ctde_local_belief_v7_strong_distill_4v8_9_100k_5120_w1_b200/QPLEX_FOCUS/QPLEX_FOCUS_mate-qplex_focus.camera_c02f5_00000_0_seed=0_2026-08-25_19-30-32/error.txt |
+-------------------------------------------------+--------------+------------------------------------------------------------------------------------------------------------------------------------------------------------------------------------------------------------+

== Status ==
Current time: 2026-08-25 19:31:34 (running for 00:01:08.01)
Memory usage on this node: 1.9/5.8 GiB
Using FIFO scheduling algorithm.
Resources requested: 2.0/8 CPUs, 1.0/1 GPUs, 0.0/3.02 GiB heap, 0.0/1.51 GiB objects
Result logdir: /home/pavt1024/vsn/mate/outputs/qplex_focus_ctde_local_belief_v7_strong_distill_4v8_9_100k_5120_w1_b200/QPLEX_FOCUS
Number of trials: 1/1 (1 RUNNING)
Number of errored trials: 1
+-------------------------------------------------+--------------+------------------------------------------------------------------------------------------------------------------------------------------------------------------------------------------------------------+
| Trial name                                      |   # failures | error file                                                                                                                                                                                                 |
|-------------------------------------------------+--------------+------------------------------------------------------------------------------------------------------------------------------------------------------------------------------------------------------------|
| QPLEX_FOCUS_mate-qplex_focus.camera_c02f5_00000 |            5 | /home/pavt1024/vsn/mate/outputs/qplex_focus_ctde_local_belief_v7_strong_distill_4v8_9_100k_5120_w1_b200/QPLEX_FOCUS/QPLEX_FOCUS_mate-qplex_focus.camera_c02f5_00000_0_seed=0_2026-08-25_19-30-32/error.txt |
+-------------------------------------------------+--------------+------------------------------------------------------------------------------------------------------------------------------------------------------------------------------------------------------------+

== Status ==
Current time: 2026-08-25 19:31:44 (running for 00:01:17.45)
Memory usage on this node: 1.9/5.8 GiB
Using FIFO scheduling algorithm.
Resources requested: 2.0/8 CPUs, 1.0/1 GPUs, 0.0/3.02 GiB heap, 0.0/1.51 GiB objects
Result logdir: /home/pavt1024/vsn/mate/outputs/qplex_focus_ctde_local_belief_v7_strong_distill_4v8_9_100k_5120_w1_b200/QPLEX_FOCUS
Number of trials: 1/1 (1 RUNNING)
Number of errored trials: 1
+-------------------------------------------------+--------------+------------------------------------------------------------------------------------------------------------------------------------------------------------------------------------------------------------+
| Trial name                                      |   # failures | error file                                                                                                                                                                                                 |
|-------------------------------------------------+--------------+------------------------------------------------------------------------------------------------------------------------------------------------------------------------------------------------------------|
| QPLEX_FOCUS_mate-qplex_focus.camera_c02f5_00000 |            6 | /home/pavt1024/vsn/mate/outputs/qplex_focus_ctde_local_belief_v7_strong_distill_4v8_9_100k_5120_w1_b200/QPLEX_FOCUS/QPLEX_FOCUS_mate-qplex_focus.camera_c02f5_00000_0_seed=0_2026-08-25_19-30-32/error.txt |
+-------------------------------------------------+--------------+------------------------------------------------------------------------------------------------------------------------------------------------------------------------------------------------------------+

== Status ==
Current time: 2026-08-25 19:31:54 (running for 00:01:27.73)
Memory usage on this node: 1.9/5.8 GiB
Using FIFO scheduling algorithm.
Resources requested: 2.0/8 CPUs, 1.0/1 GPUs, 0.0/3.02 GiB heap, 0.0/1.51 GiB objects
Result logdir: /home/pavt1024/vsn/mate/outputs/qplex_focus_ctde_local_belief_v7_strong_distill_4v8_9_100k_5120_w1_b200/QPLEX_FOCUS
Number of trials: 1/1 (1 RUNNING)
Number of errored trials: 1
+-------------------------------------------------+--------------+------------------------------------------------------------------------------------------------------------------------------------------------------------------------------------------------------------+
| Trial name                                      |   # failures | error file                                                                                                                                                                                                 |
|-------------------------------------------------+--------------+------------------------------------------------------------------------------------------------------------------------------------------------------------------------------------------------------------|
| QPLEX_FOCUS_mate-qplex_focus.camera_c02f5_00000 |            7 | /home/pavt1024/vsn/mate/outputs/qplex_focus_ctde_local_belief_v7_strong_distill_4v8_9_100k_5120_w1_b200/QPLEX_FOCUS/QPLEX_FOCUS_mate-qplex_focus.camera_c02f5_00000_0_seed=0_2026-08-25_19-30-32/error.txt |
+-------------------------------------------------+--------------+------------------------------------------------------------------------------------------------------------------------------------------------------------------------------------------------------------+

== Status ==
Current time: 2026-08-25 19:31:54 (running for 00:01:27.76)
Memory usage on this node: 1.9/5.8 GiB
Using FIFO scheduling algorithm.
Resources requested: 0/8 CPUs, 0/1 GPUs, 0.0/3.02 GiB heap, 0.0/1.51 GiB objects
Result logdir: /home/pavt1024/vsn/mate/outputs/qplex_focus_ctde_local_belief_v7_strong_distill_4v8_9_100k_5120_w1_b200/QPLEX_FOCUS
Number of trials: 1/1 (1 PENDING)
Number of errored trials: 1
+-------------------------------------------------+--------------+------------------------------------------------------------------------------------------------------------------------------------------------------------------------------------------------------------+
| Trial name                                      |   # failures | error file                                                                                                                                                                                                 |
|-------------------------------------------------+--------------+------------------------------------------------------------------------------------------------------------------------------------------------------------------------------------------------------------|
| QPLEX_FOCUS_mate-qplex_focus.camera_c02f5_00000 |            8 | /home/pavt1024/vsn/mate/outputs/qplex_focus_ctde_local_belief_v7_strong_distill_4v8_9_100k_5120_w1_b200/QPLEX_FOCUS/QPLEX_FOCUS_mate-qplex_focus.camera_c02f5_00000_0_seed=0_2026-08-25_19-30-32/error.txt |
+-------------------------------------------------+--------------+------------------------------------------------------------------------------------------------------------------------------------------------------------------------------------------------------------+

== Status ==
Current time: 2026-08-25 19:32:04 (running for 00:01:37.77)
Memory usage on this node: 2.0/5.8 GiB
Using FIFO scheduling algorithm.
Resources requested: 2.0/8 CPUs, 1.0/1 GPUs, 0.0/3.02 GiB heap, 0.0/1.51 GiB objects
Result logdir: /home/pavt1024/vsn/mate/outputs/qplex_focus_ctde_local_belief_v7_strong_distill_4v8_9_100k_5120_w1_b200/QPLEX_FOCUS
Number of trials: 1/1 (1 RUNNING)
Number of errored trials: 1
+-------------------------------------------------+--------------+------------------------------------------------------------------------------------------------------------------------------------------------------------------------------------------------------------+
| Trial name                                      |   # failures | error file                                                                                                                                                                                                 |
|-------------------------------------------------+--------------+------------------------------------------------------------------------------------------------------------------------------------------------------------------------------------------------------------|
| QPLEX_FOCUS_mate-qplex_focus.camera_c02f5_00000 |            8 | /home/pavt1024/vsn/mate/outputs/qplex_focus_ctde_local_belief_v7_strong_distill_4v8_9_100k_5120_w1_b200/QPLEX_FOCUS/QPLEX_FOCUS_mate-qplex_focus.camera_c02f5_00000_0_seed=0_2026-08-25_19-30-32/error.txt |
+-------------------------------------------------+--------------+------------------------------------------------------------------------------------------------------------------------------------------------------------------------------------------------------------+

== Status ==
Current time: 2026-08-25 19:32:15 (running for 00:01:48.21)
Memory usage on this node: 2.0/5.8 GiB
Using FIFO scheduling algorithm.
Resources requested: 2.0/8 CPUs, 1.0/1 GPUs, 0.0/3.02 GiB heap, 0.0/1.51 GiB objects
Result logdir: /home/pavt1024/vsn/mate/outputs/qplex_focus_ctde_local_belief_v7_strong_distill_4v8_9_100k_5120_w1_b200/QPLEX_FOCUS
Number of trials: 1/1 (1 RUNNING)
Number of errored trials: 1
+-------------------------------------------------+--------------+------------------------------------------------------------------------------------------------------------------------------------------------------------------------------------------------------------+
| Trial name                                      |   # failures | error file                                                                                                                                                                                                 |
|-------------------------------------------------+--------------+------------------------------------------------------------------------------------------------------------------------------------------------------------------------------------------------------------|
| QPLEX_FOCUS_mate-qplex_focus.camera_c02f5_00000 |            9 | /home/pavt1024/vsn/mate/outputs/qplex_focus_ctde_local_belief_v7_strong_distill_4v8_9_100k_5120_w1_b200/QPLEX_FOCUS/QPLEX_FOCUS_mate-qplex_focus.camera_c02f5_00000_0_seed=0_2026-08-25_19-30-32/error.txt |
+-------------------------------------------------+--------------+------------------------------------------------------------------------------------------------------------------------------------------------------------------------------------------------------------+

== Status ==
Current time: 2026-08-25 19:32:25 (running for 00:01:58.45)
Memory usage on this node: 2.0/5.8 GiB
Using FIFO scheduling algorithm.
Resources requested: 2.0/8 CPUs, 1.0/1 GPUs, 0.0/3.02 GiB heap, 0.0/1.51 GiB objects
Result logdir: /home/pavt1024/vsn/mate/outputs/qplex_focus_ctde_local_belief_v7_strong_distill_4v8_9_100k_5120_w1_b200/QPLEX_FOCUS
Number of trials: 1/1 (1 RUNNING)
Number of errored trials: 1
+-------------------------------------------------+--------------+------------------------------------------------------------------------------------------------------------------------------------------------------------------------------------------------------------+
| Trial name                                      |   # failures | error file                                                                                                                                                                                                 |
|-------------------------------------------------+--------------+------------------------------------------------------------------------------------------------------------------------------------------------------------------------------------------------------------|
| QPLEX_FOCUS_mate-qplex_focus.camera_c02f5_00000 |           10 | /home/pavt1024/vsn/mate/outputs/qplex_focus_ctde_local_belief_v7_strong_distill_4v8_9_100k_5120_w1_b200/QPLEX_FOCUS/QPLEX_FOCUS_mate-qplex_focus.camera_c02f5_00000_0_seed=0_2026-08-25_19-30-32/error.txt |
+-------------------------------------------------+--------------+------------------------------------------------------------------------------------------------------------------------------------------------------------------------------------------------------------+

== Status ==
Current time: 2026-08-25 19:32:25 (running for 00:01:58.48)
Memory usage on this node: 2.0/5.8 GiB
Using FIFO scheduling algorithm.
Resources requested: 0/8 CPUs, 0/1 GPUs, 0.0/3.02 GiB heap, 0.0/1.51 GiB objects
Result logdir: /home/pavt1024/vsn/mate/outputs/qplex_focus_ctde_local_belief_v7_strong_distill_4v8_9_100k_5120_w1_b200/QPLEX_FOCUS
Number of trials: 1/1 (1 PENDING)
Number of errored trials: 1
+-------------------------------------------------+--------------+------------------------------------------------------------------------------------------------------------------------------------------------------------------------------------------------------------+
| Trial name                                      |   # failures | error file                                                                                                                                                                                                 |
|-------------------------------------------------+--------------+------------------------------------------------------------------------------------------------------------------------------------------------------------------------------------------------------------|
| QPLEX_FOCUS_mate-qplex_focus.camera_c02f5_00000 |           11 | /home/pavt1024/vsn/mate/outputs/qplex_focus_ctde_local_belief_v7_strong_distill_4v8_9_100k_5120_w1_b200/QPLEX_FOCUS/QPLEX_FOCUS_mate-qplex_focus.camera_c02f5_00000_0_seed=0_2026-08-25_19-30-32/error.txt |
+-------------------------------------------------+--------------+------------------------------------------------------------------------------------------------------------------------------------------------------------------------------------------------------------+

== Status ==
Current time: 2026-08-25 19:32:35 (running for 00:02:08.94)
Memory usage on this node: 2.0/5.8 GiB
Using FIFO scheduling algorithm.
Resources requested: 2.0/8 CPUs, 1.0/1 GPUs, 0.0/3.02 GiB heap, 0.0/1.51 GiB objects
Result logdir: /home/pavt1024/vsn/mate/outputs/qplex_focus_ctde_local_belief_v7_strong_distill_4v8_9_100k_5120_w1_b200/QPLEX_FOCUS
Number of trials: 1/1 (1 RUNNING)
Number of errored trials: 1
+-------------------------------------------------+--------------+------------------------------------------------------------------------------------------------------------------------------------------------------------------------------------------------------------+
| Trial name                                      |   # failures | error file                                                                                                                                                                                                 |
|-------------------------------------------------+--------------+------------------------------------------------------------------------------------------------------------------------------------------------------------------------------------------------------------|
| QPLEX_FOCUS_mate-qplex_focus.camera_c02f5_00000 |           11 | /home/pavt1024/vsn/mate/outputs/qplex_focus_ctde_local_belief_v7_strong_distill_4v8_9_100k_5120_w1_b200/QPLEX_FOCUS/QPLEX_FOCUS_mate-qplex_focus.camera_c02f5_00000_0_seed=0_2026-08-25_19-30-32/error.txt |
+-------------------------------------------------+--------------+------------------------------------------------------------------------------------------------------------------------------------------------------------------------------------------------------------+

== Status ==
Current time: 2026-08-25 19:32:45 (running for 00:02:18.83)
Memory usage on this node: 2.0/5.8 GiB
Using FIFO scheduling algorithm.
Resources requested: 2.0/8 CPUs, 1.0/1 GPUs, 0.0/3.02 GiB heap, 0.0/1.51 GiB objects
Result logdir: /home/pavt1024/vsn/mate/outputs/qplex_focus_ctde_local_belief_v7_strong_distill_4v8_9_100k_5120_w1_b200/QPLEX_FOCUS
Number of trials: 1/1 (1 RUNNING)
Number of errored trials: 1
+-------------------------------------------------+--------------+------------------------------------------------------------------------------------------------------------------------------------------------------------------------------------------------------------+
| Trial name                                      |   # failures | error file                                                                                                                                                                                                 |
|-------------------------------------------------+--------------+------------------------------------------------------------------------------------------------------------------------------------------------------------------------------------------------------------|
| QPLEX_FOCUS_mate-qplex_focus.camera_c02f5_00000 |           12 | /home/pavt1024/vsn/mate/outputs/qplex_focus_ctde_local_belief_v7_strong_distill_4v8_9_100k_5120_w1_b200/QPLEX_FOCUS/QPLEX_FOCUS_mate-qplex_focus.camera_c02f5_00000_0_seed=0_2026-08-25_19-30-32/error.txt |
+-------------------------------------------------+--------------+------------------------------------------------------------------------------------------------------------------------------------------------------------------------------------------------------------+

== Status ==
Current time: 2026-08-25 19:32:55 (running for 00:02:28.19)
Memory usage on this node: 2.1/5.8 GiB
Using FIFO scheduling algorithm.
Resources requested: 2.0/8 CPUs, 1.0/1 GPUs, 0.0/3.02 GiB heap, 0.0/1.51 GiB objects
Result logdir: /home/pavt1024/vsn/mate/outputs/qplex_focus_ctde_local_belief_v7_strong_distill_4v8_9_100k_5120_w1_b200/QPLEX_FOCUS
Number of trials: 1/1 (1 RUNNING)
Number of errored trials: 1
+-------------------------------------------------+--------------+------------------------------------------------------------------------------------------------------------------------------------------------------------------------------------------------------------+
| Trial name                                      |   # failures | error file                                                                                                                                                                                                 |
|-------------------------------------------------+--------------+------------------------------------------------------------------------------------------------------------------------------------------------------------------------------------------------------------|
| QPLEX_FOCUS_mate-qplex_focus.camera_c02f5_00000 |           13 | /home/pavt1024/vsn/mate/outputs/qplex_focus_ctde_local_belief_v7_strong_distill_4v8_9_100k_5120_w1_b200/QPLEX_FOCUS/QPLEX_FOCUS_mate-qplex_focus.camera_c02f5_00000_0_seed=0_2026-08-25_19-30-32/error.txt |
+-------------------------------------------------+--------------+------------------------------------------------------------------------------------------------------------------------------------------------------------------------------------------------------------+

== Status ==
Current time: 2026-08-25 19:32:55 (running for 00:02:28.21)
Memory usage on this node: 2.1/5.8 GiB
Using FIFO scheduling algorithm.
Resources requested: 0/8 CPUs, 0/1 GPUs, 0.0/3.02 GiB heap, 0.0/1.51 GiB objects
Result logdir: /home/pavt1024/vsn/mate/outputs/qplex_focus_ctde_local_belief_v7_strong_distill_4v8_9_100k_5120_w1_b200/QPLEX_FOCUS
Number of trials: 1/1 (1 PENDING)
Number of errored trials: 1
+-------------------------------------------------+--------------+------------------------------------------------------------------------------------------------------------------------------------------------------------------------------------------------------------+
| Trial name                                      |   # failures | error file                                                                                                                                                                                                 |
|-------------------------------------------------+--------------+------------------------------------------------------------------------------------------------------------------------------------------------------------------------------------------------------------|
| QPLEX_FOCUS_mate-qplex_focus.camera_c02f5_00000 |           14 | /home/pavt1024/vsn/mate/outputs/qplex_focus_ctde_local_belief_v7_strong_distill_4v8_9_100k_5120_w1_b200/QPLEX_FOCUS/QPLEX_FOCUS_mate-qplex_focus.camera_c02f5_00000_0_seed=0_2026-08-25_19-30-32/error.txt |
+-------------------------------------------------+--------------+------------------------------------------------------------------------------------------------------------------------------------------------------------------------------------------------------------+

== Status ==
Current time: 2026-08-25 19:33:05 (running for 00:02:38.21)
Memory usage on this node: 2.1/5.8 GiB
Using FIFO scheduling algorithm.
Resources requested: 2.0/8 CPUs, 1.0/1 GPUs, 0.0/3.02 GiB heap, 0.0/1.51 GiB objects
Result logdir: /home/pavt1024/vsn/mate/outputs/qplex_focus_ctde_local_belief_v7_strong_distill_4v8_9_100k_5120_w1_b200/QPLEX_FOCUS
Number of trials: 1/1 (1 RUNNING)
Number of errored trials: 1
+-------------------------------------------------+--------------+------------------------------------------------------------------------------------------------------------------------------------------------------------------------------------------------------------+
| Trial name                                      |   # failures | error file                                                                                                                                                                                                 |
|-------------------------------------------------+--------------+------------------------------------------------------------------------------------------------------------------------------------------------------------------------------------------------------------|
| QPLEX_FOCUS_mate-qplex_focus.camera_c02f5_00000 |           14 | /home/pavt1024/vsn/mate/outputs/qplex_focus_ctde_local_belief_v7_strong_distill_4v8_9_100k_5120_w1_b200/QPLEX_FOCUS/QPLEX_FOCUS_mate-qplex_focus.camera_c02f5_00000_0_seed=0_2026-08-25_19-30-32/error.txt |
+-------------------------------------------------+--------------+------------------------------------------------------------------------------------------------------------------------------------------------------------------------------------------------------------+

== Status ==
Current time: 2026-08-25 19:33:15 (running for 00:02:48.13)
Memory usage on this node: 2.1/5.8 GiB
Using FIFO scheduling algorithm.
Resources requested: 2.0/8 CPUs, 1.0/1 GPUs, 0.0/3.02 GiB heap, 0.0/1.51 GiB objects
Result logdir: /home/pavt1024/vsn/mate/outputs/qplex_focus_ctde_local_belief_v7_strong_distill_4v8_9_100k_5120_w1_b200/QPLEX_FOCUS
Number of trials: 1/1 (1 RUNNING)
Number of errored trials: 1
+-------------------------------------------------+--------------+------------------------------------------------------------------------------------------------------------------------------------------------------------------------------------------------------------+
| Trial name                                      |   # failures | error file                                                                                                                                                                                                 |
|-------------------------------------------------+--------------+------------------------------------------------------------------------------------------------------------------------------------------------------------------------------------------------------------|
| QPLEX_FOCUS_mate-qplex_focus.camera_c02f5_00000 |           15 | /home/pavt1024/vsn/mate/outputs/qplex_focus_ctde_local_belief_v7_strong_distill_4v8_9_100k_5120_w1_b200/QPLEX_FOCUS/QPLEX_FOCUS_mate-qplex_focus.camera_c02f5_00000_0_seed=0_2026-08-25_19-30-32/error.txt |
+-------------------------------------------------+--------------+------------------------------------------------------------------------------------------------------------------------------------------------------------------------------------------------------------+

== Status ==
Current time: 2026-08-25 19:33:25 (running for 00:02:58.11)
Memory usage on this node: 2.1/5.8 GiB
Using FIFO scheduling algorithm.
Resources requested: 2.0/8 CPUs, 1.0/1 GPUs, 0.0/3.02 GiB heap, 0.0/1.51 GiB objects
Result logdir: /home/pavt1024/vsn/mate/outputs/qplex_focus_ctde_local_belief_v7_strong_distill_4v8_9_100k_5120_w1_b200/QPLEX_FOCUS
Number of trials: 1/1 (1 RUNNING)
Number of errored trials: 1
+-------------------------------------------------+--------------+------------------------------------------------------------------------------------------------------------------------------------------------------------------------------------------------------------+
| Trial name                                      |   # failures | error file                                                                                                                                                                                                 |
|-------------------------------------------------+--------------+------------------------------------------------------------------------------------------------------------------------------------------------------------------------------------------------------------|
| QPLEX_FOCUS_mate-qplex_focus.camera_c02f5_00000 |           16 | /home/pavt1024/vsn/mate/outputs/qplex_focus_ctde_local_belief_v7_strong_distill_4v8_9_100k_5120_w1_b200/QPLEX_FOCUS/QPLEX_FOCUS_mate-qplex_focus.camera_c02f5_00000_0_seed=0_2026-08-25_19-30-32/error.txt |
+-------------------------------------------------+--------------+------------------------------------------------------------------------------------------------------------------------------------------------------------------------------------------------------------+

== Status ==
Current time: 2026-08-25 19:33:25 (running for 00:02:58.13)
Memory usage on this node: 2.1/5.8 GiB
Using FIFO scheduling algorithm.
Resources requested: 0/8 CPUs, 0/1 GPUs, 0.0/3.02 GiB heap, 0.0/1.51 GiB objects
Result logdir: /home/pavt1024/vsn/mate/outputs/qplex_focus_ctde_local_belief_v7_strong_distill_4v8_9_100k_5120_w1_b200/QPLEX_FOCUS
Number of trials: 1/1 (1 PENDING)
Number of errored trials: 1
+-------------------------------------------------+--------------+------------------------------------------------------------------------------------------------------------------------------------------------------------------------------------------------------------+
| Trial name                                      |   # failures | error file                                                                                                                                                                                                 |
|-------------------------------------------------+--------------+------------------------------------------------------------------------------------------------------------------------------------------------------------------------------------------------------------|
| QPLEX_FOCUS_mate-qplex_focus.camera_c02f5_00000 |           17 | /home/pavt1024/vsn/mate/outputs/qplex_focus_ctde_local_belief_v7_strong_distill_4v8_9_100k_5120_w1_b200/QPLEX_FOCUS/QPLEX_FOCUS_mate-qplex_focus.camera_c02f5_00000_0_seed=0_2026-08-25_19-30-32/error.txt |
+-------------------------------------------------+--------------+------------------------------------------------------------------------------------------------------------------------------------------------------------------------------------------------------------+

== Status ==
Current time: 2026-08-25 19:33:35 (running for 00:03:08.23)
Memory usage on this node: 2.2/5.8 GiB
Using FIFO scheduling algorithm.
Resources requested: 2.0/8 CPUs, 1.0/1 GPUs, 0.0/3.02 GiB heap, 0.0/1.51 GiB objects
Result logdir: /home/pavt1024/vsn/mate/outputs/qplex_focus_ctde_local_belief_v7_strong_distill_4v8_9_100k_5120_w1_b200/QPLEX_FOCUS
Number of trials: 1/1 (1 RUNNING)
Number of errored trials: 1
+-------------------------------------------------+--------------+------------------------------------------------------------------------------------------------------------------------------------------------------------------------------------------------------------+
| Trial name                                      |   # failures | error file                                                                                                                                                                                                 |
|-------------------------------------------------+--------------+------------------------------------------------------------------------------------------------------------------------------------------------------------------------------------------------------------|
| QPLEX_FOCUS_mate-qplex_focus.camera_c02f5_00000 |           17 | /home/pavt1024/vsn/mate/outputs/qplex_focus_ctde_local_belief_v7_strong_distill_4v8_9_100k_5120_w1_b200/QPLEX_FOCUS/QPLEX_FOCUS_mate-qplex_focus.camera_c02f5_00000_0_seed=0_2026-08-25_19-30-32/error.txt |
+-------------------------------------------------+--------------+------------------------------------------------------------------------------------------------------------------------------------------------------------------------------------------------------------+

== Status ==
Current time: 2026-08-25 19:33:45 (running for 00:03:18.07)
Memory usage on this node: 2.2/5.8 GiB
Using FIFO scheduling algorithm.
Resources requested: 2.0/8 CPUs, 1.0/1 GPUs, 0.0/3.02 GiB heap, 0.0/1.51 GiB objects
Result logdir: /home/pavt1024/vsn/mate/outputs/qplex_focus_ctde_local_belief_v7_strong_distill_4v8_9_100k_5120_w1_b200/QPLEX_FOCUS
Number of trials: 1/1 (1 RUNNING)
Number of errored trials: 1
+-------------------------------------------------+--------------+------------------------------------------------------------------------------------------------------------------------------------------------------------------------------------------------------------+
| Trial name                                      |   # failures | error file                                                                                                                                                                                                 |
|-------------------------------------------------+--------------+------------------------------------------------------------------------------------------------------------------------------------------------------------------------------------------------------------|
| QPLEX_FOCUS_mate-qplex_focus.camera_c02f5_00000 |           18 | /home/pavt1024/vsn/mate/outputs/qplex_focus_ctde_local_belief_v7_strong_distill_4v8_9_100k_5120_w1_b200/QPLEX_FOCUS/QPLEX_FOCUS_mate-qplex_focus.camera_c02f5_00000_0_seed=0_2026-08-25_19-30-32/error.txt |
+-------------------------------------------------+--------------+------------------------------------------------------------------------------------------------------------------------------------------------------------------------------------------------------------+

== Status ==
Current time: 2026-08-25 19:33:54 (running for 00:03:27.54)
Memory usage on this node: 2.2/5.8 GiB
Using FIFO scheduling algorithm.
Resources requested: 2.0/8 CPUs, 1.0/1 GPUs, 0.0/3.02 GiB heap, 0.0/1.51 GiB objects
Result logdir: /home/pavt1024/vsn/mate/outputs/qplex_focus_ctde_local_belief_v7_strong_distill_4v8_9_100k_5120_w1_b200/QPLEX_FOCUS
Number of trials: 1/1 (1 RUNNING)
Number of errored trials: 1
+-------------------------------------------------+--------------+------------------------------------------------------------------------------------------------------------------------------------------------------------------------------------------------------------+
| Trial name                                      |   # failures | error file                                                                                                                                                                                                 |
|-------------------------------------------------+--------------+------------------------------------------------------------------------------------------------------------------------------------------------------------------------------------------------------------|
| QPLEX_FOCUS_mate-qplex_focus.camera_c02f5_00000 |           19 | /home/pavt1024/vsn/mate/outputs/qplex_focus_ctde_local_belief_v7_strong_distill_4v8_9_100k_5120_w1_b200/QPLEX_FOCUS/QPLEX_FOCUS_mate-qplex_focus.camera_c02f5_00000_0_seed=0_2026-08-25_19-30-32/error.txt |
+-------------------------------------------------+--------------+------------------------------------------------------------------------------------------------------------------------------------------------------------------------------------------------------------+

== Status ==
Current time: 2026-08-25 19:34:04 (running for 00:03:37.34)
Memory usage on this node: 2.2/5.8 GiB
Using FIFO scheduling algorithm.
Resources requested: 2.0/8 CPUs, 1.0/1 GPUs, 0.0/3.02 GiB heap, 0.0/1.51 GiB objects
Result logdir: /home/pavt1024/vsn/mate/outputs/qplex_focus_ctde_local_belief_v7_strong_distill_4v8_9_100k_5120_w1_b200/QPLEX_FOCUS
Number of trials: 1/1 (1 RUNNING)
Number of errored trials: 1
+-------------------------------------------------+--------------+------------------------------------------------------------------------------------------------------------------------------------------------------------------------------------------------------------+
| Trial name                                      |   # failures | error file                                                                                                                                                                                                 |
|-------------------------------------------------+--------------+------------------------------------------------------------------------------------------------------------------------------------------------------------------------------------------------------------|
| QPLEX_FOCUS_mate-qplex_focus.camera_c02f5_00000 |           20 | /home/pavt1024/vsn/mate/outputs/qplex_focus_ctde_local_belief_v7_strong_distill_4v8_9_100k_5120_w1_b200/QPLEX_FOCUS/QPLEX_FOCUS_mate-qplex_focus.camera_c02f5_00000_0_seed=0_2026-08-25_19-30-32/error.txt |
+-------------------------------------------------+--------------+------------------------------------------------------------------------------------------------------------------------------------------------------------------------------------------------------------+

== Status ==
Current time: 2026-08-25 19:34:14 (running for 00:03:47.79)
Memory usage on this node: 2.2/5.8 GiB
Using FIFO scheduling algorithm.
Resources requested: 2.0/8 CPUs, 1.0/1 GPUs, 0.0/3.02 GiB heap, 0.0/1.51 GiB objects
Result logdir: /home/pavt1024/vsn/mate/outputs/qplex_focus_ctde_local_belief_v7_strong_distill_4v8_9_100k_5120_w1_b200/QPLEX_FOCUS
Number of trials: 1/1 (1 RUNNING)
Number of errored trials: 1
+-------------------------------------------------+--------------+------------------------------------------------------------------------------------------------------------------------------------------------------------------------------------------------------------+
| Trial name                                      |   # failures | error file                                                                                                                                                                                                 |
|-------------------------------------------------+--------------+------------------------------------------------------------------------------------------------------------------------------------------------------------------------------------------------------------|
| QPLEX_FOCUS_mate-qplex_focus.camera_c02f5_00000 |           21 | /home/pavt1024/vsn/mate/outputs/qplex_focus_ctde_local_belief_v7_strong_distill_4v8_9_100k_5120_w1_b200/QPLEX_FOCUS/QPLEX_FOCUS_mate-qplex_focus.camera_c02f5_00000_0_seed=0_2026-08-25_19-30-32/error.txt |
+-------------------------------------------------+--------------+------------------------------------------------------------------------------------------------------------------------------------------------------------------------------------------------------------+

== Status ==
Current time: 2026-08-25 19:34:24 (running for 00:03:57.18)
Memory usage on this node: 2.3/5.8 GiB
Using FIFO scheduling algorithm.
Resources requested: 2.0/8 CPUs, 1.0/1 GPUs, 0.0/3.02 GiB heap, 0.0/1.51 GiB objects
Result logdir: /home/pavt1024/vsn/mate/outputs/qplex_focus_ctde_local_belief_v7_strong_distill_4v8_9_100k_5120_w1_b200/QPLEX_FOCUS
Number of trials: 1/1 (1 RUNNING)
Number of errored trials: 1
+-------------------------------------------------+--------------+------------------------------------------------------------------------------------------------------------------------------------------------------------------------------------------------------------+
| Trial name                                      |   # failures | error file                                                                                                                                                                                                 |
|-------------------------------------------------+--------------+------------------------------------------------------------------------------------------------------------------------------------------------------------------------------------------------------------|
| QPLEX_FOCUS_mate-qplex_focus.camera_c02f5_00000 |           22 | /home/pavt1024/vsn/mate/outputs/qplex_focus_ctde_local_belief_v7_strong_distill_4v8_9_100k_5120_w1_b200/QPLEX_FOCUS/QPLEX_FOCUS_mate-qplex_focus.camera_c02f5_00000_0_seed=0_2026-08-25_19-30-32/error.txt |
+-------------------------------------------------+--------------+------------------------------------------------------------------------------------------------------------------------------------------------------------------------------------------------------------+

== Status ==
Current time: 2026-08-25 19:34:24 (running for 00:03:57.19)
Memory usage on this node: 2.3/5.8 GiB
Using FIFO scheduling algorithm.
Resources requested: 0/8 CPUs, 0/1 GPUs, 0.0/3.02 GiB heap, 0.0/1.51 GiB objects
Result logdir: /home/pavt1024/vsn/mate/outputs/qplex_focus_ctde_local_belief_v7_strong_distill_4v8_9_100k_5120_w1_b200/QPLEX_FOCUS
Number of trials: 1/1 (1 PENDING)
Number of errored trials: 1
+-------------------------------------------------+--------------+------------------------------------------------------------------------------------------------------------------------------------------------------------------------------------------------------------+
| Trial name                                      |   # failures | error file                                                                                                                                                                                                 |
|-------------------------------------------------+--------------+------------------------------------------------------------------------------------------------------------------------------------------------------------------------------------------------------------|
| QPLEX_FOCUS_mate-qplex_focus.camera_c02f5_00000 |           23 | /home/pavt1024/vsn/mate/outputs/qplex_focus_ctde_local_belief_v7_strong_distill_4v8_9_100k_5120_w1_b200/QPLEX_FOCUS/QPLEX_FOCUS_mate-qplex_focus.camera_c02f5_00000_0_seed=0_2026-08-25_19-30-32/error.txt |
+-------------------------------------------------+--------------+------------------------------------------------------------------------------------------------------------------------------------------------------------------------------------------------------------+

== Status ==
Current time: 2026-08-25 19:34:34 (running for 00:04:07.07)
Memory usage on this node: 2.3/5.8 GiB
Using FIFO scheduling algorithm.
Resources requested: 2.0/8 CPUs, 1.0/1 GPUs, 0.0/3.02 GiB heap, 0.0/1.51 GiB objects
Result logdir: /home/pavt1024/vsn/mate/outputs/qplex_focus_ctde_local_belief_v7_strong_distill_4v8_9_100k_5120_w1_b200/QPLEX_FOCUS
Number of trials: 1/1 (1 RUNNING)
Number of errored trials: 1
+-------------------------------------------------+--------------+------------------------------------------------------------------------------------------------------------------------------------------------------------------------------------------------------------+
| Trial name                                      |   # failures | error file                                                                                                                                                                                                 |
|-------------------------------------------------+--------------+------------------------------------------------------------------------------------------------------------------------------------------------------------------------------------------------------------|
| QPLEX_FOCUS_mate-qplex_focus.camera_c02f5_00000 |           23 | /home/pavt1024/vsn/mate/outputs/qplex_focus_ctde_local_belief_v7_strong_distill_4v8_9_100k_5120_w1_b200/QPLEX_FOCUS/QPLEX_FOCUS_mate-qplex_focus.camera_c02f5_00000_0_seed=0_2026-08-25_19-30-32/error.txt |
+-------------------------------------------------+--------------+------------------------------------------------------------------------------------------------------------------------------------------------------------------------------------------------------------+

== Status ==
Current time: 2026-08-25 19:34:43 (running for 00:04:16.48)
Memory usage on this node: 2.3/5.8 GiB
Using FIFO scheduling algorithm.
Resources requested: 2.0/8 CPUs, 1.0/1 GPUs, 0.0/3.02 GiB heap, 0.0/1.51 GiB objects
Result logdir: /home/pavt1024/vsn/mate/outputs/qplex_focus_ctde_local_belief_v7_strong_distill_4v8_9_100k_5120_w1_b200/QPLEX_FOCUS
Number of trials: 1/1 (1 RUNNING)
Number of errored trials: 1
+-------------------------------------------------+--------------+------------------------------------------------------------------------------------------------------------------------------------------------------------------------------------------------------------+
| Trial name                                      |   # failures | error file                                                                                                                                                                                                 |
|-------------------------------------------------+--------------+------------------------------------------------------------------------------------------------------------------------------------------------------------------------------------------------------------|
| QPLEX_FOCUS_mate-qplex_focus.camera_c02f5_00000 |           24 | /home/pavt1024/vsn/mate/outputs/qplex_focus_ctde_local_belief_v7_strong_distill_4v8_9_100k_5120_w1_b200/QPLEX_FOCUS/QPLEX_FOCUS_mate-qplex_focus.camera_c02f5_00000_0_seed=0_2026-08-25_19-30-32/error.txt |
+-------------------------------------------------+--------------+------------------------------------------------------------------------------------------------------------------------------------------------------------------------------------------------------------+

