/home/pavt1024/vsn/mate/mate/environment.py:105: UserWarning: [33mWARN: Override configuration "reward_type" with `'dense'`.[0m
  gym.logger.warn(f'Override configuration "{prefix}{key}" with `{value!r}`.')
/home/pavt1024/vsn/mate/mate/environment.py:105: UserWarning: [33mWARN: Override configuration "shuffle_entities" with `False`.[0m
  gym.logger.warn(f'Override configuration "{prefix}{key}" with `{value!r}`.')
/home/pavt1024/vsn/mate/ray/tune/callback.py:236: FutureWarning: Please update `setup` method in callback `<class 'examples.utils.callbacks.WandbLoggerCallback'>` to match the method signature in `ray.tune.callback.Callback`.
  warnings.warn(
2026-08-25 00:52:52,930	INFO wandb.py:171 -- Already logged into W&B.
2026-08-25 00:52:53,405	INFO trial_runner.py:803 -- starting QPLEX_FOCUS_mate-qplex_focus.camera_a1112_00000
wandb: WARNING `start_method` is deprecated and will be removed in a future version of wandb. This setting is currently non-functional and safely ignored.
[2m[36m(QPlexFocusTrainer pid=142419)[0m /home/pavt1024/vsn/mate/mate/environment.py:105: UserWarning: [33mWARN: Override configuration "reward_type" with `'dense'`.[0m
[2m[36m(QPlexFocusTrainer pid=142419)[0m   gym.logger.warn(f'Override configuration "{prefix}{key}" with `{value!r}`.')
[2m[36m(QPlexFocusTrainer pid=142419)[0m /home/pavt1024/vsn/mate/mate/environment.py:105: UserWarning: [33mWARN: Override configuration "shuffle_entities" with `False`.[0m
[2m[36m(QPlexFocusTrainer pid=142419)[0m   gym.logger.warn(f'Override configuration "{prefix}{key}" with `{value!r}`.')
[2m[36m(QPlexFocusTrainer pid=142419)[0m 2026-08-25 00:52:58,758	INFO simple_q.py:161 -- In multi-agent mode, policies will be optimized sequentially by the multi-GPU optimizer. Consider setting `simple_optimizer=True` if this doesn't work for you.
[2m[36m(QPlexFocusTrainer pid=142419)[0m 2026-08-25 00:52:58,758	INFO trainer.py:864 -- Current log_level is WARN. For more information, set 'log_level': 'INFO' / 'DEBUG' or use the -v and -vv flags.
[2m[36m(RolloutWorker pid=142506)[0m /home/pavt1024/vsn/mate/mate/environment.py:105: UserWarning: [33mWARN: Override configuration "reward_type" with `'dense'`.[0m
[2m[36m(RolloutWorker pid=142506)[0m   gym.logger.warn(f'Override configuration "{prefix}{key}" with `{value!r}`.')
[2m[36m(RolloutWorker pid=142506)[0m /home/pavt1024/vsn/mate/mate/environment.py:105: UserWarning: [33mWARN: Override configuration "shuffle_entities" with `False`.[0m
[2m[36m(RolloutWorker pid=142506)[0m   gym.logger.warn(f'Override configuration "{prefix}{key}" with `{value!r}`.')
[2m[36m(RolloutWorker pid=142507)[0m /home/pavt1024/vsn/mate/mate/environment.py:105: UserWarning: [33mWARN: Override configuration "reward_type" with `'dense'`.[0m
[2m[36m(RolloutWorker pid=142507)[0m   gym.logger.warn(f'Override configuration "{prefix}{key}" with `{value!r}`.')
[2m[36m(RolloutWorker pid=142507)[0m /home/pavt1024/vsn/mate/mate/environment.py:105: UserWarning: [33mWARN: Override configuration "shuffle_entities" with `False`.[0m
[2m[36m(RolloutWorker pid=142507)[0m   gym.logger.warn(f'Override configuration "{prefix}{key}" with `{value!r}`.')
[2m[36m(QPlexFocusTrainer pid=142419)[0m 2026-08-25 00:53:11,684	INFO trainable.py:152 -- Trainable.setup took 12.931 seconds. If your trainable is slow to initialize, consider setting reuse_actors=True to reduce actor creation overheads.
[2m[36m(QPlexFocusTrainer pid=142419)[0m 2026-08-25 00:53:11,685	WARNING util.py:60 -- Install gputil for GPU system monitoring.
[2m[36m(RolloutWorker pid=142506)[0m /home/pavt1024/vsn/mate/ray/rllib/agents/qplex_focus/qplex_policy.py:1735: UserWarning: The given NumPy array is not writable, and PyTorch does not support non-writable tensors. This means writing to this tensor will result in undefined behavior. You may want to copy the array to protect its data or make it writable before converting it to a tensor. This type of warning will be suppressed for the rest of this program. (Triggered internally at ../torch/csrc/utils/tensor_numpy.cpp:199.)
[2m[36m(RolloutWorker pid=142506)[0m   k: torch.as_tensor(v, device=self.device) for k, v in state_dict.items()
[2m[36m(RolloutWorker pid=142507)[0m /home/pavt1024/vsn/mate/ray/rllib/agents/qplex_focus/qplex_policy.py:1735: UserWarning: The given NumPy array is not writable, and PyTorch does not support non-writable tensors. This means writing to this tensor will result in undefined behavior. You may want to copy the array to protect its data or make it writable before converting it to a tensor. This type of warning will be suppressed for the rest of this program. (Triggered internally at ../torch/csrc/utils/tensor_numpy.cpp:199.)
[2m[36m(RolloutWorker pid=142507)[0m   k: torch.as_tensor(v, device=self.device) for k, v in state_dict.items()
[2m[36m(QPlexFocusTrainer pid=142419)[0m /home/pavt1024/miniconda3/envs/mate/lib/python3.9/site-packages/torch/nn/functional.py:1956: UserWarning: nn.functional.tanh is deprecated. Use torch.tanh instead.
[2m[36m(QPlexFocusTrainer pid=142419)[0m   warnings.warn("nn.functional.tanh is deprecated. Use torch.tanh instead.")
2026-08-25 01:09:53,505	WARNING util.py:171 -- The `on_step_begin` operation took 1.179 s, which may be a performance bottleneck.
2026-08-25 01:28:25,702	WARNING util.py:171 -- The `process_trial_save` operation took 81.447 s, which may be a performance bottleneck.
2026-08-25 02:00:14,385	WARNING util.py:171 -- The `process_trial_save` operation took 130.383 s, which may be a performance bottleneck.
2026-08-25 02:06:55,762	WARNING util.py:171 -- The `callbacks.on_trial_result` operation took 1.590 s, which may be a performance bottleneck.
2026-08-25 02:06:55,774	WARNING util.py:171 -- The `process_trial_result` operation took 1.604 s, which may be a performance bottleneck.
2026-08-25 02:06:55,775	WARNING util.py:171 -- Processing trial results took 1.604 s, which may be a performance bottleneck. Please consider reporting results less frequently to Ray Tune.
2026-08-25 02:06:55,775	WARNING util.py:171 -- The `process_trial_result` operation took 1.636 s, which may be a performance bottleneck.
2026-08-25 02:32:07,273	WARNING util.py:171 -- The `process_trial_save` operation took 94.852 s, which may be a performance bottleneck.
2026-08-25 03:04:26,280	WARNING util.py:171 -- The `process_trial_save` operation took 110.542 s, which may be a performance bottleneck.
2026-08-25 03:35:22,129	WARNING util.py:171 -- The `process_trial_save` operation took 69.159 s, which may be a performance bottleneck.
2026-08-25 03:52:31,292	WARNING util.py:171 -- The `callbacks.on_trial_result` operation took 1.321 s, which may be a performance bottleneck.
2026-08-25 03:52:31,312	WARNING util.py:171 -- The `process_trial_result` operation took 1.452 s, which may be a performance bottleneck.
2026-08-25 03:52:31,313	WARNING util.py:171 -- Processing trial results took 1.452 s, which may be a performance bottleneck. Please consider reporting results less frequently to Ray Tune.
2026-08-25 03:52:31,313	WARNING util.py:171 -- The `process_trial_result` operation took 1.540 s, which may be a performance bottleneck.
2026-08-25 04:06:04,019	WARNING util.py:171 -- The `process_trial_save` operation took 59.723 s, which may be a performance bottleneck.
2026-08-25 04:38:14,248	WARNING util.py:171 -- The `process_trial_save` operation took 65.618 s, which may be a performance bottleneck.
2026-08-25 04:57:20,031	WARNING util.py:171 -- The `process_trial_save` operation took 54.404 s, which may be a performance bottleneck.
2026-08-25 04:57:21,849	INFO tune.py:701 -- Total run time: 14668.69 seconds (14667.94 seconds for the tuning loop).
