/home/pavt1024/vsn/mate/mate/environment.py:105: UserWarning: [33mWARN: Override configuration "reward_type" with `'dense'`.[0m
  gym.logger.warn(f'Override configuration "{prefix}{key}" with `{value!r}`.')
/home/pavt1024/vsn/mate/mate/environment.py:105: UserWarning: [33mWARN: Override configuration "shuffle_entities" with `False`.[0m
  gym.logger.warn(f'Override configuration "{prefix}{key}" with `{value!r}`.')
/home/pavt1024/vsn/mate/ray/tune/callback.py:236: FutureWarning: Please update `setup` method in callback `<class 'examples.utils.callbacks.WandbLoggerCallback'>` to match the method signature in `ray.tune.callback.Callback`.
  warnings.warn(
2026-08-25 13:18:45,984	INFO wandb.py:171 -- Already logged into W&B.
2026-08-25 13:18:46,364	INFO trial_runner.py:803 -- starting QPLEX_FOCUS_mate-qplex_focus.camera_d3fa0_00000
wandb: WARNING `start_method` is deprecated and will be removed in a future version of wandb. This setting is currently non-functional and safely ignored.
[2m[36m(QPlexFocusTrainer pid=222617)[0m /home/pavt1024/vsn/mate/mate/environment.py:105: UserWarning: [33mWARN: Override configuration "reward_type" with `'dense'`.[0m
[2m[36m(QPlexFocusTrainer pid=222617)[0m   gym.logger.warn(f'Override configuration "{prefix}{key}" with `{value!r}`.')
[2m[36m(QPlexFocusTrainer pid=222617)[0m /home/pavt1024/vsn/mate/mate/environment.py:105: UserWarning: [33mWARN: Override configuration "shuffle_entities" with `False`.[0m
[2m[36m(QPlexFocusTrainer pid=222617)[0m   gym.logger.warn(f'Override configuration "{prefix}{key}" with `{value!r}`.')
[2m[36m(QPlexFocusTrainer pid=222617)[0m 2026-08-25 13:18:50,926	INFO simple_q.py:161 -- In multi-agent mode, policies will be optimized sequentially by the multi-GPU optimizer. Consider setting `simple_optimizer=True` if this doesn't work for you.
[2m[36m(QPlexFocusTrainer pid=222617)[0m 2026-08-25 13:18:50,926	INFO trainer.py:864 -- Current log_level is WARN. For more information, set 'log_level': 'INFO' / 'DEBUG' or use the -v and -vv flags.
[2m[36m(RolloutWorker pid=222678)[0m /home/pavt1024/vsn/mate/mate/environment.py:105: UserWarning: [33mWARN: Override configuration "reward_type" with `'dense'`.[0m
[2m[36m(RolloutWorker pid=222678)[0m   gym.logger.warn(f'Override configuration "{prefix}{key}" with `{value!r}`.')
[2m[36m(RolloutWorker pid=222678)[0m /home/pavt1024/vsn/mate/mate/environment.py:105: UserWarning: [33mWARN: Override configuration "shuffle_entities" with `False`.[0m
[2m[36m(RolloutWorker pid=222678)[0m   gym.logger.warn(f'Override configuration "{prefix}{key}" with `{value!r}`.')
[2m[36m(RolloutWorker pid=222681)[0m /home/pavt1024/vsn/mate/mate/environment.py:105: UserWarning: [33mWARN: Override configuration "reward_type" with `'dense'`.[0m
[2m[36m(RolloutWorker pid=222681)[0m   gym.logger.warn(f'Override configuration "{prefix}{key}" with `{value!r}`.')
[2m[36m(RolloutWorker pid=222681)[0m /home/pavt1024/vsn/mate/mate/environment.py:105: UserWarning: [33mWARN: Override configuration "shuffle_entities" with `False`.[0m
[2m[36m(RolloutWorker pid=222681)[0m   gym.logger.warn(f'Override configuration "{prefix}{key}" with `{value!r}`.')
[2m[36m(RolloutWorker pid=222679)[0m /home/pavt1024/vsn/mate/mate/environment.py:105: UserWarning: [33mWARN: Override configuration "reward_type" with `'dense'`.[0m
[2m[36m(RolloutWorker pid=222679)[0m   gym.logger.warn(f'Override configuration "{prefix}{key}" with `{value!r}`.')
[2m[36m(RolloutWorker pid=222679)[0m /home/pavt1024/vsn/mate/mate/environment.py:105: UserWarning: [33mWARN: Override configuration "shuffle_entities" with `False`.[0m
[2m[36m(RolloutWorker pid=222679)[0m   gym.logger.warn(f'Override configuration "{prefix}{key}" with `{value!r}`.')
[2m[36m(RolloutWorker pid=222680)[0m /home/pavt1024/vsn/mate/mate/environment.py:105: UserWarning: [33mWARN: Override configuration "reward_type" with `'dense'`.[0m
[2m[36m(RolloutWorker pid=222680)[0m   gym.logger.warn(f'Override configuration "{prefix}{key}" with `{value!r}`.')
[2m[36m(RolloutWorker pid=222680)[0m /home/pavt1024/vsn/mate/mate/environment.py:105: UserWarning: [33mWARN: Override configuration "shuffle_entities" with `False`.[0m
[2m[36m(RolloutWorker pid=222680)[0m   gym.logger.warn(f'Override configuration "{prefix}{key}" with `{value!r}`.')
[2m[36m(QPlexFocusTrainer pid=222617)[0m 2026-08-25 13:19:11,365	INFO trainable.py:152 -- Trainable.setup took 20.446 seconds. If your trainable is slow to initialize, consider setting reuse_actors=True to reduce actor creation overheads.
[2m[36m(QPlexFocusTrainer pid=222617)[0m 2026-08-25 13:19:11,375	WARNING util.py:60 -- Install gputil for GPU system monitoring.
[2m[36m(RolloutWorker pid=222678)[0m /home/pavt1024/vsn/mate/ray/rllib/agents/qplex_focus/qplex_policy.py:1788: UserWarning: The given NumPy array is not writable, and PyTorch does not support non-writable tensors. This means writing to this tensor will result in undefined behavior. You may want to copy the array to protect its data or make it writable before converting it to a tensor. This type of warning will be suppressed for the rest of this program. (Triggered internally at ../torch/csrc/utils/tensor_numpy.cpp:199.)
[2m[36m(RolloutWorker pid=222678)[0m   k: torch.as_tensor(v, device=self.device) for k, v in state_dict.items()
[2m[36m(RolloutWorker pid=222681)[0m /home/pavt1024/vsn/mate/ray/rllib/agents/qplex_focus/qplex_policy.py:1788: UserWarning: The given NumPy array is not writable, and PyTorch does not support non-writable tensors. This means writing to this tensor will result in undefined behavior. You may want to copy the array to protect its data or make it writable before converting it to a tensor. This type of warning will be suppressed for the rest of this program. (Triggered internally at ../torch/csrc/utils/tensor_numpy.cpp:199.)
[2m[36m(RolloutWorker pid=222681)[0m   k: torch.as_tensor(v, device=self.device) for k, v in state_dict.items()
[2m[36m(RolloutWorker pid=222679)[0m /home/pavt1024/vsn/mate/ray/rllib/agents/qplex_focus/qplex_policy.py:1788: UserWarning: The given NumPy array is not writable, and PyTorch does not support non-writable tensors. This means writing to this tensor will result in undefined behavior. You may want to copy the array to protect its data or make it writable before converting it to a tensor. This type of warning will be suppressed for the rest of this program. (Triggered internally at ../torch/csrc/utils/tensor_numpy.cpp:199.)
[2m[36m(RolloutWorker pid=222679)[0m   k: torch.as_tensor(v, device=self.device) for k, v in state_dict.items()
[2m[36m(RolloutWorker pid=222680)[0m /home/pavt1024/vsn/mate/ray/rllib/agents/qplex_focus/qplex_policy.py:1788: UserWarning: The given NumPy array is not writable, and PyTorch does not support non-writable tensors. This means writing to this tensor will result in undefined behavior. You may want to copy the array to protect its data or make it writable before converting it to a tensor. This type of warning will be suppressed for the rest of this program. (Triggered internally at ../torch/csrc/utils/tensor_numpy.cpp:199.)
[2m[36m(RolloutWorker pid=222680)[0m   k: torch.as_tensor(v, device=self.device) for k, v in state_dict.items()
[2m[36m(QPlexFocusTrainer pid=222617)[0m 2026-08-25 13:21:06,714	WARNING replay_buffer.py:45 -- Estimated max memory usage for replay buffer is 2.3393982 GB (150 batches of size 881, 15595988 bytes each), available system memory is 6.214094848 GB
[2m[36m(QPlexFocusTrainer pid=222617)[0m /home/pavt1024/miniconda3/envs/mate/lib/python3.9/site-packages/torch/nn/functional.py:1956: UserWarning: nn.functional.tanh is deprecated. Use torch.tanh instead.
[2m[36m(QPlexFocusTrainer pid=222617)[0m   warnings.warn("nn.functional.tanh is deprecated. Use torch.tanh instead.")
2026-08-25 13:21:59,157	WARNING util.py:171 -- The `process_trial_result` operation took 0.623 s, which may be a performance bottleneck.
[2m[33m(raylet)[0m [2026-08-25 13:32:07,743 C 222267 222267] (raylet) node_manager.cc:170: This node has beem marked as dead.
[2m[33m(raylet)[0m *** StackTrace Information ***
[2m[33m(raylet)[0m     ray::SpdLogMessage::Flush()
[2m[33m(raylet)[0m     ray::RayLog::~RayLog()
[2m[33m(raylet)[0m     std::_Function_handler<>::_M_invoke()
[2m[33m(raylet)[0m     std::_Function_handler<>::_M_invoke()
[2m[33m(raylet)[0m     std::_Function_handler<>::_M_invoke()
[2m[33m(raylet)[0m     ray::rpc::ClientCallImpl<>::OnReplyReceived()
[2m[33m(raylet)[0m     std::_Function_handler<>::_M_invoke()
[2m[33m(raylet)[0m     EventTracker::RecordExecution()
[2m[33m(raylet)[0m     std::_Function_handler<>::_M_invoke()
[2m[33m(raylet)[0m     boost::asio::detail::completion_handler<>::do_complete()
[2m[33m(raylet)[0m     boost::asio::detail::scheduler::do_run_one()
[2m[33m(raylet)[0m     boost::asio::detail::scheduler::run()
[2m[33m(raylet)[0m     boost::asio::io_context::run()
[2m[33m(raylet)[0m     main
[2m[33m(raylet)[0m     __libc_start_main
[2m[33m(raylet)[0m 
*** SIGTERM received at time=1787639773 on cpu 6 ***
PC: @     0x701861f1bbca  (unknown)  __read
    @     0x701861e45330  380567952  (unknown)
    @           0x59f61b  (unknown)  _Py_read
[2026-08-25 13:36:13,318 E 222618 222140] logging.cc:325: *** SIGTERM received at time=1787639773 on cpu 6 ***
[2026-08-25 13:36:13,326 E 222618 222140] logging.cc:325: PC: @     0x701861f1bbca  (unknown)  __read
[2026-08-25 13:36:13,326 E 222618 222140] logging.cc:325:     @     0x701861e45330  380567952  (unknown)
[2026-08-25 13:36:13,326 E 222618 222140] logging.cc:325:     @           0x59f61b  (unknown)  _Py_read
