NUM_GPUS_FOR_TRAINER: 1
Resume checkpoint: False
Num ray gpus: 0.0
[2m[36m(RolloutWorker pid=137662)[0m <class 'ray.rllib.agents.qplex_focus.qplex_policy.QPLEXFocusTorchPolicy'>
[2m[36m(RolloutWorker pid=137663)[0m <class 'ray.rllib.agents.qplex_focus.qplex_policy.QPLEXFocusTorchPolicy'>
[2m[36m(QPlexFocusTrainer pid=137584)[0m <class 'ray.rllib.agents.qplex_focus.qplex_policy.QPLEXFocusTorchPolicy'>
== Status ==
Current time: 2026-08-25 00:44:55 (running for 00:00:29.57)
Memory usage on this node: 2.8/5.8 GiB
Using FIFO scheduling algorithm.
Resources requested: 3.0/4 CPUs, 0/0 GPUs, 0.0/2.54 GiB heap, 0.0/1.27 GiB objects
Result logdir: /home/pavt1024/vsn/mate/outputs/qplex_focus_ctde_guarded_4v8_9_200k_5120/QPLEX_FOCUS
Number of trials: 1/1 (1 RUNNING)


== Status ==
Current time: 2026-08-25 00:45:00 (running for 00:00:34.68)
Memory usage on this node: 2.8/5.8 GiB
Using FIFO scheduling algorithm.
Resources requested: 3.0/4 CPUs, 0/0 GPUs, 0.0/2.54 GiB heap, 0.0/1.27 GiB objects
Result logdir: /home/pavt1024/vsn/mate/outputs/qplex_focus_ctde_guarded_4v8_9_200k_5120/QPLEX_FOCUS
Number of trials: 1/1 (1 RUNNING)


== Status ==
Current time: 2026-08-25 00:45:05 (running for 00:00:39.68)
Memory usage on this node: 2.8/5.8 GiB
Using FIFO scheduling algorithm.
Resources requested: 3.0/4 CPUs, 0/0 GPUs, 0.0/2.54 GiB heap, 0.0/1.27 GiB objects
Result logdir: /home/pavt1024/vsn/mate/outputs/qplex_focus_ctde_guarded_4v8_9_200k_5120/QPLEX_FOCUS
Number of trials: 1/1 (1 RUNNING)


== Status ==
Current time: 2026-08-25 00:45:10 (running for 00:00:44.69)
Memory usage on this node: 2.8/5.8 GiB
Using FIFO scheduling algorithm.
Resources requested: 3.0/4 CPUs, 0/0 GPUs, 0.0/2.54 GiB heap, 0.0/1.27 GiB objects
Result logdir: /home/pavt1024/vsn/mate/outputs/qplex_focus_ctde_guarded_4v8_9_200k_5120/QPLEX_FOCUS
Number of trials: 1/1 (1 RUNNING)


== Status ==
Current time: 2026-08-25 00:45:16 (running for 00:00:50.82)
Memory usage on this node: 2.8/5.8 GiB
Using FIFO scheduling algorithm.
Resources requested: 3.0/4 CPUs, 0/0 GPUs, 0.0/2.54 GiB heap, 0.0/1.27 GiB objects
Result logdir: /home/pavt1024/vsn/mate/outputs/qplex_focus_ctde_guarded_4v8_9_200k_5120/QPLEX_FOCUS
Number of trials: 1/1 (1 RUNNING)


[2m[36m(RolloutWorker pid=138124)[0m <class 'ray.rllib.agents.qplex_focus.qplex_policy.QPLEXFocusTorchPolicy'>
[2m[36m(RolloutWorker pid=138125)[0m <class 'ray.rllib.agents.qplex_focus.qplex_policy.QPLEXFocusTorchPolicy'>
[2m[36m(QPlexFocusTrainer pid=138068)[0m <class 'ray.rllib.agents.qplex_focus.qplex_policy.QPLEXFocusTorchPolicy'>
== Status ==
Current time: 2026-08-25 00:45:41 (running for 00:01:14.90)
Memory usage on this node: 2.8/5.8 GiB
Using FIFO scheduling algorithm.
Resources requested: 3.0/4 CPUs, 0/0 GPUs, 0.0/2.54 GiB heap, 0.0/1.27 GiB objects
Result logdir: /home/pavt1024/vsn/mate/outputs/qplex_focus_ctde_guarded_4v8_9_200k_5120/QPLEX_FOCUS
Number of trials: 1/1 (1 RUNNING)
Number of errored trials: 1
+-------------------------------------------------+--------------+----------------------------------------------------------------------------------------------------------------------------------------------------------------------+
| Trial name                                      |   # failures | error file                                                                                                                                                           |
|-------------------------------------------------+--------------+----------------------------------------------------------------------------------------------------------------------------------------------------------------------|
| QPLEX_FOCUS_mate-qplex_focus.camera_72f05_00000 |            1 | /home/pavt1024/vsn/mate/outputs/qplex_focus_ctde_guarded_4v8_9_200k_5120/QPLEX_FOCUS/QPLEX_FOCUS_mate-qplex_focus.camera_72f05_00000_0_2026-08-25_00-44-27/error.txt |
+-------------------------------------------------+--------------+----------------------------------------------------------------------------------------------------------------------------------------------------------------------+

== Status ==
Current time: 2026-08-25 00:45:47 (running for 00:01:20.97)
Memory usage on this node: 2.8/5.8 GiB
Using FIFO scheduling algorithm.
Resources requested: 3.0/4 CPUs, 0/0 GPUs, 0.0/2.54 GiB heap, 0.0/1.27 GiB objects
Result logdir: /home/pavt1024/vsn/mate/outputs/qplex_focus_ctde_guarded_4v8_9_200k_5120/QPLEX_FOCUS
Number of trials: 1/1 (1 RUNNING)
Number of errored trials: 1
+-------------------------------------------------+--------------+----------------------------------------------------------------------------------------------------------------------------------------------------------------------+
| Trial name                                      |   # failures | error file                                                                                                                                                           |
|-------------------------------------------------+--------------+----------------------------------------------------------------------------------------------------------------------------------------------------------------------|
| QPLEX_FOCUS_mate-qplex_focus.camera_72f05_00000 |            1 | /home/pavt1024/vsn/mate/outputs/qplex_focus_ctde_guarded_4v8_9_200k_5120/QPLEX_FOCUS/QPLEX_FOCUS_mate-qplex_focus.camera_72f05_00000_0_2026-08-25_00-44-27/error.txt |
+-------------------------------------------------+--------------+----------------------------------------------------------------------------------------------------------------------------------------------------------------------+

== Status ==
Current time: 2026-08-25 00:45:52 (running for 00:01:25.97)
Memory usage on this node: 2.8/5.8 GiB
Using FIFO scheduling algorithm.
Resources requested: 3.0/4 CPUs, 0/0 GPUs, 0.0/2.54 GiB heap, 0.0/1.27 GiB objects
Result logdir: /home/pavt1024/vsn/mate/outputs/qplex_focus_ctde_guarded_4v8_9_200k_5120/QPLEX_FOCUS
Number of trials: 1/1 (1 RUNNING)
Number of errored trials: 1
+-------------------------------------------------+--------------+----------------------------------------------------------------------------------------------------------------------------------------------------------------------+
| Trial name                                      |   # failures | error file                                                                                                                                                           |
|-------------------------------------------------+--------------+----------------------------------------------------------------------------------------------------------------------------------------------------------------------|
| QPLEX_FOCUS_mate-qplex_focus.camera_72f05_00000 |            1 | /home/pavt1024/vsn/mate/outputs/qplex_focus_ctde_guarded_4v8_9_200k_5120/QPLEX_FOCUS/QPLEX_FOCUS_mate-qplex_focus.camera_72f05_00000_0_2026-08-25_00-44-27/error.txt |
+-------------------------------------------------+--------------+----------------------------------------------------------------------------------------------------------------------------------------------------------------------+

== Status ==
Current time: 2026-08-25 00:45:57 (running for 00:01:30.98)
Memory usage on this node: 2.8/5.8 GiB
Using FIFO scheduling algorithm.
Resources requested: 3.0/4 CPUs, 0/0 GPUs, 0.0/2.54 GiB heap, 0.0/1.27 GiB objects
Result logdir: /home/pavt1024/vsn/mate/outputs/qplex_focus_ctde_guarded_4v8_9_200k_5120/QPLEX_FOCUS
Number of trials: 1/1 (1 RUNNING)
Number of errored trials: 1
+-------------------------------------------------+--------------+----------------------------------------------------------------------------------------------------------------------------------------------------------------------+
| Trial name                                      |   # failures | error file                                                                                                                                                           |
|-------------------------------------------------+--------------+----------------------------------------------------------------------------------------------------------------------------------------------------------------------|
| QPLEX_FOCUS_mate-qplex_focus.camera_72f05_00000 |            1 | /home/pavt1024/vsn/mate/outputs/qplex_focus_ctde_guarded_4v8_9_200k_5120/QPLEX_FOCUS/QPLEX_FOCUS_mate-qplex_focus.camera_72f05_00000_0_2026-08-25_00-44-27/error.txt |
+-------------------------------------------------+--------------+----------------------------------------------------------------------------------------------------------------------------------------------------------------------+

== Status ==
Current time: 2026-08-25 00:46:02 (running for 00:01:35.98)
Memory usage on this node: 2.8/5.8 GiB
Using FIFO scheduling algorithm.
Resources requested: 3.0/4 CPUs, 0/0 GPUs, 0.0/2.54 GiB heap, 0.0/1.27 GiB objects
Result logdir: /home/pavt1024/vsn/mate/outputs/qplex_focus_ctde_guarded_4v8_9_200k_5120/QPLEX_FOCUS
Number of trials: 1/1 (1 RUNNING)
Number of errored trials: 1
+-------------------------------------------------+--------------+----------------------------------------------------------------------------------------------------------------------------------------------------------------------+
| Trial name                                      |   # failures | error file                                                                                                                                                           |
|-------------------------------------------------+--------------+----------------------------------------------------------------------------------------------------------------------------------------------------------------------|
| QPLEX_FOCUS_mate-qplex_focus.camera_72f05_00000 |            1 | /home/pavt1024/vsn/mate/outputs/qplex_focus_ctde_guarded_4v8_9_200k_5120/QPLEX_FOCUS/QPLEX_FOCUS_mate-qplex_focus.camera_72f05_00000_0_2026-08-25_00-44-27/error.txt |
+-------------------------------------------------+--------------+----------------------------------------------------------------------------------------------------------------------------------------------------------------------+

== Status ==
Current time: 2026-08-25 00:46:07 (running for 00:01:40.99)
Memory usage on this node: 3.0/5.8 GiB
Using FIFO scheduling algorithm.
Resources requested: 3.0/4 CPUs, 0/0 GPUs, 0.0/2.54 GiB heap, 0.0/1.27 GiB objects
Result logdir: /home/pavt1024/vsn/mate/outputs/qplex_focus_ctde_guarded_4v8_9_200k_5120/QPLEX_FOCUS
Number of trials: 1/1 (1 RUNNING)
Number of errored trials: 1
+-------------------------------------------------+--------------+----------------------------------------------------------------------------------------------------------------------------------------------------------------------+
| Trial name                                      |   # failures | error file                                                                                                                                                           |
|-------------------------------------------------+--------------+----------------------------------------------------------------------------------------------------------------------------------------------------------------------|
| QPLEX_FOCUS_mate-qplex_focus.camera_72f05_00000 |            1 | /home/pavt1024/vsn/mate/outputs/qplex_focus_ctde_guarded_4v8_9_200k_5120/QPLEX_FOCUS/QPLEX_FOCUS_mate-qplex_focus.camera_72f05_00000_0_2026-08-25_00-44-27/error.txt |
+-------------------------------------------------+--------------+----------------------------------------------------------------------------------------------------------------------------------------------------------------------+

[2m[36m(RolloutWorker pid=138504)[0m <class 'ray.rllib.agents.qplex_focus.qplex_policy.QPLEXFocusTorchPolicy'>
[2m[36m(RolloutWorker pid=138505)[0m <class 'ray.rllib.agents.qplex_focus.qplex_policy.QPLEXFocusTorchPolicy'>
[2m[36m(QPlexFocusTrainer pid=138396)[0m <class 'ray.rllib.agents.qplex_focus.qplex_policy.QPLEXFocusTorchPolicy'>
== Status ==
Current time: 2026-08-25 00:46:26 (running for 00:02:00.33)
Memory usage on this node: 2.8/5.8 GiB
Using FIFO scheduling algorithm.
Resources requested: 3.0/4 CPUs, 0/0 GPUs, 0.0/2.54 GiB heap, 0.0/1.27 GiB objects
Result logdir: /home/pavt1024/vsn/mate/outputs/qplex_focus_ctde_guarded_4v8_9_200k_5120/QPLEX_FOCUS
Number of trials: 1/1 (1 RUNNING)
Number of errored trials: 1
+-------------------------------------------------+--------------+----------------------------------------------------------------------------------------------------------------------------------------------------------------------+
| Trial name                                      |   # failures | error file                                                                                                                                                           |
|-------------------------------------------------+--------------+----------------------------------------------------------------------------------------------------------------------------------------------------------------------|
| QPLEX_FOCUS_mate-qplex_focus.camera_72f05_00000 |            2 | /home/pavt1024/vsn/mate/outputs/qplex_focus_ctde_guarded_4v8_9_200k_5120/QPLEX_FOCUS/QPLEX_FOCUS_mate-qplex_focus.camera_72f05_00000_0_2026-08-25_00-44-27/error.txt |
+-------------------------------------------------+--------------+----------------------------------------------------------------------------------------------------------------------------------------------------------------------+

== Status ==
Current time: 2026-08-25 00:46:31 (running for 00:02:05.36)
Memory usage on this node: 2.9/5.8 GiB
Using FIFO scheduling algorithm.
Resources requested: 3.0/4 CPUs, 0/0 GPUs, 0.0/2.54 GiB heap, 0.0/1.27 GiB objects
Result logdir: /home/pavt1024/vsn/mate/outputs/qplex_focus_ctde_guarded_4v8_9_200k_5120/QPLEX_FOCUS
Number of trials: 1/1 (1 RUNNING)
Number of errored trials: 1
+-------------------------------------------------+--------------+----------------------------------------------------------------------------------------------------------------------------------------------------------------------+
| Trial name                                      |   # failures | error file                                                                                                                                                           |
|-------------------------------------------------+--------------+----------------------------------------------------------------------------------------------------------------------------------------------------------------------|
| QPLEX_FOCUS_mate-qplex_focus.camera_72f05_00000 |            2 | /home/pavt1024/vsn/mate/outputs/qplex_focus_ctde_guarded_4v8_9_200k_5120/QPLEX_FOCUS/QPLEX_FOCUS_mate-qplex_focus.camera_72f05_00000_0_2026-08-25_00-44-27/error.txt |
+-------------------------------------------------+--------------+----------------------------------------------------------------------------------------------------------------------------------------------------------------------+

== Status ==
Current time: 2026-08-25 00:46:36 (running for 00:02:10.36)
Memory usage on this node: 2.9/5.8 GiB
Using FIFO scheduling algorithm.
Resources requested: 3.0/4 CPUs, 0/0 GPUs, 0.0/2.54 GiB heap, 0.0/1.27 GiB objects
Result logdir: /home/pavt1024/vsn/mate/outputs/qplex_focus_ctde_guarded_4v8_9_200k_5120/QPLEX_FOCUS
Number of trials: 1/1 (1 RUNNING)
Number of errored trials: 1
+-------------------------------------------------+--------------+----------------------------------------------------------------------------------------------------------------------------------------------------------------------+
| Trial name                                      |   # failures | error file                                                                                                                                                           |
|-------------------------------------------------+--------------+----------------------------------------------------------------------------------------------------------------------------------------------------------------------|
| QPLEX_FOCUS_mate-qplex_focus.camera_72f05_00000 |            2 | /home/pavt1024/vsn/mate/outputs/qplex_focus_ctde_guarded_4v8_9_200k_5120/QPLEX_FOCUS/QPLEX_FOCUS_mate-qplex_focus.camera_72f05_00000_0_2026-08-25_00-44-27/error.txt |
+-------------------------------------------------+--------------+----------------------------------------------------------------------------------------------------------------------------------------------------------------------+

== Status ==
Current time: 2026-08-25 00:46:41 (running for 00:02:15.37)
Memory usage on this node: 2.9/5.8 GiB
Using FIFO scheduling algorithm.
Resources requested: 3.0/4 CPUs, 0/0 GPUs, 0.0/2.54 GiB heap, 0.0/1.27 GiB objects
Result logdir: /home/pavt1024/vsn/mate/outputs/qplex_focus_ctde_guarded_4v8_9_200k_5120/QPLEX_FOCUS
Number of trials: 1/1 (1 RUNNING)
Number of errored trials: 1
+-------------------------------------------------+--------------+----------------------------------------------------------------------------------------------------------------------------------------------------------------------+
| Trial name                                      |   # failures | error file                                                                                                                                                           |
|-------------------------------------------------+--------------+----------------------------------------------------------------------------------------------------------------------------------------------------------------------|
| QPLEX_FOCUS_mate-qplex_focus.camera_72f05_00000 |            2 | /home/pavt1024/vsn/mate/outputs/qplex_focus_ctde_guarded_4v8_9_200k_5120/QPLEX_FOCUS/QPLEX_FOCUS_mate-qplex_focus.camera_72f05_00000_0_2026-08-25_00-44-27/error.txt |
+-------------------------------------------------+--------------+----------------------------------------------------------------------------------------------------------------------------------------------------------------------+

== Status ==
Current time: 2026-08-25 00:46:46 (running for 00:02:20.37)
Memory usage on this node: 2.9/5.8 GiB
Using FIFO scheduling algorithm.
Resources requested: 3.0/4 CPUs, 0/0 GPUs, 0.0/2.54 GiB heap, 0.0/1.27 GiB objects
Result logdir: /home/pavt1024/vsn/mate/outputs/qplex_focus_ctde_guarded_4v8_9_200k_5120/QPLEX_FOCUS
Number of trials: 1/1 (1 RUNNING)
Number of errored trials: 1
+-------------------------------------------------+--------------+----------------------------------------------------------------------------------------------------------------------------------------------------------------------+
| Trial name                                      |   # failures | error file                                                                                                                                                           |
|-------------------------------------------------+--------------+----------------------------------------------------------------------------------------------------------------------------------------------------------------------|
| QPLEX_FOCUS_mate-qplex_focus.camera_72f05_00000 |            2 | /home/pavt1024/vsn/mate/outputs/qplex_focus_ctde_guarded_4v8_9_200k_5120/QPLEX_FOCUS/QPLEX_FOCUS_mate-qplex_focus.camera_72f05_00000_0_2026-08-25_00-44-27/error.txt |
+-------------------------------------------------+--------------+----------------------------------------------------------------------------------------------------------------------------------------------------------------------+

[2m[36m(RolloutWorker pid=138697)[0m <class 'ray.rllib.agents.qplex_focus.qplex_policy.QPLEXFocusTorchPolicy'>
[2m[36m(RolloutWorker pid=138696)[0m <class 'ray.rllib.agents.qplex_focus.qplex_policy.QPLEXFocusTorchPolicy'>
[2m[36m(QPlexFocusTrainer pid=138643)[0m <class 'ray.rllib.agents.qplex_focus.qplex_policy.QPLEXFocusTorchPolicy'>
== Status ==
Current time: 2026-08-25 00:47:07 (running for 00:02:41.62)
Memory usage on this node: 2.9/5.8 GiB
Using FIFO scheduling algorithm.
Resources requested: 3.0/4 CPUs, 0/0 GPUs, 0.0/2.54 GiB heap, 0.0/1.27 GiB objects
Result logdir: /home/pavt1024/vsn/mate/outputs/qplex_focus_ctde_guarded_4v8_9_200k_5120/QPLEX_FOCUS
Number of trials: 1/1 (1 RUNNING)
Number of errored trials: 1
+-------------------------------------------------+--------------+----------------------------------------------------------------------------------------------------------------------------------------------------------------------+
| Trial name                                      |   # failures | error file                                                                                                                                                           |
|-------------------------------------------------+--------------+----------------------------------------------------------------------------------------------------------------------------------------------------------------------|
| QPLEX_FOCUS_mate-qplex_focus.camera_72f05_00000 |            3 | /home/pavt1024/vsn/mate/outputs/qplex_focus_ctde_guarded_4v8_9_200k_5120/QPLEX_FOCUS/QPLEX_FOCUS_mate-qplex_focus.camera_72f05_00000_0_2026-08-25_00-44-27/error.txt |
+-------------------------------------------------+--------------+----------------------------------------------------------------------------------------------------------------------------------------------------------------------+

== Status ==
Current time: 2026-08-25 00:47:12 (running for 00:02:46.64)
Memory usage on this node: 2.9/5.8 GiB
Using FIFO scheduling algorithm.
Resources requested: 3.0/4 CPUs, 0/0 GPUs, 0.0/2.54 GiB heap, 0.0/1.27 GiB objects
Result logdir: /home/pavt1024/vsn/mate/outputs/qplex_focus_ctde_guarded_4v8_9_200k_5120/QPLEX_FOCUS
Number of trials: 1/1 (1 RUNNING)
Number of errored trials: 1
+-------------------------------------------------+--------------+----------------------------------------------------------------------------------------------------------------------------------------------------------------------+
| Trial name                                      |   # failures | error file                                                                                                                                                           |
|-------------------------------------------------+--------------+----------------------------------------------------------------------------------------------------------------------------------------------------------------------|
| QPLEX_FOCUS_mate-qplex_focus.camera_72f05_00000 |            3 | /home/pavt1024/vsn/mate/outputs/qplex_focus_ctde_guarded_4v8_9_200k_5120/QPLEX_FOCUS/QPLEX_FOCUS_mate-qplex_focus.camera_72f05_00000_0_2026-08-25_00-44-27/error.txt |
+-------------------------------------------------+--------------+----------------------------------------------------------------------------------------------------------------------------------------------------------------------+

== Status ==
Current time: 2026-08-25 00:47:17 (running for 00:02:51.65)
Memory usage on this node: 2.9/5.8 GiB
Using FIFO scheduling algorithm.
Resources requested: 3.0/4 CPUs, 0/0 GPUs, 0.0/2.54 GiB heap, 0.0/1.27 GiB objects
Result logdir: /home/pavt1024/vsn/mate/outputs/qplex_focus_ctde_guarded_4v8_9_200k_5120/QPLEX_FOCUS
Number of trials: 1/1 (1 RUNNING)
Number of errored trials: 1
+-------------------------------------------------+--------------+----------------------------------------------------------------------------------------------------------------------------------------------------------------------+
| Trial name                                      |   # failures | error file                                                                                                                                                           |
|-------------------------------------------------+--------------+----------------------------------------------------------------------------------------------------------------------------------------------------------------------|
| QPLEX_FOCUS_mate-qplex_focus.camera_72f05_00000 |            3 | /home/pavt1024/vsn/mate/outputs/qplex_focus_ctde_guarded_4v8_9_200k_5120/QPLEX_FOCUS/QPLEX_FOCUS_mate-qplex_focus.camera_72f05_00000_0_2026-08-25_00-44-27/error.txt |
+-------------------------------------------------+--------------+----------------------------------------------------------------------------------------------------------------------------------------------------------------------+

== Status ==
Current time: 2026-08-25 00:47:22 (running for 00:02:56.67)
Memory usage on this node: 2.9/5.8 GiB
Using FIFO scheduling algorithm.
Resources requested: 3.0/4 CPUs, 0/0 GPUs, 0.0/2.54 GiB heap, 0.0/1.27 GiB objects
Result logdir: /home/pavt1024/vsn/mate/outputs/qplex_focus_ctde_guarded_4v8_9_200k_5120/QPLEX_FOCUS
Number of trials: 1/1 (1 RUNNING)
Number of errored trials: 1
+-------------------------------------------------+--------------+----------------------------------------------------------------------------------------------------------------------------------------------------------------------+
| Trial name                                      |   # failures | error file                                                                                                                                                           |
|-------------------------------------------------+--------------+----------------------------------------------------------------------------------------------------------------------------------------------------------------------|
| QPLEX_FOCUS_mate-qplex_focus.camera_72f05_00000 |            3 | /home/pavt1024/vsn/mate/outputs/qplex_focus_ctde_guarded_4v8_9_200k_5120/QPLEX_FOCUS/QPLEX_FOCUS_mate-qplex_focus.camera_72f05_00000_0_2026-08-25_00-44-27/error.txt |
+-------------------------------------------------+--------------+----------------------------------------------------------------------------------------------------------------------------------------------------------------------+

== Status ==
Current time: 2026-08-25 00:47:28 (running for 00:03:02.78)
Memory usage on this node: 2.9/5.8 GiB
Using FIFO scheduling algorithm.
Resources requested: 3.0/4 CPUs, 0/0 GPUs, 0.0/2.54 GiB heap, 0.0/1.27 GiB objects
Result logdir: /home/pavt1024/vsn/mate/outputs/qplex_focus_ctde_guarded_4v8_9_200k_5120/QPLEX_FOCUS
Number of trials: 1/1 (1 RUNNING)
Number of errored trials: 1
+-------------------------------------------------+--------------+----------------------------------------------------------------------------------------------------------------------------------------------------------------------+
| Trial name                                      |   # failures | error file                                                                                                                                                           |
|-------------------------------------------------+--------------+----------------------------------------------------------------------------------------------------------------------------------------------------------------------|
| QPLEX_FOCUS_mate-qplex_focus.camera_72f05_00000 |            3 | /home/pavt1024/vsn/mate/outputs/qplex_focus_ctde_guarded_4v8_9_200k_5120/QPLEX_FOCUS/QPLEX_FOCUS_mate-qplex_focus.camera_72f05_00000_0_2026-08-25_00-44-27/error.txt |
+-------------------------------------------------+--------------+----------------------------------------------------------------------------------------------------------------------------------------------------------------------+

[2m[36m(RolloutWorker pid=138876)[0m <class 'ray.rllib.agents.qplex_focus.qplex_policy.QPLEXFocusTorchPolicy'>
[2m[36m(RolloutWorker pid=138877)[0m <class 'ray.rllib.agents.qplex_focus.qplex_policy.QPLEXFocusTorchPolicy'>
[2m[36m(QPlexFocusTrainer pid=138817)[0m <class 'ray.rllib.agents.qplex_focus.qplex_policy.QPLEXFocusTorchPolicy'>
== Status ==
Current time: 2026-08-25 00:47:46 (running for 00:03:20.86)
Memory usage on this node: 2.9/5.8 GiB
Using FIFO scheduling algorithm.
Resources requested: 3.0/4 CPUs, 0/0 GPUs, 0.0/2.54 GiB heap, 0.0/1.27 GiB objects
Result logdir: /home/pavt1024/vsn/mate/outputs/qplex_focus_ctde_guarded_4v8_9_200k_5120/QPLEX_FOCUS
Number of trials: 1/1 (1 RUNNING)
Number of errored trials: 1
+-------------------------------------------------+--------------+----------------------------------------------------------------------------------------------------------------------------------------------------------------------+
| Trial name                                      |   # failures | error file                                                                                                                                                           |
|-------------------------------------------------+--------------+----------------------------------------------------------------------------------------------------------------------------------------------------------------------|
| QPLEX_FOCUS_mate-qplex_focus.camera_72f05_00000 |            4 | /home/pavt1024/vsn/mate/outputs/qplex_focus_ctde_guarded_4v8_9_200k_5120/QPLEX_FOCUS/QPLEX_FOCUS_mate-qplex_focus.camera_72f05_00000_0_2026-08-25_00-44-27/error.txt |
+-------------------------------------------------+--------------+----------------------------------------------------------------------------------------------------------------------------------------------------------------------+

== Status ==
Current time: 2026-08-25 00:47:51 (running for 00:03:25.89)
Memory usage on this node: 2.9/5.8 GiB
Using FIFO scheduling algorithm.
Resources requested: 3.0/4 CPUs, 0/0 GPUs, 0.0/2.54 GiB heap, 0.0/1.27 GiB objects
Result logdir: /home/pavt1024/vsn/mate/outputs/qplex_focus_ctde_guarded_4v8_9_200k_5120/QPLEX_FOCUS
Number of trials: 1/1 (1 RUNNING)
Number of errored trials: 1
+-------------------------------------------------+--------------+----------------------------------------------------------------------------------------------------------------------------------------------------------------------+
| Trial name                                      |   # failures | error file                                                                                                                                                           |
|-------------------------------------------------+--------------+----------------------------------------------------------------------------------------------------------------------------------------------------------------------|
| QPLEX_FOCUS_mate-qplex_focus.camera_72f05_00000 |            4 | /home/pavt1024/vsn/mate/outputs/qplex_focus_ctde_guarded_4v8_9_200k_5120/QPLEX_FOCUS/QPLEX_FOCUS_mate-qplex_focus.camera_72f05_00000_0_2026-08-25_00-44-27/error.txt |
+-------------------------------------------------+--------------+----------------------------------------------------------------------------------------------------------------------------------------------------------------------+

== Status ==
Current time: 2026-08-25 00:47:56 (running for 00:03:30.89)
Memory usage on this node: 2.9/5.8 GiB
Using FIFO scheduling algorithm.
Resources requested: 3.0/4 CPUs, 0/0 GPUs, 0.0/2.54 GiB heap, 0.0/1.27 GiB objects
Result logdir: /home/pavt1024/vsn/mate/outputs/qplex_focus_ctde_guarded_4v8_9_200k_5120/QPLEX_FOCUS
Number of trials: 1/1 (1 RUNNING)
Number of errored trials: 1
+-------------------------------------------------+--------------+----------------------------------------------------------------------------------------------------------------------------------------------------------------------+
| Trial name                                      |   # failures | error file                                                                                                                                                           |
|-------------------------------------------------+--------------+----------------------------------------------------------------------------------------------------------------------------------------------------------------------|
| QPLEX_FOCUS_mate-qplex_focus.camera_72f05_00000 |            4 | /home/pavt1024/vsn/mate/outputs/qplex_focus_ctde_guarded_4v8_9_200k_5120/QPLEX_FOCUS/QPLEX_FOCUS_mate-qplex_focus.camera_72f05_00000_0_2026-08-25_00-44-27/error.txt |
+-------------------------------------------------+--------------+----------------------------------------------------------------------------------------------------------------------------------------------------------------------+

== Status ==
Current time: 2026-08-25 00:48:03 (running for 00:03:37.02)
Memory usage on this node: 2.9/5.8 GiB
Using FIFO scheduling algorithm.
Resources requested: 3.0/4 CPUs, 0/0 GPUs, 0.0/2.54 GiB heap, 0.0/1.27 GiB objects
Result logdir: /home/pavt1024/vsn/mate/outputs/qplex_focus_ctde_guarded_4v8_9_200k_5120/QPLEX_FOCUS
Number of trials: 1/1 (1 RUNNING)
Number of errored trials: 1
+-------------------------------------------------+--------------+----------------------------------------------------------------------------------------------------------------------------------------------------------------------+
| Trial name                                      |   # failures | error file                                                                                                                                                           |
|-------------------------------------------------+--------------+----------------------------------------------------------------------------------------------------------------------------------------------------------------------|
| QPLEX_FOCUS_mate-qplex_focus.camera_72f05_00000 |            4 | /home/pavt1024/vsn/mate/outputs/qplex_focus_ctde_guarded_4v8_9_200k_5120/QPLEX_FOCUS/QPLEX_FOCUS_mate-qplex_focus.camera_72f05_00000_0_2026-08-25_00-44-27/error.txt |
+-------------------------------------------------+--------------+----------------------------------------------------------------------------------------------------------------------------------------------------------------------+

== Status ==
Current time: 2026-08-25 00:48:08 (running for 00:03:42.02)
Memory usage on this node: 2.9/5.8 GiB
Using FIFO scheduling algorithm.
Resources requested: 3.0/4 CPUs, 0/0 GPUs, 0.0/2.54 GiB heap, 0.0/1.27 GiB objects
Result logdir: /home/pavt1024/vsn/mate/outputs/qplex_focus_ctde_guarded_4v8_9_200k_5120/QPLEX_FOCUS
Number of trials: 1/1 (1 RUNNING)
Number of errored trials: 1
+-------------------------------------------------+--------------+----------------------------------------------------------------------------------------------------------------------------------------------------------------------+
| Trial name                                      |   # failures | error file                                                                                                                                                           |
|-------------------------------------------------+--------------+----------------------------------------------------------------------------------------------------------------------------------------------------------------------|
| QPLEX_FOCUS_mate-qplex_focus.camera_72f05_00000 |            4 | /home/pavt1024/vsn/mate/outputs/qplex_focus_ctde_guarded_4v8_9_200k_5120/QPLEX_FOCUS/QPLEX_FOCUS_mate-qplex_focus.camera_72f05_00000_0_2026-08-25_00-44-27/error.txt |
+-------------------------------------------------+--------------+----------------------------------------------------------------------------------------------------------------------------------------------------------------------+

[2m[36m(RolloutWorker pid=139178)[0m <class 'ray.rllib.agents.qplex_focus.qplex_policy.QPLEXFocusTorchPolicy'>
[2m[36m(RolloutWorker pid=139179)[0m <class 'ray.rllib.agents.qplex_focus.qplex_policy.QPLEXFocusTorchPolicy'>
[2m[36m(QPlexFocusTrainer pid=139017)[0m <class 'ray.rllib.agents.qplex_focus.qplex_policy.QPLEXFocusTorchPolicy'>
== Status ==
Current time: 2026-08-25 00:48:27 (running for 00:04:01.23)
Memory usage on this node: 2.9/5.8 GiB
Using FIFO scheduling algorithm.
Resources requested: 3.0/4 CPUs, 0/0 GPUs, 0.0/2.54 GiB heap, 0.0/1.27 GiB objects
Result logdir: /home/pavt1024/vsn/mate/outputs/qplex_focus_ctde_guarded_4v8_9_200k_5120/QPLEX_FOCUS
Number of trials: 1/1 (1 RUNNING)
Number of errored trials: 1
+-------------------------------------------------+--------------+----------------------------------------------------------------------------------------------------------------------------------------------------------------------+
| Trial name                                      |   # failures | error file                                                                                                                                                           |
|-------------------------------------------------+--------------+----------------------------------------------------------------------------------------------------------------------------------------------------------------------|
| QPLEX_FOCUS_mate-qplex_focus.camera_72f05_00000 |            5 | /home/pavt1024/vsn/mate/outputs/qplex_focus_ctde_guarded_4v8_9_200k_5120/QPLEX_FOCUS/QPLEX_FOCUS_mate-qplex_focus.camera_72f05_00000_0_2026-08-25_00-44-27/error.txt |
+-------------------------------------------------+--------------+----------------------------------------------------------------------------------------------------------------------------------------------------------------------+

== Status ==
Current time: 2026-08-25 00:48:32 (running for 00:04:06.24)
Memory usage on this node: 2.9/5.8 GiB
Using FIFO scheduling algorithm.
Resources requested: 3.0/4 CPUs, 0/0 GPUs, 0.0/2.54 GiB heap, 0.0/1.27 GiB objects
Result logdir: /home/pavt1024/vsn/mate/outputs/qplex_focus_ctde_guarded_4v8_9_200k_5120/QPLEX_FOCUS
Number of trials: 1/1 (1 RUNNING)
Number of errored trials: 1
+-------------------------------------------------+--------------+----------------------------------------------------------------------------------------------------------------------------------------------------------------------+
| Trial name                                      |   # failures | error file                                                                                                                                                           |
|-------------------------------------------------+--------------+----------------------------------------------------------------------------------------------------------------------------------------------------------------------|
| QPLEX_FOCUS_mate-qplex_focus.camera_72f05_00000 |            5 | /home/pavt1024/vsn/mate/outputs/qplex_focus_ctde_guarded_4v8_9_200k_5120/QPLEX_FOCUS/QPLEX_FOCUS_mate-qplex_focus.camera_72f05_00000_0_2026-08-25_00-44-27/error.txt |
+-------------------------------------------------+--------------+----------------------------------------------------------------------------------------------------------------------------------------------------------------------+

== Status ==
Current time: 2026-08-25 00:48:38 (running for 00:04:12.36)
Memory usage on this node: 2.9/5.8 GiB
Using FIFO scheduling algorithm.
Resources requested: 3.0/4 CPUs, 0/0 GPUs, 0.0/2.54 GiB heap, 0.0/1.27 GiB objects
Result logdir: /home/pavt1024/vsn/mate/outputs/qplex_focus_ctde_guarded_4v8_9_200k_5120/QPLEX_FOCUS
Number of trials: 1/1 (1 RUNNING)
Number of errored trials: 1
+-------------------------------------------------+--------------+----------------------------------------------------------------------------------------------------------------------------------------------------------------------+
| Trial name                                      |   # failures | error file                                                                                                                                                           |
|-------------------------------------------------+--------------+----------------------------------------------------------------------------------------------------------------------------------------------------------------------|
| QPLEX_FOCUS_mate-qplex_focus.camera_72f05_00000 |            5 | /home/pavt1024/vsn/mate/outputs/qplex_focus_ctde_guarded_4v8_9_200k_5120/QPLEX_FOCUS/QPLEX_FOCUS_mate-qplex_focus.camera_72f05_00000_0_2026-08-25_00-44-27/error.txt |
+-------------------------------------------------+--------------+----------------------------------------------------------------------------------------------------------------------------------------------------------------------+

== Status ==
Current time: 2026-08-25 00:48:43 (running for 00:04:17.37)
Memory usage on this node: 2.9/5.8 GiB
Using FIFO scheduling algorithm.
Resources requested: 3.0/4 CPUs, 0/0 GPUs, 0.0/2.54 GiB heap, 0.0/1.27 GiB objects
Result logdir: /home/pavt1024/vsn/mate/outputs/qplex_focus_ctde_guarded_4v8_9_200k_5120/QPLEX_FOCUS
Number of trials: 1/1 (1 RUNNING)
Number of errored trials: 1
+-------------------------------------------------+--------------+----------------------------------------------------------------------------------------------------------------------------------------------------------------------+
| Trial name                                      |   # failures | error file                                                                                                                                                           |
|-------------------------------------------------+--------------+----------------------------------------------------------------------------------------------------------------------------------------------------------------------|
| QPLEX_FOCUS_mate-qplex_focus.camera_72f05_00000 |            5 | /home/pavt1024/vsn/mate/outputs/qplex_focus_ctde_guarded_4v8_9_200k_5120/QPLEX_FOCUS/QPLEX_FOCUS_mate-qplex_focus.camera_72f05_00000_0_2026-08-25_00-44-27/error.txt |
+-------------------------------------------------+--------------+----------------------------------------------------------------------------------------------------------------------------------------------------------------------+

== Status ==
Current time: 2026-08-25 00:48:48 (running for 00:04:22.37)
Memory usage on this node: 2.9/5.8 GiB
Using FIFO scheduling algorithm.
Resources requested: 3.0/4 CPUs, 0/0 GPUs, 0.0/2.54 GiB heap, 0.0/1.27 GiB objects
Result logdir: /home/pavt1024/vsn/mate/outputs/qplex_focus_ctde_guarded_4v8_9_200k_5120/QPLEX_FOCUS
Number of trials: 1/1 (1 RUNNING)
Number of errored trials: 1
+-------------------------------------------------+--------------+----------------------------------------------------------------------------------------------------------------------------------------------------------------------+
| Trial name                                      |   # failures | error file                                                                                                                                                           |
|-------------------------------------------------+--------------+----------------------------------------------------------------------------------------------------------------------------------------------------------------------|
| QPLEX_FOCUS_mate-qplex_focus.camera_72f05_00000 |            5 | /home/pavt1024/vsn/mate/outputs/qplex_focus_ctde_guarded_4v8_9_200k_5120/QPLEX_FOCUS/QPLEX_FOCUS_mate-qplex_focus.camera_72f05_00000_0_2026-08-25_00-44-27/error.txt |
+-------------------------------------------------+--------------+----------------------------------------------------------------------------------------------------------------------------------------------------------------------+

[2m[36m(RolloutWorker pid=139653)[0m <class 'ray.rllib.agents.qplex_focus.qplex_policy.QPLEXFocusTorchPolicy'>
[2m[36m(RolloutWorker pid=139652)[0m <class 'ray.rllib.agents.qplex_focus.qplex_policy.QPLEXFocusTorchPolicy'>
[2m[36m(QPlexFocusTrainer pid=139527)[0m <class 'ray.rllib.agents.qplex_focus.qplex_policy.QPLEXFocusTorchPolicy'>
== Status ==
Current time: 2026-08-25 00:49:08 (running for 00:04:42.08)
Memory usage on this node: 2.9/5.8 GiB
Using FIFO scheduling algorithm.
Resources requested: 3.0/4 CPUs, 0/0 GPUs, 0.0/2.54 GiB heap, 0.0/1.27 GiB objects
Result logdir: /home/pavt1024/vsn/mate/outputs/qplex_focus_ctde_guarded_4v8_9_200k_5120/QPLEX_FOCUS
Number of trials: 1/1 (1 RUNNING)
Number of errored trials: 1
+-------------------------------------------------+--------------+----------------------------------------------------------------------------------------------------------------------------------------------------------------------+
| Trial name                                      |   # failures | error file                                                                                                                                                           |
|-------------------------------------------------+--------------+----------------------------------------------------------------------------------------------------------------------------------------------------------------------|
| QPLEX_FOCUS_mate-qplex_focus.camera_72f05_00000 |            6 | /home/pavt1024/vsn/mate/outputs/qplex_focus_ctde_guarded_4v8_9_200k_5120/QPLEX_FOCUS/QPLEX_FOCUS_mate-qplex_focus.camera_72f05_00000_0_2026-08-25_00-44-27/error.txt |
+-------------------------------------------------+--------------+----------------------------------------------------------------------------------------------------------------------------------------------------------------------+

== Status ==
Current time: 2026-08-25 00:49:13 (running for 00:04:47.10)
Memory usage on this node: 2.9/5.8 GiB
Using FIFO scheduling algorithm.
Resources requested: 3.0/4 CPUs, 0/0 GPUs, 0.0/2.54 GiB heap, 0.0/1.27 GiB objects
Result logdir: /home/pavt1024/vsn/mate/outputs/qplex_focus_ctde_guarded_4v8_9_200k_5120/QPLEX_FOCUS
Number of trials: 1/1 (1 RUNNING)
Number of errored trials: 1
+-------------------------------------------------+--------------+----------------------------------------------------------------------------------------------------------------------------------------------------------------------+
| Trial name                                      |   # failures | error file                                                                                                                                                           |
|-------------------------------------------------+--------------+----------------------------------------------------------------------------------------------------------------------------------------------------------------------|
| QPLEX_FOCUS_mate-qplex_focus.camera_72f05_00000 |            6 | /home/pavt1024/vsn/mate/outputs/qplex_focus_ctde_guarded_4v8_9_200k_5120/QPLEX_FOCUS/QPLEX_FOCUS_mate-qplex_focus.camera_72f05_00000_0_2026-08-25_00-44-27/error.txt |
+-------------------------------------------------+--------------+----------------------------------------------------------------------------------------------------------------------------------------------------------------------+

== Status ==
Current time: 2026-08-25 00:49:18 (running for 00:04:52.10)
Memory usage on this node: 2.9/5.8 GiB
Using FIFO scheduling algorithm.
Resources requested: 3.0/4 CPUs, 0/0 GPUs, 0.0/2.54 GiB heap, 0.0/1.27 GiB objects
Result logdir: /home/pavt1024/vsn/mate/outputs/qplex_focus_ctde_guarded_4v8_9_200k_5120/QPLEX_FOCUS
Number of trials: 1/1 (1 RUNNING)
Number of errored trials: 1
+-------------------------------------------------+--------------+----------------------------------------------------------------------------------------------------------------------------------------------------------------------+
| Trial name                                      |   # failures | error file                                                                                                                                                           |
|-------------------------------------------------+--------------+----------------------------------------------------------------------------------------------------------------------------------------------------------------------|
| QPLEX_FOCUS_mate-qplex_focus.camera_72f05_00000 |            6 | /home/pavt1024/vsn/mate/outputs/qplex_focus_ctde_guarded_4v8_9_200k_5120/QPLEX_FOCUS/QPLEX_FOCUS_mate-qplex_focus.camera_72f05_00000_0_2026-08-25_00-44-27/error.txt |
+-------------------------------------------------+--------------+----------------------------------------------------------------------------------------------------------------------------------------------------------------------+

== Status ==
Current time: 2026-08-25 00:49:23 (running for 00:04:57.12)
Memory usage on this node: 3.0/5.8 GiB
Using FIFO scheduling algorithm.
Resources requested: 3.0/4 CPUs, 0/0 GPUs, 0.0/2.54 GiB heap, 0.0/1.27 GiB objects
Result logdir: /home/pavt1024/vsn/mate/outputs/qplex_focus_ctde_guarded_4v8_9_200k_5120/QPLEX_FOCUS
Number of trials: 1/1 (1 RUNNING)
Number of errored trials: 1
+-------------------------------------------------+--------------+----------------------------------------------------------------------------------------------------------------------------------------------------------------------+
| Trial name                                      |   # failures | error file                                                                                                                                                           |
|-------------------------------------------------+--------------+----------------------------------------------------------------------------------------------------------------------------------------------------------------------|
| QPLEX_FOCUS_mate-qplex_focus.camera_72f05_00000 |            6 | /home/pavt1024/vsn/mate/outputs/qplex_focus_ctde_guarded_4v8_9_200k_5120/QPLEX_FOCUS/QPLEX_FOCUS_mate-qplex_focus.camera_72f05_00000_0_2026-08-25_00-44-27/error.txt |
+-------------------------------------------------+--------------+----------------------------------------------------------------------------------------------------------------------------------------------------------------------+

== Status ==
Current time: 2026-08-25 00:49:28 (running for 00:05:02.12)
Memory usage on this node: 3.0/5.8 GiB
Using FIFO scheduling algorithm.
Resources requested: 3.0/4 CPUs, 0/0 GPUs, 0.0/2.54 GiB heap, 0.0/1.27 GiB objects
Result logdir: /home/pavt1024/vsn/mate/outputs/qplex_focus_ctde_guarded_4v8_9_200k_5120/QPLEX_FOCUS
Number of trials: 1/1 (1 RUNNING)
Number of errored trials: 1
+-------------------------------------------------+--------------+----------------------------------------------------------------------------------------------------------------------------------------------------------------------+
| Trial name                                      |   # failures | error file                                                                                                                                                           |
|-------------------------------------------------+--------------+----------------------------------------------------------------------------------------------------------------------------------------------------------------------|
| QPLEX_FOCUS_mate-qplex_focus.camera_72f05_00000 |            6 | /home/pavt1024/vsn/mate/outputs/qplex_focus_ctde_guarded_4v8_9_200k_5120/QPLEX_FOCUS/QPLEX_FOCUS_mate-qplex_focus.camera_72f05_00000_0_2026-08-25_00-44-27/error.txt |
+-------------------------------------------------+--------------+----------------------------------------------------------------------------------------------------------------------------------------------------------------------+

