/home/pavt1024/vsn/mate/mate/environment.py:105: UserWarning: [33mWARN: Override configuration "reward_type" with `'dense'`.[0m
  gym.logger.warn(f'Override configuration "{prefix}{key}" with `{value!r}`.')
/home/pavt1024/vsn/mate/mate/environment.py:105: UserWarning: [33mWARN: Override configuration "shuffle_entities" with `False`.[0m
  gym.logger.warn(f'Override configuration "{prefix}{key}" with `{value!r}`.')
/home/pavt1024/vsn/mate/ray/tune/callback.py:236: FutureWarning: Please update `setup` method in callback `<class 'examples.utils.callbacks.WandbLoggerCallback'>` to match the method signature in `ray.tune.callback.Callback`.
  warnings.warn(
2026-08-25 00:44:26,097	INFO wandb.py:171 -- Already logged into W&B.
2026-08-25 00:44:27,051	INFO trial_runner.py:803 -- starting QPLEX_FOCUS_mate-qplex_focus.camera_72f05_00000
wandb: WARNING `start_method` is deprecated and will be removed in a future version of wandb. This setting is currently non-functional and safely ignored.
[2m[36m(QPlexFocusTrainer pid=137584)[0m /home/pavt1024/vsn/mate/mate/environment.py:105: UserWarning: [33mWARN: Override configuration "reward_type" with `'dense'`.[0m
[2m[36m(QPlexFocusTrainer pid=137584)[0m   gym.logger.warn(f'Override configuration "{prefix}{key}" with `{value!r}`.')
[2m[36m(QPlexFocusTrainer pid=137584)[0m /home/pavt1024/vsn/mate/mate/environment.py:105: UserWarning: [33mWARN: Override configuration "shuffle_entities" with `False`.[0m
[2m[36m(QPlexFocusTrainer pid=137584)[0m   gym.logger.warn(f'Override configuration "{prefix}{key}" with `{value!r}`.')
[2m[36m(QPlexFocusTrainer pid=137584)[0m 2026-08-25 00:44:34,737	INFO simple_q.py:161 -- In multi-agent mode, policies will be optimized sequentially by the multi-GPU optimizer. Consider setting `simple_optimizer=True` if this doesn't work for you.
[2m[36m(QPlexFocusTrainer pid=137584)[0m 2026-08-25 00:44:34,738	INFO trainer.py:864 -- Current log_level is WARN. For more information, set 'log_level': 'INFO' / 'DEBUG' or use the -v and -vv flags.
[2m[36m(RolloutWorker pid=137662)[0m /home/pavt1024/vsn/mate/mate/environment.py:105: UserWarning: [33mWARN: Override configuration "reward_type" with `'dense'`.[0m
[2m[36m(RolloutWorker pid=137662)[0m   gym.logger.warn(f'Override configuration "{prefix}{key}" with `{value!r}`.')
[2m[36m(RolloutWorker pid=137662)[0m /home/pavt1024/vsn/mate/mate/environment.py:105: UserWarning: [33mWARN: Override configuration "shuffle_entities" with `False`.[0m
[2m[36m(RolloutWorker pid=137662)[0m   gym.logger.warn(f'Override configuration "{prefix}{key}" with `{value!r}`.')
[2m[36m(RolloutWorker pid=137663)[0m /home/pavt1024/vsn/mate/mate/environment.py:105: UserWarning: [33mWARN: Override configuration "reward_type" with `'dense'`.[0m
[2m[36m(RolloutWorker pid=137663)[0m   gym.logger.warn(f'Override configuration "{prefix}{key}" with `{value!r}`.')
[2m[36m(RolloutWorker pid=137663)[0m /home/pavt1024/vsn/mate/mate/environment.py:105: UserWarning: [33mWARN: Override configuration "shuffle_entities" with `False`.[0m
[2m[36m(RolloutWorker pid=137663)[0m   gym.logger.warn(f'Override configuration "{prefix}{key}" with `{value!r}`.')
[2m[36m(QPlexFocusTrainer pid=137584)[0m 2026-08-25 00:44:55,435	INFO trainable.py:152 -- Trainable.setup took 20.733 seconds. If your trainable is slow to initialize, consider setting reuse_actors=True to reduce actor creation overheads.
[2m[36m(QPlexFocusTrainer pid=137584)[0m 2026-08-25 00:44:55,454	WARNING util.py:60 -- Install gputil for GPU system monitoring.
[2m[36m(RolloutWorker pid=137662)[0m /home/pavt1024/vsn/mate/ray/rllib/agents/qplex_focus/qplex_policy.py:1734: UserWarning: The given NumPy array is not writable, and PyTorch does not support non-writable tensors. This means writing to this tensor will result in undefined behavior. You may want to copy the array to protect its data or make it writable before converting it to a tensor. This type of warning will be suppressed for the rest of this program. (Triggered internally at ../torch/csrc/utils/tensor_numpy.cpp:199.)
[2m[36m(RolloutWorker pid=137662)[0m   k: torch.as_tensor(v, device=self.device) for k, v in state_dict.items()
[2m[36m(RolloutWorker pid=137663)[0m /home/pavt1024/vsn/mate/ray/rllib/agents/qplex_focus/qplex_policy.py:1734: UserWarning: The given NumPy array is not writable, and PyTorch does not support non-writable tensors. This means writing to this tensor will result in undefined behavior. You may want to copy the array to protect its data or make it writable before converting it to a tensor. This type of warning will be suppressed for the rest of this program. (Triggered internally at ../torch/csrc/utils/tensor_numpy.cpp:199.)
[2m[36m(RolloutWorker pid=137663)[0m   k: torch.as_tensor(v, device=self.device) for k, v in state_dict.items()
2026-08-25 00:45:21,719	ERROR trial_runner.py:876 -- Trial QPLEX_FOCUS_mate-qplex_focus.camera_72f05_00000: Error processing event.
NoneType: None
2026-08-25 00:45:21,735	INFO trial_runner.py:1239 -- Trial QPLEX_FOCUS_mate-qplex_focus.camera_72f05_00000: Attempting to restore trial state from last checkpoint.
2026-08-25 00:45:22,429	INFO trial_runner.py:803 -- starting QPLEX_FOCUS_mate-qplex_focus.camera_72f05_00000
wandb: WARNING `start_method` is deprecated and will be removed in a future version of wandb. This setting is currently non-functional and safely ignored.
[2m[36m(QPlexFocusTrainer pid=138068)[0m /home/pavt1024/vsn/mate/mate/environment.py:105: UserWarning: [33mWARN: Override configuration "reward_type" with `'dense'`.[0m
[2m[36m(QPlexFocusTrainer pid=138068)[0m   gym.logger.warn(f'Override configuration "{prefix}{key}" with `{value!r}`.')
[2m[36m(QPlexFocusTrainer pid=138068)[0m /home/pavt1024/vsn/mate/mate/environment.py:105: UserWarning: [33mWARN: Override configuration "shuffle_entities" with `False`.[0m
[2m[36m(QPlexFocusTrainer pid=138068)[0m   gym.logger.warn(f'Override configuration "{prefix}{key}" with `{value!r}`.')
[2m[36m(QPlexFocusTrainer pid=138068)[0m 2026-08-25 00:45:31,244	INFO simple_q.py:161 -- In multi-agent mode, policies will be optimized sequentially by the multi-GPU optimizer. Consider setting `simple_optimizer=True` if this doesn't work for you.
[2m[36m(QPlexFocusTrainer pid=138068)[0m 2026-08-25 00:45:31,244	INFO trainer.py:864 -- Current log_level is WARN. For more information, set 'log_level': 'INFO' / 'DEBUG' or use the -v and -vv flags.
[2m[36m(RolloutWorker pid=138124)[0m /home/pavt1024/vsn/mate/mate/environment.py:105: UserWarning: [33mWARN: Override configuration "reward_type" with `'dense'`.[0m
[2m[36m(RolloutWorker pid=138124)[0m   gym.logger.warn(f'Override configuration "{prefix}{key}" with `{value!r}`.')
[2m[36m(RolloutWorker pid=138124)[0m /home/pavt1024/vsn/mate/mate/environment.py:105: UserWarning: [33mWARN: Override configuration "shuffle_entities" with `False`.[0m
[2m[36m(RolloutWorker pid=138124)[0m   gym.logger.warn(f'Override configuration "{prefix}{key}" with `{value!r}`.')
[2m[36m(RolloutWorker pid=138125)[0m /home/pavt1024/vsn/mate/mate/environment.py:105: UserWarning: [33mWARN: Override configuration "reward_type" with `'dense'`.[0m
[2m[36m(RolloutWorker pid=138125)[0m   gym.logger.warn(f'Override configuration "{prefix}{key}" with `{value!r}`.')
[2m[36m(RolloutWorker pid=138125)[0m /home/pavt1024/vsn/mate/mate/environment.py:105: UserWarning: [33mWARN: Override configuration "shuffle_entities" with `False`.[0m
[2m[36m(RolloutWorker pid=138125)[0m   gym.logger.warn(f'Override configuration "{prefix}{key}" with `{value!r}`.')
[2m[36m(QPlexFocusTrainer pid=138068)[0m 2026-08-25 00:45:40,974	WARNING util.py:60 -- Install gputil for GPU system monitoring.
[2m[36m(RolloutWorker pid=138124)[0m /home/pavt1024/vsn/mate/ray/rllib/agents/qplex_focus/qplex_policy.py:1734: UserWarning: The given NumPy array is not writable, and PyTorch does not support non-writable tensors. This means writing to this tensor will result in undefined behavior. You may want to copy the array to protect its data or make it writable before converting it to a tensor. This type of warning will be suppressed for the rest of this program. (Triggered internally at ../torch/csrc/utils/tensor_numpy.cpp:199.)
[2m[36m(RolloutWorker pid=138124)[0m   k: torch.as_tensor(v, device=self.device) for k, v in state_dict.items()
[2m[36m(RolloutWorker pid=138125)[0m /home/pavt1024/vsn/mate/ray/rllib/agents/qplex_focus/qplex_policy.py:1734: UserWarning: The given NumPy array is not writable, and PyTorch does not support non-writable tensors. This means writing to this tensor will result in undefined behavior. You may want to copy the array to protect its data or make it writable before converting it to a tensor. This type of warning will be suppressed for the rest of this program. (Triggered internally at ../torch/csrc/utils/tensor_numpy.cpp:199.)
[2m[36m(RolloutWorker pid=138125)[0m   k: torch.as_tensor(v, device=self.device) for k, v in state_dict.items()
2026-08-25 00:46:08,520	ERROR trial_runner.py:876 -- Trial QPLEX_FOCUS_mate-qplex_focus.camera_72f05_00000: Error processing event.
NoneType: None
2026-08-25 00:46:08,807	INFO trial_runner.py:1239 -- Trial QPLEX_FOCUS_mate-qplex_focus.camera_72f05_00000: Attempting to restore trial state from last checkpoint.
2026-08-25 00:46:09,817	INFO trial_runner.py:803 -- starting QPLEX_FOCUS_mate-qplex_focus.camera_72f05_00000
wandb: WARNING `start_method` is deprecated and will be removed in a future version of wandb. This setting is currently non-functional and safely ignored.
2026-08-25 00:46:10,363	WARNING util.py:171 -- The `start_trial` operation took 0.544 s, which may be a performance bottleneck.
[2m[36m(QPlexFocusTrainer pid=138396)[0m /home/pavt1024/vsn/mate/mate/environment.py:105: UserWarning: [33mWARN: Override configuration "reward_type" with `'dense'`.[0m
[2m[36m(QPlexFocusTrainer pid=138396)[0m   gym.logger.warn(f'Override configuration "{prefix}{key}" with `{value!r}`.')
[2m[36m(QPlexFocusTrainer pid=138396)[0m /home/pavt1024/vsn/mate/mate/environment.py:105: UserWarning: [33mWARN: Override configuration "shuffle_entities" with `False`.[0m
[2m[36m(QPlexFocusTrainer pid=138396)[0m   gym.logger.warn(f'Override configuration "{prefix}{key}" with `{value!r}`.')
[2m[36m(QPlexFocusTrainer pid=138396)[0m 2026-08-25 00:46:15,850	INFO simple_q.py:161 -- In multi-agent mode, policies will be optimized sequentially by the multi-GPU optimizer. Consider setting `simple_optimizer=True` if this doesn't work for you.
[2m[36m(QPlexFocusTrainer pid=138396)[0m 2026-08-25 00:46:15,850	INFO trainer.py:864 -- Current log_level is WARN. For more information, set 'log_level': 'INFO' / 'DEBUG' or use the -v and -vv flags.
[2m[36m(RolloutWorker pid=138504)[0m /home/pavt1024/vsn/mate/mate/environment.py:105: UserWarning: [33mWARN: Override configuration "reward_type" with `'dense'`.[0m
[2m[36m(RolloutWorker pid=138504)[0m   gym.logger.warn(f'Override configuration "{prefix}{key}" with `{value!r}`.')
[2m[36m(RolloutWorker pid=138504)[0m /home/pavt1024/vsn/mate/mate/environment.py:105: UserWarning: [33mWARN: Override configuration "shuffle_entities" with `False`.[0m
[2m[36m(RolloutWorker pid=138504)[0m   gym.logger.warn(f'Override configuration "{prefix}{key}" with `{value!r}`.')
[2m[36m(RolloutWorker pid=138505)[0m /home/pavt1024/vsn/mate/mate/environment.py:105: UserWarning: [33mWARN: Override configuration "reward_type" with `'dense'`.[0m
[2m[36m(RolloutWorker pid=138505)[0m   gym.logger.warn(f'Override configuration "{prefix}{key}" with `{value!r}`.')
[2m[36m(RolloutWorker pid=138505)[0m /home/pavt1024/vsn/mate/mate/environment.py:105: UserWarning: [33mWARN: Override configuration "shuffle_entities" with `False`.[0m
[2m[36m(RolloutWorker pid=138505)[0m   gym.logger.warn(f'Override configuration "{prefix}{key}" with `{value!r}`.')
[2m[36m(QPlexFocusTrainer pid=138396)[0m 2026-08-25 00:46:26,406	INFO trainable.py:152 -- Trainable.setup took 10.560 seconds. If your trainable is slow to initialize, consider setting reuse_actors=True to reduce actor creation overheads.
[2m[36m(QPlexFocusTrainer pid=138396)[0m 2026-08-25 00:46:26,407	WARNING util.py:60 -- Install gputil for GPU system monitoring.
[2m[36m(RolloutWorker pid=138504)[0m /home/pavt1024/vsn/mate/ray/rllib/agents/qplex_focus/qplex_policy.py:1734: UserWarning: The given NumPy array is not writable, and PyTorch does not support non-writable tensors. This means writing to this tensor will result in undefined behavior. You may want to copy the array to protect its data or make it writable before converting it to a tensor. This type of warning will be suppressed for the rest of this program. (Triggered internally at ../torch/csrc/utils/tensor_numpy.cpp:199.)
[2m[36m(RolloutWorker pid=138504)[0m   k: torch.as_tensor(v, device=self.device) for k, v in state_dict.items()
[2m[36m(RolloutWorker pid=138505)[0m /home/pavt1024/vsn/mate/ray/rllib/agents/qplex_focus/qplex_policy.py:1734: UserWarning: The given NumPy array is not writable, and PyTorch does not support non-writable tensors. This means writing to this tensor will result in undefined behavior. You may want to copy the array to protect its data or make it writable before converting it to a tensor. This type of warning will be suppressed for the rest of this program. (Triggered internally at ../torch/csrc/utils/tensor_numpy.cpp:199.)
[2m[36m(RolloutWorker pid=138505)[0m   k: torch.as_tensor(v, device=self.device) for k, v in state_dict.items()
2026-08-25 00:46:50,315	ERROR trial_runner.py:876 -- Trial QPLEX_FOCUS_mate-qplex_focus.camera_72f05_00000: Error processing event.
NoneType: None
2026-08-25 00:46:50,318	INFO trial_runner.py:1239 -- Trial QPLEX_FOCUS_mate-qplex_focus.camera_72f05_00000: Attempting to restore trial state from last checkpoint.
2026-08-25 00:46:51,538	INFO trial_runner.py:803 -- starting QPLEX_FOCUS_mate-qplex_focus.camera_72f05_00000
wandb: WARNING `start_method` is deprecated and will be removed in a future version of wandb. This setting is currently non-functional and safely ignored.
[2m[36m(QPlexFocusTrainer pid=138643)[0m /home/pavt1024/vsn/mate/mate/environment.py:105: UserWarning: [33mWARN: Override configuration "reward_type" with `'dense'`.[0m
[2m[36m(QPlexFocusTrainer pid=138643)[0m   gym.logger.warn(f'Override configuration "{prefix}{key}" with `{value!r}`.')
[2m[36m(QPlexFocusTrainer pid=138643)[0m /home/pavt1024/vsn/mate/mate/environment.py:105: UserWarning: [33mWARN: Override configuration "shuffle_entities" with `False`.[0m
[2m[36m(QPlexFocusTrainer pid=138643)[0m   gym.logger.warn(f'Override configuration "{prefix}{key}" with `{value!r}`.')
[2m[36m(QPlexFocusTrainer pid=138643)[0m 2026-08-25 00:46:59,180	INFO simple_q.py:161 -- In multi-agent mode, policies will be optimized sequentially by the multi-GPU optimizer. Consider setting `simple_optimizer=True` if this doesn't work for you.
[2m[36m(QPlexFocusTrainer pid=138643)[0m 2026-08-25 00:46:59,180	INFO trainer.py:864 -- Current log_level is WARN. For more information, set 'log_level': 'INFO' / 'DEBUG' or use the -v and -vv flags.
[2m[36m(RolloutWorker pid=138697)[0m /home/pavt1024/vsn/mate/mate/environment.py:105: UserWarning: [33mWARN: Override configuration "reward_type" with `'dense'`.[0m
[2m[36m(RolloutWorker pid=138697)[0m   gym.logger.warn(f'Override configuration "{prefix}{key}" with `{value!r}`.')
[2m[36m(RolloutWorker pid=138697)[0m /home/pavt1024/vsn/mate/mate/environment.py:105: UserWarning: [33mWARN: Override configuration "shuffle_entities" with `False`.[0m
[2m[36m(RolloutWorker pid=138697)[0m   gym.logger.warn(f'Override configuration "{prefix}{key}" with `{value!r}`.')
[2m[36m(RolloutWorker pid=138696)[0m /home/pavt1024/vsn/mate/mate/environment.py:105: UserWarning: [33mWARN: Override configuration "reward_type" with `'dense'`.[0m
[2m[36m(RolloutWorker pid=138696)[0m   gym.logger.warn(f'Override configuration "{prefix}{key}" with `{value!r}`.')
[2m[36m(RolloutWorker pid=138696)[0m /home/pavt1024/vsn/mate/mate/environment.py:105: UserWarning: [33mWARN: Override configuration "shuffle_entities" with `False`.[0m
[2m[36m(RolloutWorker pid=138696)[0m   gym.logger.warn(f'Override configuration "{prefix}{key}" with `{value!r}`.')
[2m[36m(QPlexFocusTrainer pid=138643)[0m 2026-08-25 00:47:07,681	WARNING util.py:60 -- Install gputil for GPU system monitoring.
[2m[36m(RolloutWorker pid=138696)[0m /home/pavt1024/vsn/mate/ray/rllib/agents/qplex_focus/qplex_policy.py:1734: UserWarning: The given NumPy array is not writable, and PyTorch does not support non-writable tensors. This means writing to this tensor will result in undefined behavior. You may want to copy the array to protect its data or make it writable before converting it to a tensor. This type of warning will be suppressed for the rest of this program. (Triggered internally at ../torch/csrc/utils/tensor_numpy.cpp:199.)
[2m[36m(RolloutWorker pid=138696)[0m   k: torch.as_tensor(v, device=self.device) for k, v in state_dict.items()
[2m[36m(RolloutWorker pid=138697)[0m /home/pavt1024/vsn/mate/ray/rllib/agents/qplex_focus/qplex_policy.py:1734: UserWarning: The given NumPy array is not writable, and PyTorch does not support non-writable tensors. This means writing to this tensor will result in undefined behavior. You may want to copy the array to protect its data or make it writable before converting it to a tensor. This type of warning will be suppressed for the rest of this program. (Triggered internally at ../torch/csrc/utils/tensor_numpy.cpp:199.)
[2m[36m(RolloutWorker pid=138697)[0m   k: torch.as_tensor(v, device=self.device) for k, v in state_dict.items()
2026-08-25 00:47:33,159	ERROR trial_runner.py:876 -- Trial QPLEX_FOCUS_mate-qplex_focus.camera_72f05_00000: Error processing event.
NoneType: None
2026-08-25 00:47:33,162	INFO trial_runner.py:1239 -- Trial QPLEX_FOCUS_mate-qplex_focus.camera_72f05_00000: Attempting to restore trial state from last checkpoint.
2026-08-25 00:47:33,745	INFO trial_runner.py:803 -- starting QPLEX_FOCUS_mate-qplex_focus.camera_72f05_00000
wandb: WARNING `start_method` is deprecated and will be removed in a future version of wandb. This setting is currently non-functional and safely ignored.
[2m[36m(QPlexFocusTrainer pid=138817)[0m /home/pavt1024/vsn/mate/mate/environment.py:105: UserWarning: [33mWARN: Override configuration "reward_type" with `'dense'`.[0m
[2m[36m(QPlexFocusTrainer pid=138817)[0m   gym.logger.warn(f'Override configuration "{prefix}{key}" with `{value!r}`.')
[2m[36m(QPlexFocusTrainer pid=138817)[0m /home/pavt1024/vsn/mate/mate/environment.py:105: UserWarning: [33mWARN: Override configuration "shuffle_entities" with `False`.[0m
[2m[36m(QPlexFocusTrainer pid=138817)[0m   gym.logger.warn(f'Override configuration "{prefix}{key}" with `{value!r}`.')
[2m[36m(QPlexFocusTrainer pid=138817)[0m 2026-08-25 00:47:39,174	INFO simple_q.py:161 -- In multi-agent mode, policies will be optimized sequentially by the multi-GPU optimizer. Consider setting `simple_optimizer=True` if this doesn't work for you.
[2m[36m(QPlexFocusTrainer pid=138817)[0m 2026-08-25 00:47:39,174	INFO trainer.py:864 -- Current log_level is WARN. For more information, set 'log_level': 'INFO' / 'DEBUG' or use the -v and -vv flags.
[2m[36m(RolloutWorker pid=138876)[0m /home/pavt1024/vsn/mate/mate/environment.py:105: UserWarning: [33mWARN: Override configuration "reward_type" with `'dense'`.[0m
[2m[36m(RolloutWorker pid=138876)[0m   gym.logger.warn(f'Override configuration "{prefix}{key}" with `{value!r}`.')
[2m[36m(RolloutWorker pid=138876)[0m /home/pavt1024/vsn/mate/mate/environment.py:105: UserWarning: [33mWARN: Override configuration "shuffle_entities" with `False`.[0m
[2m[36m(RolloutWorker pid=138876)[0m   gym.logger.warn(f'Override configuration "{prefix}{key}" with `{value!r}`.')
[2m[36m(RolloutWorker pid=138877)[0m /home/pavt1024/vsn/mate/mate/environment.py:105: UserWarning: [33mWARN: Override configuration "reward_type" with `'dense'`.[0m
[2m[36m(RolloutWorker pid=138877)[0m   gym.logger.warn(f'Override configuration "{prefix}{key}" with `{value!r}`.')
[2m[36m(RolloutWorker pid=138877)[0m /home/pavt1024/vsn/mate/mate/environment.py:105: UserWarning: [33mWARN: Override configuration "shuffle_entities" with `False`.[0m
[2m[36m(RolloutWorker pid=138877)[0m   gym.logger.warn(f'Override configuration "{prefix}{key}" with `{value!r}`.')
[2m[36m(QPlexFocusTrainer pid=138817)[0m 2026-08-25 00:47:46,926	WARNING util.py:60 -- Install gputil for GPU system monitoring.
[2m[36m(RolloutWorker pid=138876)[0m /home/pavt1024/vsn/mate/ray/rllib/agents/qplex_focus/qplex_policy.py:1734: UserWarning: The given NumPy array is not writable, and PyTorch does not support non-writable tensors. This means writing to this tensor will result in undefined behavior. You may want to copy the array to protect its data or make it writable before converting it to a tensor. This type of warning will be suppressed for the rest of this program. (Triggered internally at ../torch/csrc/utils/tensor_numpy.cpp:199.)
[2m[36m(RolloutWorker pid=138876)[0m   k: torch.as_tensor(v, device=self.device) for k, v in state_dict.items()
[2m[36m(RolloutWorker pid=138877)[0m /home/pavt1024/vsn/mate/ray/rllib/agents/qplex_focus/qplex_policy.py:1734: UserWarning: The given NumPy array is not writable, and PyTorch does not support non-writable tensors. This means writing to this tensor will result in undefined behavior. You may want to copy the array to protect its data or make it writable before converting it to a tensor. This type of warning will be suppressed for the rest of this program. (Triggered internally at ../torch/csrc/utils/tensor_numpy.cpp:199.)
[2m[36m(RolloutWorker pid=138877)[0m   k: torch.as_tensor(v, device=self.device) for k, v in state_dict.items()
2026-08-25 00:48:11,403	ERROR trial_runner.py:876 -- Trial QPLEX_FOCUS_mate-qplex_focus.camera_72f05_00000: Error processing event.
NoneType: None
2026-08-25 00:48:11,406	INFO trial_runner.py:1239 -- Trial QPLEX_FOCUS_mate-qplex_focus.camera_72f05_00000: Attempting to restore trial state from last checkpoint.
2026-08-25 00:48:12,342	INFO trial_runner.py:803 -- starting QPLEX_FOCUS_mate-qplex_focus.camera_72f05_00000
wandb: WARNING `start_method` is deprecated and will be removed in a future version of wandb. This setting is currently non-functional and safely ignored.
[2m[36m(QPlexFocusTrainer pid=139017)[0m /home/pavt1024/vsn/mate/mate/environment.py:105: UserWarning: [33mWARN: Override configuration "reward_type" with `'dense'`.[0m
[2m[36m(QPlexFocusTrainer pid=139017)[0m   gym.logger.warn(f'Override configuration "{prefix}{key}" with `{value!r}`.')
[2m[36m(QPlexFocusTrainer pid=139017)[0m /home/pavt1024/vsn/mate/mate/environment.py:105: UserWarning: [33mWARN: Override configuration "shuffle_entities" with `False`.[0m
[2m[36m(QPlexFocusTrainer pid=139017)[0m   gym.logger.warn(f'Override configuration "{prefix}{key}" with `{value!r}`.')
[2m[36m(QPlexFocusTrainer pid=139017)[0m 2026-08-25 00:48:17,911	INFO simple_q.py:161 -- In multi-agent mode, policies will be optimized sequentially by the multi-GPU optimizer. Consider setting `simple_optimizer=True` if this doesn't work for you.
[2m[36m(QPlexFocusTrainer pid=139017)[0m 2026-08-25 00:48:17,911	INFO trainer.py:864 -- Current log_level is WARN. For more information, set 'log_level': 'INFO' / 'DEBUG' or use the -v and -vv flags.
[2m[36m(RolloutWorker pid=139178)[0m /home/pavt1024/vsn/mate/mate/environment.py:105: UserWarning: [33mWARN: Override configuration "reward_type" with `'dense'`.[0m
[2m[36m(RolloutWorker pid=139178)[0m   gym.logger.warn(f'Override configuration "{prefix}{key}" with `{value!r}`.')
[2m[36m(RolloutWorker pid=139178)[0m /home/pavt1024/vsn/mate/mate/environment.py:105: UserWarning: [33mWARN: Override configuration "shuffle_entities" with `False`.[0m
[2m[36m(RolloutWorker pid=139178)[0m   gym.logger.warn(f'Override configuration "{prefix}{key}" with `{value!r}`.')
[2m[36m(RolloutWorker pid=139179)[0m /home/pavt1024/vsn/mate/mate/environment.py:105: UserWarning: [33mWARN: Override configuration "reward_type" with `'dense'`.[0m
[2m[36m(RolloutWorker pid=139179)[0m   gym.logger.warn(f'Override configuration "{prefix}{key}" with `{value!r}`.')
[2m[36m(RolloutWorker pid=139179)[0m /home/pavt1024/vsn/mate/mate/environment.py:105: UserWarning: [33mWARN: Override configuration "shuffle_entities" with `False`.[0m
[2m[36m(RolloutWorker pid=139179)[0m   gym.logger.warn(f'Override configuration "{prefix}{key}" with `{value!r}`.')
[2m[36m(QPlexFocusTrainer pid=139017)[0m 2026-08-25 00:48:27,295	WARNING util.py:60 -- Install gputil for GPU system monitoring.
[2m[36m(RolloutWorker pid=139178)[0m /home/pavt1024/vsn/mate/ray/rllib/agents/qplex_focus/qplex_policy.py:1734: UserWarning: The given NumPy array is not writable, and PyTorch does not support non-writable tensors. This means writing to this tensor will result in undefined behavior. You may want to copy the array to protect its data or make it writable before converting it to a tensor. This type of warning will be suppressed for the rest of this program. (Triggered internally at ../torch/csrc/utils/tensor_numpy.cpp:199.)
[2m[36m(RolloutWorker pid=139178)[0m   k: torch.as_tensor(v, device=self.device) for k, v in state_dict.items()
[2m[36m(RolloutWorker pid=139179)[0m /home/pavt1024/vsn/mate/ray/rllib/agents/qplex_focus/qplex_policy.py:1734: UserWarning: The given NumPy array is not writable, and PyTorch does not support non-writable tensors. This means writing to this tensor will result in undefined behavior. You may want to copy the array to protect its data or make it writable before converting it to a tensor. This type of warning will be suppressed for the rest of this program. (Triggered internally at ../torch/csrc/utils/tensor_numpy.cpp:199.)
[2m[36m(RolloutWorker pid=139179)[0m   k: torch.as_tensor(v, device=self.device) for k, v in state_dict.items()
2026-08-25 00:48:51,915	ERROR trial_runner.py:876 -- Trial QPLEX_FOCUS_mate-qplex_focus.camera_72f05_00000: Error processing event.
NoneType: None
2026-08-25 00:48:51,919	INFO trial_runner.py:1239 -- Trial QPLEX_FOCUS_mate-qplex_focus.camera_72f05_00000: Attempting to restore trial state from last checkpoint.
2026-08-25 00:48:52,928	INFO trial_runner.py:803 -- starting QPLEX_FOCUS_mate-qplex_focus.camera_72f05_00000
wandb: WARNING `start_method` is deprecated and will be removed in a future version of wandb. This setting is currently non-functional and safely ignored.
[2m[36m(QPlexFocusTrainer pid=139527)[0m /home/pavt1024/vsn/mate/mate/environment.py:105: UserWarning: [33mWARN: Override configuration "reward_type" with `'dense'`.[0m
[2m[36m(QPlexFocusTrainer pid=139527)[0m   gym.logger.warn(f'Override configuration "{prefix}{key}" with `{value!r}`.')
[2m[36m(QPlexFocusTrainer pid=139527)[0m /home/pavt1024/vsn/mate/mate/environment.py:105: UserWarning: [33mWARN: Override configuration "shuffle_entities" with `False`.[0m
[2m[36m(QPlexFocusTrainer pid=139527)[0m   gym.logger.warn(f'Override configuration "{prefix}{key}" with `{value!r}`.')
[2m[36m(QPlexFocusTrainer pid=139527)[0m 2026-08-25 00:48:58,635	INFO simple_q.py:161 -- In multi-agent mode, policies will be optimized sequentially by the multi-GPU optimizer. Consider setting `simple_optimizer=True` if this doesn't work for you.
[2m[36m(QPlexFocusTrainer pid=139527)[0m 2026-08-25 00:48:58,635	INFO trainer.py:864 -- Current log_level is WARN. For more information, set 'log_level': 'INFO' / 'DEBUG' or use the -v and -vv flags.
[2m[36m(RolloutWorker pid=139653)[0m /home/pavt1024/vsn/mate/mate/environment.py:105: UserWarning: [33mWARN: Override configuration "reward_type" with `'dense'`.[0m
[2m[36m(RolloutWorker pid=139653)[0m   gym.logger.warn(f'Override configuration "{prefix}{key}" with `{value!r}`.')
[2m[36m(RolloutWorker pid=139653)[0m /home/pavt1024/vsn/mate/mate/environment.py:105: UserWarning: [33mWARN: Override configuration "shuffle_entities" with `False`.[0m
[2m[36m(RolloutWorker pid=139653)[0m   gym.logger.warn(f'Override configuration "{prefix}{key}" with `{value!r}`.')
[2m[36m(RolloutWorker pid=139652)[0m /home/pavt1024/vsn/mate/mate/environment.py:105: UserWarning: [33mWARN: Override configuration "reward_type" with `'dense'`.[0m
[2m[36m(RolloutWorker pid=139652)[0m   gym.logger.warn(f'Override configuration "{prefix}{key}" with `{value!r}`.')
[2m[36m(RolloutWorker pid=139652)[0m /home/pavt1024/vsn/mate/mate/environment.py:105: UserWarning: [33mWARN: Override configuration "shuffle_entities" with `False`.[0m
[2m[36m(RolloutWorker pid=139652)[0m   gym.logger.warn(f'Override configuration "{prefix}{key}" with `{value!r}`.')
[2m[36m(QPlexFocusTrainer pid=139527)[0m 2026-08-25 00:49:08,154	WARNING util.py:60 -- Install gputil for GPU system monitoring.
[2m[36m(RolloutWorker pid=139653)[0m /home/pavt1024/vsn/mate/ray/rllib/agents/qplex_focus/qplex_policy.py:1734: UserWarning: The given NumPy array is not writable, and PyTorch does not support non-writable tensors. This means writing to this tensor will result in undefined behavior. You may want to copy the array to protect its data or make it writable before converting it to a tensor. This type of warning will be suppressed for the rest of this program. (Triggered internally at ../torch/csrc/utils/tensor_numpy.cpp:199.)
[2m[36m(RolloutWorker pid=139653)[0m   k: torch.as_tensor(v, device=self.device) for k, v in state_dict.items()
[2m[36m(RolloutWorker pid=139652)[0m /home/pavt1024/vsn/mate/ray/rllib/agents/qplex_focus/qplex_policy.py:1734: UserWarning: The given NumPy array is not writable, and PyTorch does not support non-writable tensors. This means writing to this tensor will result in undefined behavior. You may want to copy the array to protect its data or make it writable before converting it to a tensor. This type of warning will be suppressed for the rest of this program. (Triggered internally at ../torch/csrc/utils/tensor_numpy.cpp:199.)
[2m[36m(RolloutWorker pid=139652)[0m   k: torch.as_tensor(v, device=self.device) for k, v in state_dict.items()
2026-08-25 00:49:32,213	ERROR trial_runner.py:876 -- Trial QPLEX_FOCUS_mate-qplex_focus.camera_72f05_00000: Error processing event.
NoneType: None
2026-08-25 00:49:32,215	INFO trial_runner.py:1239 -- Trial QPLEX_FOCUS_mate-qplex_focus.camera_72f05_00000: Attempting to restore trial state from last checkpoint.
2026-08-25 00:49:33,490	INFO trial_runner.py:803 -- starting QPLEX_FOCUS_mate-qplex_focus.camera_72f05_00000
wandb: WARNING `start_method` is deprecated and will be removed in a future version of wandb. This setting is currently non-functional and safely ignored.
[2m[36m(QPlexFocusTrainer pid=139868)[0m /home/pavt1024/vsn/mate/mate/environment.py:105: UserWarning: [33mWARN: Override configuration "reward_type" with `'dense'`.[0m
[2m[36m(QPlexFocusTrainer pid=139868)[0m   gym.logger.warn(f'Override configuration "{prefix}{key}" with `{value!r}`.')
[2m[36m(QPlexFocusTrainer pid=139868)[0m /home/pavt1024/vsn/mate/mate/environment.py:105: UserWarning: [33mWARN: Override configuration "shuffle_entities" with `False`.[0m
[2m[36m(QPlexFocusTrainer pid=139868)[0m   gym.logger.warn(f'Override configuration "{prefix}{key}" with `{value!r}`.')
[2m[36m(QPlexFocusTrainer pid=139868)[0m 2026-08-25 00:49:38,289	INFO simple_q.py:161 -- In multi-agent mode, policies will be optimized sequentially by the multi-GPU optimizer. Consider setting `simple_optimizer=True` if this doesn't work for you.
[2m[36m(QPlexFocusTrainer pid=139868)[0m 2026-08-25 00:49:38,290	INFO trainer.py:864 -- Current log_level is WARN. For more information, set 'log_level': 'INFO' / 'DEBUG' or use the -v and -vv flags.
[2m[36m(RolloutWorker pid=139909)[0m /home/pavt1024/vsn/mate/mate/environment.py:105: UserWarning: [33mWARN: Override configuration "reward_type" with `'dense'`.[0m
[2m[36m(RolloutWorker pid=139909)[0m   gym.logger.warn(f'Override configuration "{prefix}{key}" with `{value!r}`.')
[2m[36m(RolloutWorker pid=139909)[0m /home/pavt1024/vsn/mate/mate/environment.py:105: UserWarning: [33mWARN: Override configuration "shuffle_entities" with `False`.[0m
[2m[36m(RolloutWorker pid=139909)[0m   gym.logger.warn(f'Override configuration "{prefix}{key}" with `{value!r}`.')
[2m[36m(RolloutWorker pid=139908)[0m /home/pavt1024/vsn/mate/mate/environment.py:105: UserWarning: [33mWARN: Override configuration "reward_type" with `'dense'`.[0m
[2m[36m(RolloutWorker pid=139908)[0m   gym.logger.warn(f'Override configuration "{prefix}{key}" with `{value!r}`.')
[2m[36m(RolloutWorker pid=139908)[0m /home/pavt1024/vsn/mate/mate/environment.py:105: UserWarning: [33mWARN: Override configuration "shuffle_entities" with `False`.[0m
[2m[36m(RolloutWorker pid=139908)[0m   gym.logger.warn(f'Override configuration "{prefix}{key}" with `{value!r}`.')
[2m[36m(QPlexFocusTrainer pid=139868)[0m 2026-08-25 00:49:47,824	WARNING util.py:60 -- Install gputil for GPU system monitoring.
[2m[36m(RolloutWorker pid=139908)[0m /home/pavt1024/vsn/mate/ray/rllib/agents/qplex_focus/qplex_policy.py:1734: UserWarning: The given NumPy array is not writable, and PyTorch does not support non-writable tensors. This means writing to this tensor will result in undefined behavior. You may want to copy the array to protect its data or make it writable before converting it to a tensor. This type of warning will be suppressed for the rest of this program. (Triggered internally at ../torch/csrc/utils/tensor_numpy.cpp:199.)
[2m[36m(RolloutWorker pid=139908)[0m   k: torch.as_tensor(v, device=self.device) for k, v in state_dict.items()
[2m[36m(RolloutWorker pid=139909)[0m /home/pavt1024/vsn/mate/ray/rllib/agents/qplex_focus/qplex_policy.py:1734: UserWarning: The given NumPy array is not writable, and PyTorch does not support non-writable tensors. This means writing to this tensor will result in undefined behavior. You may want to copy the array to protect its data or make it writable before converting it to a tensor. This type of warning will be suppressed for the rest of this program. (Triggered internally at ../torch/csrc/utils/tensor_numpy.cpp:199.)
[2m[36m(RolloutWorker pid=139909)[0m   k: torch.as_tensor(v, device=self.device) for k, v in state_dict.items()
*** SIGTERM received at time=1787593805 on cpu 0 ***
*** SIGTERM received at time=1787593805 on cpu 1 ***
*** SIGTERM received at time=1787593805 on cpu 2 ***
*** SIGTERM received at time=1787593805 on cpu 7 ***
*** SIGTERM received at time=1787593805 on cpu 4 ***
*** SIGTERM received at time=1787593805 on cpu 3 ***
*** SIGTERM received at time=1787593805 on cpu 1 ***
*** SIGTERM received at time=1787593805 on cpu 2 ***
*** SIGTERM received at time=1787593805 on cpu 7 ***
PC: @     0x71c539098e51  (unknown)  (unknown)
    @     0x71c539045330  (unknown)  (unknown)
    @     0x71c53909bd6e        224  pthread_cond_timedwait
PC: @     0x71c53911bbca  (unknown)  __read
PC: @     0x71c53911bbca  (unknown)  __read
    @     0x71c539045330  (unknown)  (unknown)
    @     0x71c539045330  (unknown)  (unknown)
PC: @     0x71c53911bbca  (unknown)  __read
    @     0x71c539045330  (unknown)  (unknown)
PC: @     0x71c53911bbca  (unknown)  __read
    @     0x71c539045330  (unknown)  (unknown)
PC: @     0x71c53911bbca  (unknown)  __read
    @     0x71c539045330  (unknown)  (unknown)
PC: @     0x71c53911bbca  (unknown)  __read
    @     0x71c539045330  (unknown)  (unknown)
PC: @     0x71c53911bbca  (unknown)  __read
    @     0x71c539045330  (unknown)  (unknown)
PC: @     0x71c53911bbca  (unknown)  __read
    @     0x71c539045330  (unknown)  (unknown)
    @           0x59f61b  (unknown)  _Py_read
    @           0x59f61b  (unknown)  _Py_read
    @           0x59f61b  (unknown)  _Py_read
    @           0x59f61b  (unknown)  _Py_read
    @           0x59f61b  (unknown)  _Py_read
    @           0x59f61b  (unknown)  _Py_read
    @     0x71c537e1ad13        144  ray::core::GetRequest::Wait()
[2026-08-25 00:50:05,233 E 139528 137261] logging.cc:325: *** SIGTERM received at time=1787593805 on cpu 1 ***
    @           0x59f61b  (unknown)  _Py_read
    @           0x59f61b  (unknown)  _Py_read
[2026-08-25 00:50:05,235 E 139528 137261] logging.cc:325: PC: @     0x71c53911bbca  (unknown)  __read
[2026-08-25 00:50:05,235 E 139869 137261] logging.cc:325: *** SIGTERM received at time=1787593805 on cpu 2 ***
[2026-08-25 00:50:05,236 E 139869 137261] logging.cc:325: PC: @     0x71c53911bbca  (unknown)  __read
[2026-08-25 00:50:05,235 E 138644 137261] logging.cc:325: *** SIGTERM received at time=1787593805 on cpu 7 ***
[2026-08-25 00:50:05,236 E 139528 137261] logging.cc:325:     @     0x71c539045330  (unknown)  (unknown)
[2026-08-25 00:50:05,236 E 139528 137261] logging.cc:325:     @           0x59f61b  (unknown)  _Py_read
[2026-08-25 00:50:05,236 E 138644 137261] logging.cc:325: PC: @     0x71c53911bbca  (unknown)  __read
[2026-08-25 00:50:05,236 E 139869 137261] logging.cc:325:     @     0x71c539045330  (unknown)  (unknown)
[2026-08-25 00:50:05,234 E 139018 137261] logging.cc:325: *** SIGTERM received at time=1787593805 on cpu 3 ***
[2026-08-25 00:50:05,232 E 138818 137261] logging.cc:325: *** SIGTERM received at time=1787593805 on cpu 2 ***
[2026-08-25 00:50:05,236 E 139018 137261] logging.cc:325: PC: @     0x71c53911bbca  (unknown)  __read
[2026-08-25 00:50:05,236 E 138644 137261] logging.cc:325:     @     0x71c539045330  (unknown)  (unknown)
[2026-08-25 00:50:05,236 E 138644 137261] logging.cc:325:     @           0x59f61b  (unknown)  _Py_read
[2026-08-25 00:50:05,236 E 138818 137261] logging.cc:325: PC: @     0x71c53911bbca  (unknown)  __read
[2026-08-25 00:50:05,232 E 138397 137261] logging.cc:325: *** SIGTERM received at time=1787593805 on cpu 7 ***
[2026-08-25 00:50:05,236 E 138818 137261] logging.cc:325:     @     0x71c539045330  (unknown)  (unknown)
[2026-08-25 00:50:05,236 E 139018 137261] logging.cc:325:     @     0x71c539045330  (unknown)  (unknown)
[2026-08-25 00:50:05,236 E 138818 137261] logging.cc:325:     @           0x59f61b  (unknown)  _Py_read
[2026-08-25 00:50:05,236 E 138397 137261] logging.cc:325: PC: @     0x71c53911bbca  (unknown)  __read
[2026-08-25 00:50:05,237 E 139018 137261] logging.cc:325:     @           0x59f61b  (unknown)  _Py_read
[2026-08-25 00:50:05,237 E 138397 137261] logging.cc:325:     @     0x71c539045330  (unknown)  (unknown)
[2026-08-25 00:50:05,232 E 138069 137261] logging.cc:325: *** SIGTERM received at time=1787593805 on cpu 1 ***
[2026-08-25 00:50:05,239 E 139869 137261] logging.cc:325:     @           0x59f61b  (unknown)  _Py_read
[2026-08-25 00:50:05,239 E 138069 137261] logging.cc:325: PC: @     0x71c53911bbca  (unknown)  __read
[2026-08-25 00:50:05,240 E 138069 137261] logging.cc:325:     @     0x71c539045330  (unknown)  (unknown)
[2026-08-25 00:50:05,240 E 138069 137261] logging.cc:325:     @           0x59f61b  (unknown)  _Py_read
[2026-08-25 00:50:05,243 E 138397 137261] logging.cc:325:     @           0x59f61b  (unknown)  _Py_read
    @     0x71c537e1bf07        368  ray::core::CoreWorkerMemoryStore::GetImpl()
[2026-08-25 00:50:05,245 E 137581 137261] logging.cc:325: *** SIGTERM received at time=1787593805 on cpu 4 ***
[2026-08-25 00:50:05,249 E 137581 137261] logging.cc:325: PC: @     0x71c53911bbca  (unknown)  __read
[2026-08-25 00:50:05,249 E 137581 137261] logging.cc:325:     @     0x71c539045330  (unknown)  (unknown)
[2026-08-25 00:50:05,249 E 137581 137261] logging.cc:325:     @           0x59f61b  (unknown)  _Py_read
    @     0x71c537e1cf9e        256  ray::core::CoreWorkerMemoryStore::Wait()
    @     0x71c537d953a7        368  ray::core::CoreWorker::Wait()
    @     0x71c537cca283        288  __pyx_pw_3ray_7_raylet_10CoreWorker_41wait()
    @           0x4f9896  (unknown)  method_vectorcall_VARARGS_KEYWORDS
    @           0x738180  (unknown)  (unknown)
[2026-08-25 00:50:05,312 E 137261 137261] logging.cc:325: *** SIGTERM received at time=1787593805 on cpu 0 ***
[2026-08-25 00:50:05,321 E 137261 137261] logging.cc:325: PC: @     0x71c539098e51  (unknown)  (unknown)
[2026-08-25 00:50:05,322 E 137261 137261] logging.cc:325:     @     0x71c539045330  (unknown)  (unknown)
[2026-08-25 00:50:05,322 E 137261 137261] logging.cc:325:     @     0x71c53909bd6e        224  pthread_cond_timedwait
[2026-08-25 00:50:05,322 E 137261 137261] logging.cc:325:     @     0x71c537e1ad13        144  ray::core::GetRequest::Wait()
[2026-08-25 00:50:05,322 E 137261 137261] logging.cc:325:     @     0x71c537e1bf07        368  ray::core::CoreWorkerMemoryStore::GetImpl()
[2026-08-25 00:50:05,322 E 137261 137261] logging.cc:325:     @     0x71c537e1cf9e        256  ray::core::CoreWorkerMemoryStore::Wait()
[2026-08-25 00:50:05,322 E 137261 137261] logging.cc:325:     @     0x71c537d953a7        368  ray::core::CoreWorker::Wait()
[2026-08-25 00:50:05,322 E 137261 137261] logging.cc:325:     @     0x71c537cca283        288  __pyx_pw_3ray_7_raylet_10CoreWorker_41wait()
[2026-08-25 00:50:05,322 E 137261 137261] logging.cc:325:     @           0x4f9896  (unknown)  method_vectorcall_VARARGS_KEYWORDS
[2026-08-25 00:50:05,336 E 137261 137261] logging.cc:325:     @           0x738180  (unknown)  (unknown)
